stm32f4xx_ll_usart.h:409:22:LL_USART_Enable	16	static
stm32f4xx_ll_usart.h:423:22:LL_USART_Disable	16	static
stm32f4xx_ll_usart.h:496:22:LL_USART_SetTransferDirection	16	static
stm32f4xx_ll_usart.h:849:22:LL_USART_ConfigCharacter	24	static
stm32f4xx_ll_usart.h:1019:22:LL_USART_SetBaudRate	160	static
stm32f4xx_ll_usart.h:1813:26:LL_USART_IsActiveFlag_TXE	16	static
stm32f4xx_ll_usart.h:2425:22:LL_USART_TransmitData8	16	static
stm32f4xx_ll_gpio.h:274:22:LL_GPIO_SetPinMode	40	static,ignoring_inline_asm
stm32f4xx_ll_gpio.h:557:22:LL_GPIO_SetAFPin_0_7	40	static,ignoring_inline_asm
stm32f4xx_ll_bus.h:411:22:LL_AHB1_GRP1_EnableClock	24	static
stm32f4xx_ll_bus.h:1187:22:LL_APB1_GRP1_EnableClock	24	static
main.c:10:5:main	16	static
main.c:23:6:uart_init	8	static
main.c:38:6:uart_write	16	static
