Archive member included to satisfy reference by file (symbol)

c:/st/stm32cubeide_1.7.0/stm32cubeide/plugins/com.st.stm32cube.ide.mcu.externaltools.gnu-tools-for-stm32.9-2020-q2-update.win32_2.0.0.202105311346/tools/bin/../lib/gcc/arm-none-eabi/9.3.1/../../../../arm-none-eabi/lib/thumb/v7e-m+fp/hard\libc_nano.a(lib_a-errno.o)
                              ./Core/Src/syscalls.o (__errno)
c:/st/stm32cubeide_1.7.0/stm32cubeide/plugins/com.st.stm32cube.ide.mcu.externaltools.gnu-tools-for-stm32.9-2020-q2-update.win32_2.0.0.202105311346/tools/bin/../lib/gcc/arm-none-eabi/9.3.1/../../../../arm-none-eabi/lib/thumb/v7e-m+fp/hard\libc_nano.a(lib_a-exit.o)
                              c:/st/stm32cubeide_1.7.0/stm32cubeide/plugins/com.st.stm32cube.ide.mcu.externaltools.gnu-tools-for-stm32.9-2020-q2-update.win32_2.0.0.202105311346/tools/bin/../lib/gcc/arm-none-eabi/9.3.1/../../../../arm-none-eabi/lib/thumb/v7e-m+fp/hard/crt0.o (exit)
c:/st/stm32cubeide_1.7.0/stm32cubeide/plugins/com.st.stm32cube.ide.mcu.externaltools.gnu-tools-for-stm32.9-2020-q2-update.win32_2.0.0.202105311346/tools/bin/../lib/gcc/arm-none-eabi/9.3.1/../../../../arm-none-eabi/lib/thumb/v7e-m+fp/hard\libc_nano.a(lib_a-impure.o)
                              c:/st/stm32cubeide_1.7.0/stm32cubeide/plugins/com.st.stm32cube.ide.mcu.externaltools.gnu-tools-for-stm32.9-2020-q2-update.win32_2.0.0.202105311346/tools/bin/../lib/gcc/arm-none-eabi/9.3.1/../../../../arm-none-eabi/lib/thumb/v7e-m+fp/hard\libc_nano.a(lib_a-exit.o) (_global_impure_ptr)
c:/st/stm32cubeide_1.7.0/stm32cubeide/plugins/com.st.stm32cube.ide.mcu.externaltools.gnu-tools-for-stm32.9-2020-q2-update.win32_2.0.0.202105311346/tools/bin/../lib/gcc/arm-none-eabi/9.3.1/../../../../arm-none-eabi/lib/thumb/v7e-m+fp/hard\libc_nano.a(lib_a-init.o)
                              c:/st/stm32cubeide_1.7.0/stm32cubeide/plugins/com.st.stm32cube.ide.mcu.externaltools.gnu-tools-for-stm32.9-2020-q2-update.win32_2.0.0.202105311346/tools/bin/../lib/gcc/arm-none-eabi/9.3.1/../../../../arm-none-eabi/lib/thumb/v7e-m+fp/hard/crt0.o (__libc_init_array)
c:/st/stm32cubeide_1.7.0/stm32cubeide/plugins/com.st.stm32cube.ide.mcu.externaltools.gnu-tools-for-stm32.9-2020-q2-update.win32_2.0.0.202105311346/tools/bin/../lib/gcc/arm-none-eabi/9.3.1/../../../../arm-none-eabi/lib/thumb/v7e-m+fp/hard\libc_nano.a(lib_a-memset.o)
                              c:/st/stm32cubeide_1.7.0/stm32cubeide/plugins/com.st.stm32cube.ide.mcu.externaltools.gnu-tools-for-stm32.9-2020-q2-update.win32_2.0.0.202105311346/tools/bin/../lib/gcc/arm-none-eabi/9.3.1/../../../../arm-none-eabi/lib/thumb/v7e-m+fp/hard/crt0.o (memset)
c:/st/stm32cubeide_1.7.0/stm32cubeide/plugins/com.st.stm32cube.ide.mcu.externaltools.gnu-tools-for-stm32.9-2020-q2-update.win32_2.0.0.202105311346/tools/bin/../lib/gcc/arm-none-eabi/9.3.1/thumb/v7e-m+fp/hard\libgcc.a(_arm_muldf3.o)
                              ./Core/Src/main.o (__aeabi_dmul)
c:/st/stm32cubeide_1.7.0/stm32cubeide/plugins/com.st.stm32cube.ide.mcu.externaltools.gnu-tools-for-stm32.9-2020-q2-update.win32_2.0.0.202105311346/tools/bin/../lib/gcc/arm-none-eabi/9.3.1/thumb/v7e-m+fp/hard\libgcc.a(_arm_addsubdf3.o)
                              ./Core/Src/main.o (__aeabi_dsub)
c:/st/stm32cubeide_1.7.0/stm32cubeide/plugins/com.st.stm32cube.ide.mcu.externaltools.gnu-tools-for-stm32.9-2020-q2-update.win32_2.0.0.202105311346/tools/bin/../lib/gcc/arm-none-eabi/9.3.1/thumb/v7e-m+fp/hard\libgcc.a(_arm_muldivdf3.o)
                              ./Core/Src/main.o (__aeabi_ddiv)
c:/st/stm32cubeide_1.7.0/stm32cubeide/plugins/com.st.stm32cube.ide.mcu.externaltools.gnu-tools-for-stm32.9-2020-q2-update.win32_2.0.0.202105311346/tools/bin/../lib/gcc/arm-none-eabi/9.3.1/thumb/v7e-m+fp/hard\libgcc.a(_arm_truncdfsf2.o)
                              ./Core/Src/main.o (__aeabi_d2f)

Allocating common symbols
Common symbol       size              file

temp                0x4               ./Core/Src/main.o
val                 0x4               ./Core/Src/main.o

Discarded input sections

 .text          0x0000000000000000        0x0 c:/st/stm32cubeide_1.7.0/stm32cubeide/plugins/com.st.stm32cube.ide.mcu.externaltools.gnu-tools-for-stm32.9-2020-q2-update.win32_2.0.0.202105311346/tools/bin/../lib/gcc/arm-none-eabi/9.3.1/thumb/v7e-m+fp/hard/crti.o
 .data          0x0000000000000000        0x0 c:/st/stm32cubeide_1.7.0/stm32cubeide/plugins/com.st.stm32cube.ide.mcu.externaltools.gnu-tools-for-stm32.9-2020-q2-update.win32_2.0.0.202105311346/tools/bin/../lib/gcc/arm-none-eabi/9.3.1/thumb/v7e-m+fp/hard/crti.o
 .bss           0x0000000000000000        0x0 c:/st/stm32cubeide_1.7.0/stm32cubeide/plugins/com.st.stm32cube.ide.mcu.externaltools.gnu-tools-for-stm32.9-2020-q2-update.win32_2.0.0.202105311346/tools/bin/../lib/gcc/arm-none-eabi/9.3.1/thumb/v7e-m+fp/hard/crti.o
[...]
Memory Configuration

Name             Origin             Length             Attributes
CCMRAM           0x0000000010000000 0x0000000000010000 xrw
RAM              0x0000000020000000 0x0000000000020000 xrw
FLASH            0x0000000008000000 0x0000000000100000 xr
*default*        0x0000000000000000 0xffffffffffffffff

Linker script and memory map

LOAD c:/st/stm32cubeide_1.7.0/stm32cubeide/plugins/com.st.stm32cube.ide.mcu.externaltools.gnu-tools-for-stm32.9-2020-q2-update.win32_2.0.0.202105311346/tools/bin/../lib/gcc/arm-none-eabi/9.3.1/thumb/v7e-m+fp/hard/crti.o
LOAD c:/st/stm32cubeide_1.7.0/stm32cubeide/plugins/com.st.stm32cube.ide.mcu.externaltools.gnu-tools-for-stm32.9-2020-q2-update.win32_2.0.0.202105311346/tools/bin/../lib/gcc/arm-none-eabi/9.3.1/thumb/v7e-m+fp/hard/crtbegin.o
LOAD c:/st/stm32cubeide_1.7.0/stm32cubeide/plugins/com.st.stm32cube.ide.mcu.externaltools.gnu-tools-for-stm32.9-2020-q2-update.win32_2.0.0.202105311346/tools/bin/../lib/gcc/arm-none-eabi/9.3.1/../../../../arm-none-eabi/lib/thumb/v7e-m+fp/hard/crt0.o
LOAD ./ADC_Drivers/Src/stm32f4xx_ll_adc.o
LOAD ./ADC_Drivers/Src/stm32f4xx_ll_exti.o
LOAD ./ADC_Drivers/Src/stm32f4xx_ll_gpio.o
LOAD ./ADC_Drivers/Src/stm32f4xx_ll_rcc.o
LOAD ./ADC_Drivers/Src/stm32f4xx_ll_utils.o
LOAD ./Core/Src/ADC.o
LOAD ./Core/Src/main.o
LOAD ./Core/Src/syscalls.o
LOAD ./Core/Src/sysmem.o
LOAD ./Core/Startup/startup_stm32f407vgtx.o
START GROUP
LOAD c:/st/stm32cubeide_1.7.0/stm32cubeide/plugins/com.st.stm32cube.ide.mcu.externaltools.gnu-tools-for-stm32.9-2020-q2-update.win32_2.0.0.202105311346/tools/bin/../lib/gcc/arm-none-eabi/9.3.1/../../../../arm-none-eabi/lib/thumb/v7e-m+fp/hard\libc_nano.a
LOAD c:/st/stm32cubeide_1.7.0/stm32cubeide/plugins/com.st.stm32cube.ide.mcu.externaltools.gnu-tools-for-stm32.9-2020-q2-update.win32_2.0.0.202105311346/tools/bin/../lib/gcc/arm-none-eabi/9.3.1/../../../../arm-none-eabi/lib/thumb/v7e-m+fp/hard\libm.a
END GROUP
START GROUP
LOAD c:/st/stm32cubeide_1.7.0/stm32cubeide/plugins/com.st.stm32cube.ide.mcu.externaltools.gnu-tools-for-stm32.9-2020-q2-update.win32_2.0.0.202105311346/tools/bin/../lib/gcc/arm-none-eabi/9.3.1/thumb/v7e-m+fp/hard\libgcc.a
LOAD c:/st/stm32cubeide_1.7.0/stm32cubeide/plugins/com.st.stm32cube.ide.mcu.externaltools.gnu-tools-for-stm32.9-2020-q2-update.win32_2.0.0.202105311346/tools/bin/../lib/gcc/arm-none-eabi/9.3.1/../../../../arm-none-eabi/lib/thumb/v7e-m+fp/hard\libc_nano.a
END GROUP
START GROUP
LOAD c:/st/stm32cubeide_1.7.0/stm32cubeide/plugins/com.st.stm32cube.ide.mcu.externaltools.gnu-tools-for-stm32.9-2020-q2-update.win32_2.0.0.202105311346/tools/bin/../lib/gcc/arm-none-eabi/9.3.1/thumb/v7e-m+fp/hard\libgcc.a
LOAD c:/st/stm32cubeide_1.7.0/stm32cubeide/plugins/com.st.stm32cube.ide.mcu.externaltools.gnu-tools-for-stm32.9-2020-q2-update.win32_2.0.0.202105311346/tools/bin/../lib/gcc/arm-none-eabi/9.3.1/../../../../arm-none-eabi/lib/thumb/v7e-m+fp/hard\libc_nano.a
LOAD c:/st/stm32cubeide_1.7.0/stm32cubeide/plugins/com.st.stm32cube.ide.mcu.externaltools.gnu-tools-for-stm32.9-2020-q2-update.win32_2.0.0.202105311346/tools/bin/../lib/gcc/arm-none-eabi/9.3.1/../../../../arm-none-eabi/lib/thumb/v7e-m+fp/hard\libnosys.a
END GROUP
START GROUP
LOAD c:/st/stm32cubeide_1.7.0/stm32cubeide/plugins/com.st.stm32cube.ide.mcu.externaltools.gnu-tools-for-stm32.9-2020-q2-update.win32_2.0.0.202105311346/tools/bin/../lib/gcc/arm-none-eabi/9.3.1/thumb/v7e-m+fp/hard\libgcc.a
LOAD c:/st/stm32cubeide_1.7.0/stm32cubeide/plugins/com.st.stm32cube.ide.mcu.externaltools.gnu-tools-for-stm32.9-2020-q2-update.win32_2.0.0.202105311346/tools/bin/../lib/gcc/arm-none-eabi/9.3.1/../../../../arm-none-eabi/lib/thumb/v7e-m+fp/hard\libc_nano.a
LOAD c:/st/stm32cubeide_1.7.0/stm32cubeide/plugins/com.st.stm32cube.ide.mcu.externaltools.gnu-tools-for-stm32.9-2020-q2-update.win32_2.0.0.202105311346/tools/bin/../lib/gcc/arm-none-eabi/9.3.1/../../../../arm-none-eabi/lib/thumb/v7e-m+fp/hard\libnosys.a
END GROUP
LOAD c:/st/stm32cubeide_1.7.0/stm32cubeide/plugins/com.st.stm32cube.ide.mcu.externaltools.gnu-tools-for-stm32.9-2020-q2-update.win32_2.0.0.202105311346/tools/bin/../lib/gcc/arm-none-eabi/9.3.1/thumb/v7e-m+fp/hard/crtend.o
LOAD c:/st/stm32cubeide_1.7.0/stm32cubeide/plugins/com.st.stm32cube.ide.mcu.externaltools.gnu-tools-for-stm32.9-2020-q2-update.win32_2.0.0.202105311346/tools/bin/../lib/gcc/arm-none-eabi/9.3.1/thumb/v7e-m+fp/hard/crtn.o
                0x0000000020020000                _estack = (ORIGIN (RAM) + LENGTH (RAM))
                0x0000000000000200                _Min_Heap_Size = 0x200
                0x0000000000000400                _Min_Stack_Size = 0x400

.isr_vector     0x0000000008000000      0x1a8
                0x0000000008000000                . = ALIGN (0x4)
 *(.isr_vector)
 .isr_vector    0x0000000008000000      0x1a8 ./Core/Startup/startup_stm32f407vgtx.o
                0x0000000008000000                g_pfnVectors
                0x00000000080001a8                . = ALIGN (0x4)

.text           0x00000000080001a8     0x14d0
                0x00000000080001a8                . = ALIGN (0x4)
 *(.text)
 .text          0x00000000080001a8       0x40 c:/st/stm32cubeide_1.7.0/stm32cubeide/plugins/com.st.stm32cube.ide.mcu.externaltools.gnu-tools-for-stm32.9-2020-q2-update.win32_2.0.0.202105311346/tools/bin/../lib/gcc/arm-none-eabi/9.3.1/thumb/v7e-m+fp/hard/crtbegin.o
 .text          0x00000000080001e8      0x378 c:/st/stm32cubeide_1.7.0/stm32cubeide/plugins/com.st.stm32cube.ide.mcu.externaltools.gnu-tools-for-stm32.9-2020-q2-update.win32_2.0.0.202105311346/tools/bin/../lib/gcc/arm-none-eabi/9.3.1/thumb/v7e-m+fp/hard\libgcc.a(_arm_addsubdf3.o)
                0x00000000080001e8                __aeabi_drsub
                0x00000000080001f0                __aeabi_dsub
                0x00000000080001f0                __subdf3
                0x00000000080001f4                __aeabi_dadd
                0x00000000080001f4                __adddf3
                0x000000000800046c                __floatunsidf
                0x000000000800046c                __aeabi_ui2d
                0x000000000800048c                __floatsidf
                0x000000000800048c                __aeabi_i2d
                0x00000000080004b0                __aeabi_f2d
                0x00000000080004b0                __extendsfdf2
                0x00000000080004f4                __floatundidf
                0x00000000080004f4                __aeabi_ul2d
                0x0000000008000504                __floatdidf
                0x0000000008000504                __aeabi_l2d
 .text          0x0000000008000560      0x424 c:/st/stm32cubeide_1.7.0/stm32cubeide/plugins/com.st.stm32cube.ide.mcu.externaltools.gnu-tools-for-stm32.9-2020-q2-update.win32_2.0.0.202105311346/tools/bin/../lib/gcc/arm-none-eabi/9.3.1/thumb/v7e-m+fp/hard\libgcc.a(_arm_muldivdf3.o)
                0x0000000008000560                __aeabi_dmul
                0x0000000008000560                __muldf3
                0x00000000080007b4                __divdf3
                0x00000000080007b4                __aeabi_ddiv
 .text          0x0000000008000984       0xa0 c:/st/stm32cubeide_1.7.0/stm32cubeide/plugins/com.st.stm32cube.ide.mcu.externaltools.gnu-tools-for-stm32.9-2020-q2-update.win32_2.0.0.202105311346/tools/bin/../lib/gcc/arm-none-eabi/9.3.1/thumb/v7e-m+fp/hard\libgcc.a(_arm_truncdfsf2.o)
                0x0000000008000984                __truncdfsf2
                0x0000000008000984                __aeabi_d2f
 *(.text*)
 .text.LL_ADC_REG_SetSequencerLength
                0x0000000008000a24       0x26 ./ADC_Drivers/Src/stm32f4xx_ll_adc.o
 .text.LL_ADC_IsEnabled
                0x0000000008000a4a       0x26 ./ADC_Drivers/Src/stm32f4xx_ll_adc.o
 .text.LL_ADC_CommonInit
                0x0000000008000a70       0x90 ./ADC_Drivers/Src/stm32f4xx_ll_adc.o
                0x0000000008000a70                LL_ADC_CommonInit
 .text.LL_ADC_Init
                0x0000000008000b00       0x58 ./ADC_Drivers/Src/stm32f4xx_ll_adc.o
                0x0000000008000b00                LL_ADC_Init
 .text.LL_ADC_REG_Init
                0x0000000008000b58       0x84 ./ADC_Drivers/Src/stm32f4xx_ll_adc.o
                0x0000000008000b58                LL_ADC_REG_Init
 .text.LL_GPIO_SetPinMode
                0x0000000008000bdc       0x5e ./ADC_Drivers/Src/stm32f4xx_ll_gpio.o
 .text.LL_GPIO_SetPinOutputType
                0x0000000008000c3a       0x30 ./ADC_Drivers/Src/stm32f4xx_ll_gpio.o
 .text.LL_GPIO_SetPinSpeed
                0x0000000008000c6a       0x5e ./ADC_Drivers/Src/stm32f4xx_ll_gpio.o
 .text.LL_GPIO_SetPinPull
                0x0000000008000cc8       0x5e ./ADC_Drivers/Src/stm32f4xx_ll_gpio.o
 .text.LL_GPIO_SetAFPin_0_7
                0x0000000008000d26       0x5e ./ADC_Drivers/Src/stm32f4xx_ll_gpio.o
 .text.LL_GPIO_SetAFPin_8_15
                0x0000000008000d84       0x62 ./ADC_Drivers/Src/stm32f4xx_ll_gpio.o
 .text.LL_GPIO_Init
                0x0000000008000de6       0xe6 ./ADC_Drivers/Src/stm32f4xx_ll_gpio.o
                0x0000000008000de6                LL_GPIO_Init
 .text.LL_ADC_REG_SetSequencerRanks
                0x0000000008000ecc       0x66 ./Core/Src/ADC.o
 .text.LL_ADC_REG_SetFlagEndOfConversion
                0x0000000008000f32       0x26 ./Core/Src/ADC.o
 .text.LL_ADC_SetChannelSamplingTime
                0x0000000008000f58       0x92 ./Core/Src/ADC.o
 .text.LL_ADC_REG_StartConversionSWStart
                0x0000000008000fea       0x20 ./Core/Src/ADC.o
 .text.LL_ADC_REG_ReadConversionData32
                0x000000000800100a       0x1a ./Core/Src/ADC.o
 .text.LL_ADC_IsActiveFlag_EOCS
                0x0000000008001024       0x26 ./Core/Src/ADC.o
 .text.ADC_Init
                0x000000000800104a       0x34 ./Core/Src/ADC.o
                0x000000000800104a                ADC_Init
 .text.ADC_REG_Init
                0x000000000800107e       0x48 ./Core/Src/ADC.o
                0x000000000800107e                ADC_REG_Init
 *fill*         0x00000000080010c6        0x2 
 .text.ADC_Com_Init
                0x00000000080010c8       0x38 ./Core/Src/ADC.o
                0x00000000080010c8                ADC_Com_Init
 .text.ADC_Channel_Init
                0x0000000008001100       0x28 ./Core/Src/ADC.o
                0x0000000008001100                ADC_Channel_Init
 .text.ADC_Read
                0x0000000008001128       0x2c ./Core/Src/ADC.o
                0x0000000008001128                ADC_Read
 .text.LL_GPIO_SetPinMode
                0x0000000008001154       0x5e ./Core/Src/main.o
 .text.LL_GPIO_SetOutputPin
                0x00000000080011b2       0x1c ./Core/Src/main.o
 .text.LL_GPIO_ResetOutputPin
                0x00000000080011ce       0x1e ./Core/Src/main.o
 .text.LL_GPIO_TogglePin
                0x00000000080011ec       0x32 ./Core/Src/main.o
 .text.LL_ADC_Enable
                0x000000000800121e       0x20 ./Core/Src/main.o
 .text.LL_ADC_REG_StartConversionSWStart
                0x000000000800123e       0x20 ./Core/Src/main.o
 .text.LL_ADC_REG_ReadConversionData32
                0x000000000800125e       0x1a ./Core/Src/main.o
 .text.LL_ADC_IsActiveFlag_OVR
                0x0000000008001278       0x26 ./Core/Src/main.o
 .text.LL_ADC_ClearFlag_EOCS
                0x000000000800129e       0x1c ./Core/Src/main.o
 *fill*         0x00000000080012ba        0x2 
 .text.LL_AHB1_GRP1_EnableClock
                0x00000000080012bc       0x30 ./Core/Src/main.o
 .text.LL_APB2_GRP1_EnableClock
                0x00000000080012ec       0x30 ./Core/Src/main.o
 .text.LL_EXTI_IsActiveFlag_0_31
                0x000000000800131c       0x2c ./Core/Src/main.o
 .text.LL_EXTI_ClearFlag_0_31
                0x0000000008001348       0x20 ./Core/Src/main.o
 .text.main     0x0000000008001368      0x138 ./Core/Src/main.o
                0x0000000008001368                main
 .text.GPIO_Init
                0x00000000080014a0       0x5e ./Core/Src/main.o
                0x00000000080014a0                GPIO_Init
 .text.GPIO_Write
                0x00000000080014fe       0x2c ./Core/Src/main.o
                0x00000000080014fe                GPIO_Write
 *fill*         0x000000000800152a        0x2 
 .text.EXTI0_IRQHandler
                0x000000000800152c       0x24 ./Core/Src/main.o
                0x000000000800152c                EXTI0_IRQHandler
 .text.ADC_IRQHandler
                0x0000000008001550       0x74 ./Core/Src/main.o
                0x0000000008001550                ADC_IRQHandler
 .text.Reset_Handler
                0x00000000080015c4       0x50 ./Core/Startup/startup_stm32f407vgtx.o
                0x00000000080015c4                Reset_Handler
 .text.Default_Handler
                0x0000000008001614        0x2 ./Core/Startup/startup_stm32f407vgtx.o
                0x0000000008001614                RTC_Alarm_IRQHandler
                0x0000000008001614                HASH_RNG_IRQHandler
                0x0000000008001614                EXTI2_IRQHandler
                0x0000000008001614                TIM8_CC_IRQHandler
                0x0000000008001614                DebugMon_Handler
                0x0000000008001614                TIM1_CC_IRQHandler
                0x0000000008001614                DMA2_Stream5_IRQHandler
                0x0000000008001614                HardFault_Handler
                0x0000000008001614                DMA1_Stream5_IRQHandler
                0x0000000008001614                SysTick_Handler
                0x0000000008001614                PVD_IRQHandler
                0x0000000008001614                SDIO_IRQHandler
                0x0000000008001614                TAMP_STAMP_IRQHandler
                0x0000000008001614                PendSV_Handler
                0x0000000008001614                NMI_Handler
                0x0000000008001614                CAN2_RX1_IRQHandler
                0x0000000008001614                EXTI3_IRQHandler
                0x0000000008001614                TIM8_TRG_COM_TIM14_IRQHandler
                0x0000000008001614                TIM1_UP_TIM10_IRQHandler
                0x0000000008001614                TIM8_UP_TIM13_IRQHandler
                0x0000000008001614                I2C3_ER_IRQHandler
                0x0000000008001614                LCD_TFT_IRQHandler
                0x0000000008001614                I2C2_EV_IRQHandler
                0x0000000008001614                DMA1_Stream2_IRQHandler
                0x0000000008001614                CAN1_RX0_IRQHandler
                0x0000000008001614                FPU_IRQHandler
                0x0000000008001614                OTG_HS_WKUP_IRQHandler
                0x0000000008001614                UsageFault_Handler
                0x0000000008001614                CAN2_SCE_IRQHandler
                0x0000000008001614                DMA2_Stream2_IRQHandler
                0x0000000008001614                SPI1_IRQHandler
                0x0000000008001614                TIM6_DAC_IRQHandler
                0x0000000008001614                TIM1_BRK_TIM9_IRQHandler
                0x0000000008001614                DCMI_IRQHandler
                0x0000000008001614                CAN2_RX0_IRQHandler
                0x0000000008001614                DMA2_Stream3_IRQHandler
                0x0000000008001614                USART6_IRQHandler
                0x0000000008001614                USART3_IRQHandler
                0x0000000008001614                CRYP_IRQHandler
                0x0000000008001614                CAN1_RX1_IRQHandler
                0x0000000008001614                UART5_IRQHandler
                0x0000000008001614                DMA2_Stream0_IRQHandler
                0x0000000008001614                TIM4_IRQHandler
                0x0000000008001614                I2C1_EV_IRQHandler
                0x0000000008001614                DMA1_Stream6_IRQHandler
                0x0000000008001614                DMA1_Stream1_IRQHandler
                0x0000000008001614                UART4_IRQHandler
                0x0000000008001614                LCD_TFT_1_IRQHandler
                0x0000000008001614                TIM3_IRQHandler
                0x0000000008001614                RCC_IRQHandler
                0x0000000008001614                TIM8_BRK_TIM12_IRQHandler
                0x0000000008001614                Default_Handler
                0x0000000008001614                EXTI15_10_IRQHandler
                0x0000000008001614                DMA1_Stream7_IRQHandler
                0x0000000008001614                TIM7_IRQHandler
                0x0000000008001614                CAN2_TX_IRQHandler
                0x0000000008001614                TIM5_IRQHandler
                0x0000000008001614                DMA2_Stream7_IRQHandler
                0x0000000008001614                I2C3_EV_IRQHandler
                0x0000000008001614                EXTI9_5_IRQHandler
                0x0000000008001614                RTC_WKUP_IRQHandler
                0x0000000008001614                ETH_WKUP_IRQHandler
                0x0000000008001614                SPI2_IRQHandler
                0x0000000008001614                OTG_HS_EP1_IN_IRQHandler
                0x0000000008001614                MemManage_Handler
                0x0000000008001614                DMA1_Stream0_IRQHandler
                0x0000000008001614                CAN1_TX_IRQHandler
                0x0000000008001614                SVC_Handler
                0x0000000008001614                EXTI4_IRQHandler
                0x0000000008001614                FSMC_IRQHandler
                0x0000000008001614                ETH_IRQHandler
                0x0000000008001614                OTG_HS_EP1_OUT_IRQHandler
                0x0000000008001614                WWDG_IRQHandler
                0x0000000008001614                TIM2_IRQHandler
                0x0000000008001614                OTG_FS_WKUP_IRQHandler
                0x0000000008001614                TIM1_TRG_COM_TIM11_IRQHandler
                0x0000000008001614                OTG_HS_IRQHandler
                0x0000000008001614                EXTI1_IRQHandler
                0x0000000008001614                USART2_IRQHandler
                0x0000000008001614                I2C2_ER_IRQHandler
                0x0000000008001614                DMA2_Stream1_IRQHandler
                0x0000000008001614                CAN1_SCE_IRQHandler
                0x0000000008001614                DMA2_Stream4_IRQHandler
                0x0000000008001614                BusFault_Handler
                0x0000000008001614                USART1_IRQHandler
                0x0000000008001614                OTG_FS_IRQHandler
                0x0000000008001614                SPI3_IRQHandler
                0x0000000008001614                DMA1_Stream4_IRQHandler
                0x0000000008001614                I2C1_ER_IRQHandler
                0x0000000008001614                DMA2_Stream6_IRQHandler
                0x0000000008001614                DMA1_Stream3_IRQHandler
 *fill*         0x0000000008001616        0x2 
 .text.__libc_init_array
                0x0000000008001618       0x48 c:/st/stm32cubeide_1.7.0/stm32cubeide/plugins/com.st.stm32cube.ide.mcu.externaltools.gnu-tools-for-stm32.9-2020-q2-update.win32_2.0.0.202105311346/tools/bin/../lib/gcc/arm-none-eabi/9.3.1/../../../../arm-none-eabi/lib/thumb/v7e-m+fp/hard\libc_nano.a(lib_a-init.o)
                0x0000000008001618                __libc_init_array
 *(.glue_7)
 .glue_7        0x0000000008001660        0x0 linker stubs
 *(.glue_7t)
 .glue_7t       0x0000000008001660        0x0 linker stubs
 *(.eh_frame)
 .eh_frame      0x0000000008001660        0x0 c:/st/stm32cubeide_1.7.0/stm32cubeide/plugins/com.st.stm32cube.ide.mcu.externaltools.gnu-tools-for-stm32.9-2020-q2-update.win32_2.0.0.202105311346/tools/bin/../lib/gcc/arm-none-eabi/9.3.1/thumb/v7e-m+fp/hard/crtbegin.o
 *(.init)
 .init          0x0000000008001660        0x4 c:/st/stm32cubeide_1.7.0/stm32cubeide/plugins/com.st.stm32cube.ide.mcu.externaltools.gnu-tools-for-stm32.9-2020-q2-update.win32_2.0.0.202105311346/tools/bin/../lib/gcc/arm-none-eabi/9.3.1/thumb/v7e-m+fp/hard/crti.o
                0x0000000008001660                _init
 .init          0x0000000008001664        0x8 c:/st/stm32cubeide_1.7.0/stm32cubeide/plugins/com.st.stm32cube.ide.mcu.externaltools.gnu-tools-for-stm32.9-2020-q2-update.win32_2.0.0.202105311346/tools/bin/../lib/gcc/arm-none-eabi/9.3.1/thumb/v7e-m+fp/hard/crtn.o
 *(.fini)
 .fini          0x000000000800166c        0x4 c:/st/stm32cubeide_1.7.0/stm32cubeide/plugins/com.st.stm32cube.ide.mcu.externaltools.gnu-tools-for-stm32.9-2020-q2-update.win32_2.0.0.202105311346/tools/bin/../lib/gcc/arm-none-eabi/9.3.1/thumb/v7e-m+fp/hard/crti.o
                0x000000000800166c                _fini
 .fini          0x0000000008001670        0x8 c:/st/stm32cubeide_1.7.0/stm32cubeide/plugins/com.st.stm32cube.ide.mcu.externaltools.gnu-tools-for-stm32.9-2020-q2-update.win32_2.0.0.202105311346/tools/bin/../lib/gcc/arm-none-eabi/9.3.1/thumb/v7e-m+fp/hard/crtn.o
                0x0000000008001678                . = ALIGN (0x4)
                0x0000000008001678                _etext = .

.vfp11_veneer   0x0000000008001678        0x0
 .vfp11_veneer  0x0000000008001678        0x0 linker stubs

.v4_bx          0x0000000008001678        0x0
 .v4_bx         0x0000000008001678        0x0 linker stubs

.iplt           0x0000000008001678        0x0
 .iplt          0x0000000008001678        0x0 c:/st/stm32cubeide_1.7.0/stm32cubeide/plugins/com.st.stm32cube.ide.mcu.externaltools.gnu-tools-for-stm32.9-2020-q2-update.win32_2.0.0.202105311346/tools/bin/../lib/gcc/arm-none-eabi/9.3.1/thumb/v7e-m+fp/hard/crtbegin.o

.rel.dyn        0x0000000008001678        0x0
 .rel.iplt      0x0000000008001678        0x0 c:/st/stm32cubeide_1.7.0/stm32cubeide/plugins/com.st.stm32cube.ide.mcu.externaltools.gnu-tools-for-stm32.9-2020-q2-update.win32_2.0.0.202105311346/tools/bin/../lib/gcc/arm-none-eabi/9.3.1/thumb/v7e-m+fp/hard/crtbegin.o

.rodata         0x0000000008001678        0x0
                0x0000000008001678                . = ALIGN (0x4)
 *(.rodata)
 *(.rodata*)
                0x0000000008001678                . = ALIGN (0x4)

.ARM.extab      0x0000000008001678        0x0
                0x0000000008001678                . = ALIGN (0x4)
 *(.ARM.extab* .gnu.linkonce.armextab.*)
                0x0000000008001678                . = ALIGN (0x4)

.ARM            0x0000000008001678        0x0
                0x0000000008001678                . = ALIGN (0x4)
                0x0000000008001678                __exidx_start = .
 *(.ARM.exidx*)
                0x0000000008001678                __exidx_end = .
                0x0000000008001678                . = ALIGN (0x4)

.preinit_array  0x0000000008001678        0x0
                0x0000000008001678                . = ALIGN (0x4)
                0x0000000008001678                PROVIDE (__preinit_array_start = .)
 *(.preinit_array*)
                0x0000000008001678                PROVIDE (__preinit_array_end = .)
                0x0000000008001678                . = ALIGN (0x4)

.init_array     0x0000000008001678        0x4
                0x0000000008001678                . = ALIGN (0x4)
                0x0000000008001678                PROVIDE (__init_array_start = .)
 *(SORT_BY_NAME(.init_array.*))
 *(.init_array*)
 .init_array    0x0000000008001678        0x4 c:/st/stm32cubeide_1.7.0/stm32cubeide/plugins/com.st.stm32cube.ide.mcu.externaltools.gnu-tools-for-stm32.9-2020-q2-update.win32_2.0.0.202105311346/tools/bin/../lib/gcc/arm-none-eabi/9.3.1/thumb/v7e-m+fp/hard/crtbegin.o
                0x000000000800167c                PROVIDE (__init_array_end = .)
                0x000000000800167c                . = ALIGN (0x4)

.fini_array     0x000000000800167c        0x4
                0x000000000800167c                . = ALIGN (0x4)
                [!provide]                        PROVIDE (__fini_array_start = .)
 *(SORT_BY_NAME(.fini_array.*))
 *(.fini_array*)
 .fini_array    0x000000000800167c        0x4 c:/st/stm32cubeide_1.7.0/stm32cubeide/plugins/com.st.stm32cube.ide.mcu.externaltools.gnu-tools-for-stm32.9-2020-q2-update.win32_2.0.0.202105311346/tools/bin/../lib/gcc/arm-none-eabi/9.3.1/thumb/v7e-m+fp/hard/crtbegin.o
                [!provide]                        PROVIDE (__fini_array_end = .)
                0x0000000008001680                . = ALIGN (0x4)
                0x0000000008001680                _sidata = LOADADDR (.data)

.data           0x0000000020000000        0x0 load address 0x0000000008001680
                0x0000000020000000                . = ALIGN (0x4)
                0x0000000020000000                _sdata = .
 *(.data)
 *(.data*)
 *(.RamFunc)
 *(.RamFunc*)
                0x0000000020000000                . = ALIGN (0x4)
                0x0000000020000000                _edata = .
                0x0000000008001680                _siccmram = LOADADDR (.ccmram)

.igot.plt       0x0000000020000000        0x0 load address 0x0000000008001680
 .igot.plt      0x0000000020000000        0x0 c:/st/stm32cubeide_1.7.0/stm32cubeide/plugins/com.st.stm32cube.ide.mcu.externaltools.gnu-tools-for-stm32.9-2020-q2-update.win32_2.0.0.202105311346/tools/bin/../lib/gcc/arm-none-eabi/9.3.1/thumb/v7e-m+fp/hard/crtbegin.o

.ccmram         0x0000000010000000        0x0 load address 0x0000000008001680
                0x0000000010000000                . = ALIGN (0x4)
                0x0000000010000000                _sccmram = .
 *(.ccmram)
 *(.ccmram*)
                0x0000000010000000                . = ALIGN (0x4)
                0x0000000010000000                _eccmram = .
                0x0000000010000000                . = ALIGN (0x4)

.bss            0x0000000020000000       0x24
                0x0000000020000000                _sbss = .
                0x0000000020000000                __bss_start__ = _sbss
 *(.bss)
 .bss           0x0000000020000000       0x1c c:/st/stm32cubeide_1.7.0/stm32cubeide/plugins/com.st.stm32cube.ide.mcu.externaltools.gnu-tools-for-stm32.9-2020-q2-update.win32_2.0.0.202105311346/tools/bin/../lib/gcc/arm-none-eabi/9.3.1/thumb/v7e-m+fp/hard/crtbegin.o
 *(.bss*)
 *(COMMON)
 COMMON         0x000000002000001c        0x8 ./Core/Src/main.o
                0x000000002000001c                temp
                0x0000000020000020                val
                0x0000000020000024                . = ALIGN (0x4)
                0x0000000020000024                _ebss = .
                0x0000000020000024                __bss_end__ = _ebss

._user_heap_stack
                0x0000000020000024      0x604
                0x0000000020000028                . = ALIGN (0x8)
 *fill*         0x0000000020000024        0x4 
                [!provide]                        PROVIDE (end = .)
                0x0000000020000028                PROVIDE (_end = .)
                0x0000000020000228                . = (. + _Min_Heap_Size)
 *fill*         0x0000000020000028      0x200 
                0x0000000020000628                . = (. + _Min_Stack_Size)
 *fill*         0x0000000020000228      0x400 
                0x0000000020000628                . = ALIGN (0x8)

/DISCARD/
 libc.a(*)
 libm.a(*)
 libgcc.a(*)

.ARM.attributes
                0x0000000000000000       0x30
 *(.ARM.attributes)
 .ARM.attributes
                0x0000000000000000       0x1e c:/st/stm32cubeide_1.7.0/stm32cubeide/plugins/com.st.stm32cube.ide.mcu.externaltools.gnu-tools-for-stm32.9-2020-q2-update.win32_2.0.0.202105311346/tools/bin/../lib/gcc/arm-none-eabi/9.3.1/thumb/v7e-m+fp/hard/crti.o
 .ARM.attributes
                0x000000000000001e       0x34 c:/st/stm32cubeide_1.7.0/stm32cubeide/plugins/com.st.stm32cube.ide.mcu.externaltools.gnu-tools-for-stm32.9-2020-q2-update.win32_2.0.0.202105311346/tools/bin/../lib/gcc/arm-none-eabi/9.3.1/thumb/v7e-m+fp/hard/crtbegin.o
 .ARM.attributes
                0x0000000000000052       0x34 ./ADC_Drivers/Src/stm32f4xx_ll_adc.o
 .ARM.attributes
                0x0000000000000086       0x34 ./ADC_Drivers/Src/stm32f4xx_ll_gpio.o
 .ARM.attributes
                0x00000000000000ba       0x34 ./Core/Src/ADC.o
 .ARM.attributes
                0x00000000000000ee       0x34 ./Core/Src/main.o
 .ARM.attributes
                0x0000000000000122       0x21 ./Core/Startup/startup_stm32f407vgtx.o
 .ARM.attributes
                0x0000000000000143       0x34 c:/st/stm32cubeide_1.7.0/stm32cubeide/plugins/com.st.stm32cube.ide.mcu.externaltools.gnu-tools-for-stm32.9-2020-q2-update.win32_2.0.0.202105311346/tools/bin/../lib/gcc/arm-none-eabi/9.3.1/../../../../arm-none-eabi/lib/thumb/v7e-m+fp/hard\libc_nano.a(lib_a-init.o)
 .ARM.attributes
                0x0000000000000177       0x1e c:/st/stm32cubeide_1.7.0/stm32cubeide/plugins/com.st.stm32cube.ide.mcu.externaltools.gnu-tools-for-stm32.9-2020-q2-update.win32_2.0.0.202105311346/tools/bin/../lib/gcc/arm-none-eabi/9.3.1/thumb/v7e-m+fp/hard\libgcc.a(_arm_addsubdf3.o)
 .ARM.attributes
                0x0000000000000195       0x1e c:/st/stm32cubeide_1.7.0/stm32cubeide/plugins/com.st.stm32cube.ide.mcu.externaltools.gnu-tools-for-stm32.9-2020-q2-update.win32_2.0.0.202105311346/tools/bin/../lib/gcc/arm-none-eabi/9.3.1/thumb/v7e-m+fp/hard\libgcc.a(_arm_muldivdf3.o)
 .ARM.attributes
                0x00000000000001b3       0x1e c:/st/stm32cubeide_1.7.0/stm32cubeide/plugins/com.st.stm32cube.ide.mcu.externaltools.gnu-tools-for-stm32.9-2020-q2-update.win32_2.0.0.202105311346/tools/bin/../lib/gcc/arm-none-eabi/9.3.1/thumb/v7e-m+fp/hard\libgcc.a(_arm_truncdfsf2.o)
 .ARM.attributes
                0x00000000000001d1       0x1e c:/st/stm32cubeide_1.7.0/stm32cubeide/plugins/com.st.stm32cube.ide.mcu.externaltools.gnu-tools-for-stm32.9-2020-q2-update.win32_2.0.0.202105311346/tools/bin/../lib/gcc/arm-none-eabi/9.3.1/thumb/v7e-m+fp/hard/crtn.o
OUTPUT(ADC.elf elf32-littlearm)
LOAD linker stubs
LOAD c:/st/stm32cubeide_1.7.0/stm32cubeide/plugins/com.st.stm32cube.ide.mcu.externaltools.gnu-tools-for-stm32.9-2020-q2-update.win32_2.0.0.202105311346/tools/bin/../lib/gcc/arm-none-eabi/9.3.1/../../../../arm-none-eabi/lib/thumb/v7e-m+fp/hard\libc.a
LOAD c:/st/stm32cubeide_1.7.0/stm32cubeide/plugins/com.st.stm32cube.ide.mcu.externaltools.gnu-tools-for-stm32.9-2020-q2-update.win32_2.0.0.202105311346/tools/bin/../lib/gcc/arm-none-eabi/9.3.1/../../../../arm-none-eabi/lib/thumb/v7e-m+fp/hard\libm.a
LOAD c:/st/stm32cubeide_1.7.0/stm32cubeide/plugins/com.st.stm32cube.ide.mcu.externaltools.gnu-tools-for-stm32.9-2020-q2-update.win32_2.0.0.202105311346/tools/bin/../lib/gcc/arm-none-eabi/9.3.1/thumb/v7e-m+fp/hard\libgcc.a

.debug_info     0x0000000000000000     0x2a14
 .debug_info    0x0000000000000000      0x985 ./ADC_Drivers/Src/stm32f4xx_ll_adc.o
 .debug_info    0x0000000000000985      0x8be ./ADC_Drivers/Src/stm32f4xx_ll_gpio.o
 .debug_info    0x0000000000001243      0xdb4 ./Core/Src/ADC.o
 .debug_info    0x0000000000001ff7      0x9fb ./Core/Src/main.o
 .debug_info    0x00000000000029f2       0x22 ./Core/Startup/startup_stm32f407vgtx.o

.debug_abbrev   0x0000000000000000      0x95d
 .debug_abbrev  0x0000000000000000      0x1c2 ./ADC_Drivers/Src/stm32f4xx_ll_adc.o
 .debug_abbrev  0x00000000000001c2      0x23b ./ADC_Drivers/Src/stm32f4xx_ll_gpio.o
 .debug_abbrev  0x00000000000003fd      0x287 ./Core/Src/ADC.o
 .debug_abbrev  0x0000000000000684      0x2c7 ./Core/Src/main.o
 .debug_abbrev  0x000000000000094b       0x12 ./Core/Startup/startup_stm32f407vgtx.o

.debug_aranges  0x0000000000000000      0x278
 .debug_aranges
                0x0000000000000000       0xa8 ./ADC_Drivers/Src/stm32f4xx_ll_adc.o
 .debug_aranges
                0x00000000000000a8       0x70 ./ADC_Drivers/Src/stm32f4xx_ll_gpio.o
 .debug_aranges
                0x0000000000000118       0x90 ./Core/Src/ADC.o
 .debug_aranges
                0x00000000000001a8       0xa8 ./Core/Src/main.o
 .debug_aranges
                0x0000000000000250       0x28 ./Core/Startup/startup_stm32f407vgtx.o

.debug_ranges   0x0000000000000000      0x230
 .debug_ranges  0x0000000000000000       0x98 ./ADC_Drivers/Src/stm32f4xx_ll_adc.o
 .debug_ranges  0x0000000000000098       0x60 ./ADC_Drivers/Src/stm32f4xx_ll_gpio.o
 .debug_ranges  0x00000000000000f8       0x80 ./Core/Src/ADC.o
 .debug_ranges  0x0000000000000178       0x98 ./Core/Src/main.o
 .debug_ranges  0x0000000000000210       0x20 ./Core/Startup/startup_stm32f407vgtx.o

.debug_macro    0x0000000000000000    0x19f99
 .debug_macro   0x0000000000000000      0x16e ./ADC_Drivers/Src/stm32f4xx_ll_adc.o
 .debug_macro   0x000000000000016e      0xaa8 ./ADC_Drivers/Src/stm32f4xx_ll_adc.o
 .debug_macro   0x0000000000000c16       0x2e ./ADC_Drivers/Src/stm32f4xx_ll_adc.o
 .debug_macro   0x0000000000000c44       0x2f ./ADC_Drivers/Src/stm32f4xx_ll_adc.o
 .debug_macro   0x0000000000000c73       0x22 ./ADC_Drivers/Src/stm32f4xx_ll_adc.o
 .debug_macro   0x0000000000000c95       0x8e ./ADC_Drivers/Src/stm32f4xx_ll_adc.o
 .debug_macro   0x0000000000000d23       0x51 ./ADC_Drivers/Src/stm32f4xx_ll_adc.o
 .debug_macro   0x0000000000000d74      0x103 ./ADC_Drivers/Src/stm32f4xx_ll_adc.o
 .debug_macro   0x0000000000000e77       0x6a ./ADC_Drivers/Src/stm32f4xx_ll_adc.o
 .debug_macro   0x0000000000000ee1      0x1df ./ADC_Drivers/Src/stm32f4xx_ll_adc.o
 .debug_macro   0x00000000000010c0       0x1c ./ADC_Drivers/Src/stm32f4xx_ll_adc.o
 .debug_macro   0x00000000000010dc       0x22 ./ADC_Drivers/Src/stm32f4xx_ll_adc.o
 .debug_macro   0x00000000000010fe       0xdf ./ADC_Drivers/Src/stm32f4xx_ll_adc.o
 .debug_macro   0x00000000000011dd     0x102d ./ADC_Drivers/Src/stm32f4xx_ll_adc.o
 .debug_macro   0x000000000000220a      0x11f ./ADC_Drivers/Src/stm32f4xx_ll_adc.o
 .debug_macro   0x0000000000002329    0x15e3c ./ADC_Drivers/Src/stm32f4xx_ll_adc.o
 .debug_macro   0x0000000000018165       0x43 ./ADC_Drivers/Src/stm32f4xx_ll_adc.o
 .debug_macro   0x00000000000181a8      0xb4e ./ADC_Drivers/Src/stm32f4xx_ll_adc.o
 .debug_macro   0x0000000000018cf6      0x1d5 ./ADC_Drivers/Src/stm32f4xx_ll_adc.o
 .debug_macro   0x0000000000018ecb      0x110 ./ADC_Drivers/Src/stm32f4xx_ll_gpio.o
 .debug_macro   0x0000000000018fdb      0x143 ./ADC_Drivers/Src/stm32f4xx_ll_gpio.o
 .debug_macro   0x000000000001911e      0x107 ./Core/Src/ADC.o
 .debug_macro   0x0000000000019225      0xb54 ./Core/Src/ADC.o
 .debug_macro   0x0000000000019d79       0xe8 ./Core/Src/ADC.o
 .debug_macro   0x0000000000019e61       0x16 ./Core/Src/ADC.o
 .debug_macro   0x0000000000019e77      0x122 ./Core/Src/main.o

.debug_line     0x0000000000000000     0x1ef7
 .debug_line    0x0000000000000000      0x796 ./ADC_Drivers/Src/stm32f4xx_ll_adc.o
 .debug_line    0x0000000000000796      0x7c8 ./ADC_Drivers/Src/stm32f4xx_ll_gpio.o
 .debug_line    0x0000000000000f5e      0x75e ./Core/Src/ADC.o
 .debug_line    0x00000000000016bc      0x7b2 ./Core/Src/main.o
 .debug_line    0x0000000000001e6e       0x89 ./Core/Startup/startup_stm32f407vgtx.o

.debug_str      0x0000000000000000    0x95669
 .debug_str     0x0000000000000000    0x92b2d ./ADC_Drivers/Src/stm32f4xx_ll_adc.o
                                      0x92cd0 (size before relaxing)
 .debug_str     0x0000000000092b2d      0xe93 ./ADC_Drivers/Src/stm32f4xx_ll_gpio.o
                                      0x89796 (size before relaxing)
 .debug_str     0x00000000000939c0      0xc30 ./Core/Src/ADC.o
                                      0x91b10 (size before relaxing)
 .debug_str     0x00000000000945f0     0x1043 ./Core/Src/main.o
                                      0x9244f (size before relaxing)
 .debug_str     0x0000000000095633       0x36 ./Core/Startup/startup_stm32f407vgtx.o
                                         0x99 (size before relaxing)

.comment        0x0000000000000000       0x53
 .comment       0x0000000000000000       0x53 ./ADC_Drivers/Src/stm32f4xx_ll_adc.o
                                         0x54 (size before relaxing)
 .comment       0x0000000000000053       0x54 ./ADC_Drivers/Src/stm32f4xx_ll_gpio.o
 .comment       0x0000000000000053       0x54 ./Core/Src/ADC.o
 .comment       0x0000000000000053       0x54 ./Core/Src/main.o

.debug_frame    0x0000000000000000      0xae8
 .debug_frame   0x0000000000000000      0x2cc ./ADC_Drivers/Src/stm32f4xx_ll_adc.o
 .debug_frame   0x00000000000002cc      0x1c0 ./ADC_Drivers/Src/stm32f4xx_ll_gpio.o
 .debug_frame   0x000000000000048c      0x250 ./Core/Src/ADC.o
 .debug_frame   0x00000000000006dc      0x2c0 ./Core/Src/main.o
 .debug_frame   0x000000000000099c       0x2c c:/st/stm32cubeide_1.7.0/stm32cubeide/plugins/com.st.stm32cube.ide.mcu.externaltools.gnu-tools-for-stm32.9-2020-q2-update.win32_2.0.0.202105311346/tools/bin/../lib/gcc/arm-none-eabi/9.3.1/../../../../arm-none-eabi/lib/thumb/v7e-m+fp/hard\libc_nano.a(lib_a-init.o)
 .debug_frame   0x00000000000009c8       0xac c:/st/stm32cubeide_1.7.0/stm32cubeide/plugins/com.st.stm32cube.ide.mcu.externaltools.gnu-tools-for-stm32.9-2020-q2-update.win32_2.0.0.202105311346/tools/bin/../lib/gcc/arm-none-eabi/9.3.1/thumb/v7e-m+fp/hard\libgcc.a(_arm_addsubdf3.o)
 .debug_frame   0x0000000000000a74       0x50 c:/st/stm32cubeide_1.7.0/stm32cubeide/plugins/com.st.stm32cube.ide.mcu.externaltools.gnu-tools-for-stm32.9-2020-q2-update.win32_2.0.0.202105311346/tools/bin/../lib/gcc/arm-none-eabi/9.3.1/thumb/v7e-m+fp/hard\libgcc.a(_arm_muldivdf3.o)
 .debug_frame   0x0000000000000ac4       0x24 c:/st/stm32cubeide_1.7.0/stm32cubeide/plugins/com.st.stm32cube.ide.mcu.externaltools.gnu-tools-for-stm32.9-2020-q2-update.win32_2.0.0.202105311346/tools/bin/../lib/gcc/arm-none-eabi/9.3.1/thumb/v7e-m+fp/hard\libgcc.a(_arm_truncdfsf2.o)
