Archive member included to satisfy reference by file (symbol)

c:/st/stm32cubeide_1.7.0/stm32cubeide/plugins/com.st.stm32cube.ide.mcu.externaltools.gnu-tools-for-stm32.9-2020-q2-update.win32_2.0.0.202105311346/tools/bin/../lib/gcc/arm-none-eabi/9.3.1/../../../../arm-none-eabi/lib/thumb/v7e-m+fp/hard\libc_nano.a(lib_a-errno.o)
                              ./Core/Src/syscalls.o (__errno)
c:/st/stm32cubeide_1.7.0/stm32cubeide/plugins/com.st.stm32cube.ide.mcu.externaltools.gnu-tools-for-stm32.9-2020-q2-update.win32_2.0.0.202105311346/tools/bin/../lib/gcc/arm-none-eabi/9.3.1/../../../../arm-none-eabi/lib/thumb/v7e-m+fp/hard\libc_nano.a(lib_a-exit.o)
                              c:/st/stm32cubeide_1.7.0/stm32cubeide/plugins/com.st.stm32cube.ide.mcu.externaltools.gnu-tools-for-stm32.9-2020-q2-update.win32_2.0.0.202105311346/tools/bin/../lib/gcc/arm-none-eabi/9.3.1/../../../../arm-none-eabi/lib/thumb/v7e-m+fp/hard/crt0.o (exit)
c:/st/stm32cubeide_1.7.0/stm32cubeide/plugins/com.st.stm32cube.ide.mcu.externaltools.gnu-tools-for-stm32.9-2020-q2-update.win32_2.0.0.202105311346/tools/bin/../lib/gcc/arm-none-eabi/9.3.1/../../../../arm-none-eabi/lib/thumb/v7e-m+fp/hard\libc_nano.a(lib_a-impure.o)
                              c:/st/stm32cubeide_1.7.0/stm32cubeide/plugins/com.st.stm32cube.ide.mcu.externaltools.gnu-tools-for-stm32.9-2020-q2-update.win32_2.0.0.202105311346/tools/bin/../lib/gcc/arm-none-eabi/9.3.1/../../../../arm-none-eabi/lib/thumb/v7e-m+fp/hard\libc_nano.a(lib_a-exit.o) (_global_impure_ptr)
c:/st/stm32cubeide_1.7.0/stm32cubeide/plugins/com.st.stm32cube.ide.mcu.externaltools.gnu-tools-for-stm32.9-2020-q2-update.win32_2.0.0.202105311346/tools/bin/../lib/gcc/arm-none-eabi/9.3.1/../../../../arm-none-eabi/lib/thumb/v7e-m+fp/hard\libc_nano.a(lib_a-init.o)
                              c:/st/stm32cubeide_1.7.0/stm32cubeide/plugins/com.st.stm32cube.ide.mcu.externaltools.gnu-tools-for-stm32.9-2020-q2-update.win32_2.0.0.202105311346/tools/bin/../lib/gcc/arm-none-eabi/9.3.1/../../../../arm-none-eabi/lib/thumb/v7e-m+fp/hard/crt0.o (__libc_init_array)
c:/st/stm32cubeide_1.7.0/stm32cubeide/plugins/com.st.stm32cube.ide.mcu.externaltools.gnu-tools-for-stm32.9-2020-q2-update.win32_2.0.0.202105311346/tools/bin/../lib/gcc/arm-none-eabi/9.3.1/../../../../arm-none-eabi/lib/thumb/v7e-m+fp/hard\libc_nano.a(lib_a-memset.o)
                              c:/st/stm32cubeide_1.7.0/stm32cubeide/plugins/com.st.stm32cube.ide.mcu.externaltools.gnu-tools-for-stm32.9-2020-q2-update.win32_2.0.0.202105311346/tools/bin/../lib/gcc/arm-none-eabi/9.3.1/../../../../arm-none-eabi/lib/thumb/v7e-m+fp/hard/crt0.o (memset)

Allocating common symbols
Common symbol       size              file

temp                0x4               ./Core/Src/main.o
val                 0x4               ./Core/Src/main.o

Discarded input sections

 .text          0x0000000000000000        0x0 c:/st/stm32cubeide_1.7.0/stm32cubeide/plugins/com.st.stm32cube.ide.mcu.externaltools.gnu-tools-for-stm32.9-2020-q2-update.win32_2.0.0.202105311346/tools/bin/../lib/gcc/arm-none-eabi/9.3.1/thumb/v7e-m+fp/hard/crti.o
 .data          0x0000000000000000        0x0 c:/st/stm32cubeide_1.7.0/stm32cubeide/plugins/com.st.stm32cube.ide.mcu.externaltools.gnu-tools-for-stm32.9-2020-q2-update.win32_2.0.0.202105311346/tools/bin/../lib/gcc/arm-none-eabi/9.3.1/thumb/v7e-m+fp/hard/crti.o
 .bss           0x0000000000000000        0x0 c:/st/stm32cubeide_1.7.0/stm32cubeide/plugins/com.st.stm32cube.ide.mcu.externaltools.gnu-tools-for-stm32.9-2020-q2-update.win32_2.0.0.202105311346/tools/bin/../lib/gcc/arm-none-eabi/9.3.1/thumb/v7e-m+fp/hard/crti.o
 .data          0x0000000000000000        0x4 c:/st/stm32cubeide_1.7.0/stm32cubeide/plugins/com.st.stm32cube.ide.mcu.externaltools.gnu-tools-for-stm32.9-2020-q2-update.win32_2.0.0.202105311346/tools/bin/../lib/gcc/arm-none-eabi/9.3.1/thumb/v7e-m+fp/hard/crtbegin.o
 .text          0x0000000000000000       0x7c c:/st/stm32cubeide_1.7.0/stm32cubeide/plugins/com.st.stm32cube.ide.mcu.externaltools.gnu-tools-for-stm32.9-2020-q2-update.win32_2.0.0.202105311346/tools/bin/../lib/gcc/arm-none-eabi/9.3.1/../../../../arm-none-eabi/lib/thumb/v7e-m+fp/hard/crt0.o
 .data          0x0000000000000000        0x0 c:/st/stm32cubeide_1.7.0/stm32cubeide/plugins/com.st.stm32cube.ide.mcu.externaltools.gnu-tools-for-stm32.9-2020-q2-update.win32_2.0.0.202105311346/tools/bin/../lib/gcc/arm-none-eabi/9.3.1/../../../../arm-none-eabi/lib/thumb/v7e-m+fp/hard/crt0.o
 .bss           0x0000000000000000        0x0 c:/st/stm32cubeide_1.7.0/stm32cubeide/plugins/com.st.stm32cube.ide.mcu.externaltools.gnu-tools-for-stm32.9-2020-q2-update.win32_2.0.0.202105311346/tools/bin/../lib/gcc/arm-none-eabi/9.3.1/../../../../arm-none-eabi/lib/thumb/v7e-m+fp/hard/crt0.o
 .ARM.extab     0x0000000000000000        0x0 c:/st/stm32cubeide_1.7.0/stm32cubeide/plugins/com.st.stm32cube.ide.mcu.externaltools.gnu-tools-for-stm32.9-2020-q2-update.win32_2.0.0.202105311346/tools/bin/../lib/gcc/arm-none-eabi/9.3.1/../../../../arm-none-eabi/lib/thumb/v7e-m+fp/hard/crt0.o
 .ARM.exidx     0x0000000000000000       0x10 c:/st/stm32cubeide_1.7.0/stm32cubeide/plugins/com.st.stm32cube.ide.mcu.externaltools.gnu-tools-for-stm32.9-2020-q2-update.win32_2.0.0.202105311346/tools/bin/../lib/gcc/arm-none-eabi/9.3.1/../../../../arm-none-eabi/lib/thumb/v7e-m+fp/hard/crt0.o
 .ARM.attributes
                0x0000000000000000       0x1c c:/st/stm32cubeide_1.7.0/stm32cubeide/plugins/com.st.stm32cube.ide.mcu.externaltools.gnu-tools-for-stm32.9-2020-q2-update.win32_2.0.0.202105311346/tools/bin/../lib/gcc/arm-none-eabi/9.3.1/../../../../arm-none-eabi/lib/thumb/v7e-m+fp/hard/crt0.o
 .group         0x0000000000000000        0xc ./ADC_Drivers/Src/stm32f4xx_ll_adc.o
 .group         0x0000000000000000        0xc ./ADC_Drivers/Src/stm32f4xx_ll_adc.o
 .group         0x0000000000000000        0xc ./ADC_Drivers/Src/stm32f4xx_ll_adc.o
 .group         0x0000000000000000        0xc ./ADC_Drivers/Src/stm32f4xx_ll_adc.o
 .group         0x0000000000000000        0xc ./ADC_Drivers/Src/stm32f4xx_ll_adc.o
 .group         0x0000000000000000        0xc ./ADC_Drivers/Src/stm32f4xx_ll_adc.o
 .group         0x0000000000000000        0xc ./ADC_Drivers/Src/stm32f4xx_ll_adc.o
 .group         0x0000000000000000        0xc ./ADC_Drivers/Src/stm32f4xx_ll_adc.o
 .group         0x0000000000000000        0xc ./ADC_Drivers/Src/stm32f4xx_ll_adc.o
 .group         0x0000000000000000        0xc ./ADC_Drivers/Src/stm32f4xx_ll_adc.o
 .group         0x0000000000000000        0xc ./ADC_Drivers/Src/stm32f4xx_ll_adc.o
 .group         0x0000000000000000        0xc ./ADC_Drivers/Src/stm32f4xx_ll_adc.o
 .group         0x0000000000000000        0xc ./ADC_Drivers/Src/stm32f4xx_ll_adc.o
 .group         0x0000000000000000        0xc ./ADC_Drivers/Src/stm32f4xx_ll_adc.o
 .group         0x0000000000000000        0xc ./ADC_Drivers/Src/stm32f4xx_ll_adc.o
 .group         0x0000000000000000        0xc ./ADC_Drivers/Src/stm32f4xx_ll_adc.o
 .group         0x0000000000000000        0xc ./ADC_Drivers/Src/stm32f4xx_ll_adc.o
 .group         0x0000000000000000        0xc ./ADC_Drivers/Src/stm32f4xx_ll_adc.o
 .text          0x0000000000000000        0x0 ./ADC_Drivers/Src/stm32f4xx_ll_adc.o
 .data          0x0000000000000000        0x0 ./ADC_Drivers/Src/stm32f4xx_ll_adc.o
 .bss           0x0000000000000000        0x0 ./ADC_Drivers/Src/stm32f4xx_ll_adc.o
 .text.LL_ADC_REG_SetTriggerSource
                0x0000000000000000       0x2a ./ADC_Drivers/Src/stm32f4xx_ll_adc.o
 .text.LL_ADC_INJ_SetTriggerSource
                0x0000000000000000       0x2a ./ADC_Drivers/Src/stm32f4xx_ll_adc.o
 .text.LL_ADC_INJ_SetSequencerLength
                0x0000000000000000       0x26 ./ADC_Drivers/Src/stm32f4xx_ll_adc.o
 .text.LL_ADC_Disable
                0x0000000000000000       0x20 ./ADC_Drivers/Src/stm32f4xx_ll_adc.o
 .text.LL_APB2_GRP1_ForceReset
                0x0000000000000000       0x24 ./ADC_Drivers/Src/stm32f4xx_ll_adc.o
 .text.LL_APB2_GRP1_ReleaseReset
                0x0000000000000000       0x28 ./ADC_Drivers/Src/stm32f4xx_ll_adc.o
 .text.LL_ADC_CommonDeInit
                0x0000000000000000       0x22 ./ADC_Drivers/Src/stm32f4xx_ll_adc.o
 .text.LL_ADC_CommonStructInit
                0x0000000000000000       0x2c ./ADC_Drivers/Src/stm32f4xx_ll_adc.o
 .text.LL_ADC_DeInit
                0x0000000000000000      0x11c ./ADC_Drivers/Src/stm32f4xx_ll_adc.o
 .text.LL_ADC_StructInit
                0x0000000000000000       0x28 ./ADC_Drivers/Src/stm32f4xx_ll_adc.o
 .text.LL_ADC_REG_StructInit
                0x0000000000000000       0x32 ./ADC_Drivers/Src/stm32f4xx_ll_adc.o
 .text.LL_ADC_INJ_Init
                0x0000000000000000       0x80 ./ADC_Drivers/Src/stm32f4xx_ll_adc.o
 .text.LL_ADC_INJ_StructInit
                0x0000000000000000       0x2c ./ADC_Drivers/Src/stm32f4xx_ll_adc.o
 .group         0x0000000000000000        0xc ./ADC_Drivers/Src/stm32f4xx_ll_exti.o
 .group         0x0000000000000000        0xc ./ADC_Drivers/Src/stm32f4xx_ll_exti.o
 .group         0x0000000000000000        0xc ./ADC_Drivers/Src/stm32f4xx_ll_exti.o
 .group         0x0000000000000000        0xc ./ADC_Drivers/Src/stm32f4xx_ll_exti.o
 .group         0x0000000000000000        0xc ./ADC_Drivers/Src/stm32f4xx_ll_exti.o
 .group         0x0000000000000000        0xc ./ADC_Drivers/Src/stm32f4xx_ll_exti.o
 .group         0x0000000000000000        0xc ./ADC_Drivers/Src/stm32f4xx_ll_exti.o
 .group         0x0000000000000000        0xc ./ADC_Drivers/Src/stm32f4xx_ll_exti.o
 .group         0x0000000000000000        0xc ./ADC_Drivers/Src/stm32f4xx_ll_exti.o
 .group         0x0000000000000000        0xc ./ADC_Drivers/Src/stm32f4xx_ll_exti.o
 .group         0x0000000000000000        0xc ./ADC_Drivers/Src/stm32f4xx_ll_exti.o
 .group         0x0000000000000000        0xc ./ADC_Drivers/Src/stm32f4xx_ll_exti.o
 .group         0x0000000000000000        0xc ./ADC_Drivers/Src/stm32f4xx_ll_exti.o
 .group         0x0000000000000000        0xc ./ADC_Drivers/Src/stm32f4xx_ll_exti.o
 .group         0x0000000000000000        0xc ./ADC_Drivers/Src/stm32f4xx_ll_exti.o
 .group         0x0000000000000000        0xc ./ADC_Drivers/Src/stm32f4xx_ll_exti.o
 .group         0x0000000000000000        0xc ./ADC_Drivers/Src/stm32f4xx_ll_exti.o
 .text          0x0000000000000000        0x0 ./ADC_Drivers/Src/stm32f4xx_ll_exti.o
 .data          0x0000000000000000        0x0 ./ADC_Drivers/Src/stm32f4xx_ll_exti.o
 .bss           0x0000000000000000        0x0 ./ADC_Drivers/Src/stm32f4xx_ll_exti.o
 .text.LL_EXTI_EnableIT_0_31
                0x0000000000000000       0x24 ./ADC_Drivers/Src/stm32f4xx_ll_exti.o
 .text.LL_EXTI_DisableIT_0_31
                0x0000000000000000       0x28 ./ADC_Drivers/Src/stm32f4xx_ll_exti.o
 .text.LL_EXTI_EnableEvent_0_31
                0x0000000000000000       0x24 ./ADC_Drivers/Src/stm32f4xx_ll_exti.o
 .text.LL_EXTI_DisableEvent_0_31
                0x0000000000000000       0x28 ./ADC_Drivers/Src/stm32f4xx_ll_exti.o
 .text.LL_EXTI_EnableRisingTrig_0_31
                0x0000000000000000       0x24 ./ADC_Drivers/Src/stm32f4xx_ll_exti.o
 .text.LL_EXTI_DisableRisingTrig_0_31
                0x0000000000000000       0x28 ./ADC_Drivers/Src/stm32f4xx_ll_exti.o
 .text.LL_EXTI_EnableFallingTrig_0_31
                0x0000000000000000       0x24 ./ADC_Drivers/Src/stm32f4xx_ll_exti.o
 .text.LL_EXTI_DisableFallingTrig_0_31
                0x0000000000000000       0x28 ./ADC_Drivers/Src/stm32f4xx_ll_exti.o
 .text.LL_EXTI_DeInit
                0x0000000000000000       0x3c ./ADC_Drivers/Src/stm32f4xx_ll_exti.o
 .text.LL_EXTI_Init
                0x0000000000000000      0x102 ./ADC_Drivers/Src/stm32f4xx_ll_exti.o
 .text.LL_EXTI_StructInit
                0x0000000000000000       0x2c ./ADC_Drivers/Src/stm32f4xx_ll_exti.o
 .debug_info    0x0000000000000000      0x3dc ./ADC_Drivers/Src/stm32f4xx_ll_exti.o
 .debug_abbrev  0x0000000000000000      0x1c2 ./ADC_Drivers/Src/stm32f4xx_ll_exti.o
 .debug_aranges
                0x0000000000000000       0x70 ./ADC_Drivers/Src/stm32f4xx_ll_exti.o
 .debug_ranges  0x0000000000000000       0x60 ./ADC_Drivers/Src/stm32f4xx_ll_exti.o
 .debug_macro   0x0000000000000000       0xf5 ./ADC_Drivers/Src/stm32f4xx_ll_exti.o
 .debug_macro   0x0000000000000000      0xaa8 ./ADC_Drivers/Src/stm32f4xx_ll_exti.o
 .debug_macro   0x0000000000000000       0x2e ./ADC_Drivers/Src/stm32f4xx_ll_exti.o
 .debug_macro   0x0000000000000000       0x2f ./ADC_Drivers/Src/stm32f4xx_ll_exti.o
 .debug_macro   0x0000000000000000       0x22 ./ADC_Drivers/Src/stm32f4xx_ll_exti.o
 .debug_macro   0x0000000000000000       0x8e ./ADC_Drivers/Src/stm32f4xx_ll_exti.o
 .debug_macro   0x0000000000000000       0x51 ./ADC_Drivers/Src/stm32f4xx_ll_exti.o
 .debug_macro   0x0000000000000000      0x103 ./ADC_Drivers/Src/stm32f4xx_ll_exti.o
 .debug_macro   0x0000000000000000       0x6a ./ADC_Drivers/Src/stm32f4xx_ll_exti.o
 .debug_macro   0x0000000000000000      0x1df ./ADC_Drivers/Src/stm32f4xx_ll_exti.o
 .debug_macro   0x0000000000000000       0x1c ./ADC_Drivers/Src/stm32f4xx_ll_exti.o
 .debug_macro   0x0000000000000000       0x22 ./ADC_Drivers/Src/stm32f4xx_ll_exti.o
 .debug_macro   0x0000000000000000       0xdf ./ADC_Drivers/Src/stm32f4xx_ll_exti.o
 .debug_macro   0x0000000000000000     0x102d ./ADC_Drivers/Src/stm32f4xx_ll_exti.o
 .debug_macro   0x0000000000000000      0x11f ./ADC_Drivers/Src/stm32f4xx_ll_exti.o
 .debug_macro   0x0000000000000000    0x15e3c ./ADC_Drivers/Src/stm32f4xx_ll_exti.o
 .debug_macro   0x0000000000000000       0x43 ./ADC_Drivers/Src/stm32f4xx_ll_exti.o
 .debug_macro   0x0000000000000000       0xe2 ./ADC_Drivers/Src/stm32f4xx_ll_exti.o
 .debug_line    0x0000000000000000      0x66d ./ADC_Drivers/Src/stm32f4xx_ll_exti.o
 .debug_str     0x0000000000000000    0x8841c ./ADC_Drivers/Src/stm32f4xx_ll_exti.o
 .comment       0x0000000000000000       0x54 ./ADC_Drivers/Src/stm32f4xx_ll_exti.o
 .debug_frame   0x0000000000000000      0x1bc ./ADC_Drivers/Src/stm32f4xx_ll_exti.o
 .ARM.attributes
                0x0000000000000000       0x34 ./ADC_Drivers/Src/stm32f4xx_ll_exti.o
 .group         0x0000000000000000        0xc ./ADC_Drivers/Src/stm32f4xx_ll_gpio.o
 .group         0x0000000000000000        0xc ./ADC_Drivers/Src/stm32f4xx_ll_gpio.o
 .group         0x0000000000000000        0xc ./ADC_Drivers/Src/stm32f4xx_ll_gpio.o
 .group         0x0000000000000000        0xc ./ADC_Drivers/Src/stm32f4xx_ll_gpio.o
 .group         0x0000000000000000        0xc ./ADC_Drivers/Src/stm32f4xx_ll_gpio.o
 .group         0x0000000000000000        0xc ./ADC_Drivers/Src/stm32f4xx_ll_gpio.o
 .group         0x0000000000000000        0xc ./ADC_Drivers/Src/stm32f4xx_ll_gpio.o
 .group         0x0000000000000000        0xc ./ADC_Drivers/Src/stm32f4xx_ll_gpio.o
 .group         0x0000000000000000        0xc ./ADC_Drivers/Src/stm32f4xx_ll_gpio.o
 .group         0x0000000000000000        0xc ./ADC_Drivers/Src/stm32f4xx_ll_gpio.o
 .group         0x0000000000000000        0xc ./ADC_Drivers/Src/stm32f4xx_ll_gpio.o
 .group         0x0000000000000000        0xc ./ADC_Drivers/Src/stm32f4xx_ll_gpio.o
 .group         0x0000000000000000        0xc ./ADC_Drivers/Src/stm32f4xx_ll_gpio.o
 .group         0x0000000000000000        0xc ./ADC_Drivers/Src/stm32f4xx_ll_gpio.o
 .group         0x0000000000000000        0xc ./ADC_Drivers/Src/stm32f4xx_ll_gpio.o
 .group         0x0000000000000000        0xc ./ADC_Drivers/Src/stm32f4xx_ll_gpio.o
 .group         0x0000000000000000        0xc ./ADC_Drivers/Src/stm32f4xx_ll_gpio.o
 .group         0x0000000000000000        0xc ./ADC_Drivers/Src/stm32f4xx_ll_gpio.o
 .text          0x0000000000000000        0x0 ./ADC_Drivers/Src/stm32f4xx_ll_gpio.o
 .data          0x0000000000000000        0x0 ./ADC_Drivers/Src/stm32f4xx_ll_gpio.o
 .bss           0x0000000000000000        0x0 ./ADC_Drivers/Src/stm32f4xx_ll_gpio.o
 .text.LL_GPIO_SetPinMode
                0x0000000000000000       0x5e ./ADC_Drivers/Src/stm32f4xx_ll_gpio.o
 .text.LL_GPIO_SetPinOutputType
                0x0000000000000000       0x30 ./ADC_Drivers/Src/stm32f4xx_ll_gpio.o
 .text.LL_GPIO_SetPinSpeed
                0x0000000000000000       0x5e ./ADC_Drivers/Src/stm32f4xx_ll_gpio.o
 .text.LL_GPIO_SetPinPull
                0x0000000000000000       0x5e ./ADC_Drivers/Src/stm32f4xx_ll_gpio.o
 .text.LL_GPIO_SetAFPin_0_7
                0x0000000000000000       0x5e ./ADC_Drivers/Src/stm32f4xx_ll_gpio.o
 .text.LL_GPIO_SetAFPin_8_15
                0x0000000000000000       0x62 ./ADC_Drivers/Src/stm32f4xx_ll_gpio.o
 .text.LL_AHB1_GRP1_ForceReset
                0x0000000000000000       0x24 ./ADC_Drivers/Src/stm32f4xx_ll_gpio.o
 .text.LL_AHB1_GRP1_ReleaseReset
                0x0000000000000000       0x28 ./ADC_Drivers/Src/stm32f4xx_ll_gpio.o
 .text.LL_GPIO_DeInit
                0x0000000000000000      0x108 ./ADC_Drivers/Src/stm32f4xx_ll_gpio.o
 .text.LL_GPIO_Init
                0x0000000000000000       0xe6 ./ADC_Drivers/Src/stm32f4xx_ll_gpio.o
 .text.LL_GPIO_StructInit
                0x0000000000000000       0x3a ./ADC_Drivers/Src/stm32f4xx_ll_gpio.o
 .debug_info    0x0000000000000000      0x8be ./ADC_Drivers/Src/stm32f4xx_ll_gpio.o
 .debug_abbrev  0x0000000000000000      0x23b ./ADC_Drivers/Src/stm32f4xx_ll_gpio.o
 .debug_aranges
                0x0000000000000000       0x70 ./ADC_Drivers/Src/stm32f4xx_ll_gpio.o
 .debug_ranges  0x0000000000000000       0x60 ./ADC_Drivers/Src/stm32f4xx_ll_gpio.o
 .debug_macro   0x0000000000000000      0x110 ./ADC_Drivers/Src/stm32f4xx_ll_gpio.o
 .debug_macro   0x0000000000000000      0xaa8 ./ADC_Drivers/Src/stm32f4xx_ll_gpio.o
 .debug_macro   0x0000000000000000       0x2e ./ADC_Drivers/Src/stm32f4xx_ll_gpio.o
 .debug_macro   0x0000000000000000       0x2f ./ADC_Drivers/Src/stm32f4xx_ll_gpio.o
 .debug_macro   0x0000000000000000       0x22 ./ADC_Drivers/Src/stm32f4xx_ll_gpio.o
 .debug_macro   0x0000000000000000       0x8e ./ADC_Drivers/Src/stm32f4xx_ll_gpio.o
 .debug_macro   0x0000000000000000       0x51 ./ADC_Drivers/Src/stm32f4xx_ll_gpio.o
 .debug_macro   0x0000000000000000      0x103 ./ADC_Drivers/Src/stm32f4xx_ll_gpio.o
 .debug_macro   0x0000000000000000       0x6a ./ADC_Drivers/Src/stm32f4xx_ll_gpio.o
 .debug_macro   0x0000000000000000      0x1df ./ADC_Drivers/Src/stm32f4xx_ll_gpio.o
 .debug_macro   0x0000000000000000       0x1c ./ADC_Drivers/Src/stm32f4xx_ll_gpio.o
 .debug_macro   0x0000000000000000       0x22 ./ADC_Drivers/Src/stm32f4xx_ll_gpio.o
 .debug_macro   0x0000000000000000       0xdf ./ADC_Drivers/Src/stm32f4xx_ll_gpio.o
 .debug_macro   0x0000000000000000     0x102d ./ADC_Drivers/Src/stm32f4xx_ll_gpio.o
 .debug_macro   0x0000000000000000      0x11f ./ADC_Drivers/Src/stm32f4xx_ll_gpio.o
 .debug_macro   0x0000000000000000    0x15e3c ./ADC_Drivers/Src/stm32f4xx_ll_gpio.o
 .debug_macro   0x0000000000000000       0x43 ./ADC_Drivers/Src/stm32f4xx_ll_gpio.o
 .debug_macro   0x0000000000000000      0x143 ./ADC_Drivers/Src/stm32f4xx_ll_gpio.o
 .debug_macro   0x0000000000000000      0x1d5 ./ADC_Drivers/Src/stm32f4xx_ll_gpio.o
 .debug_line    0x0000000000000000      0x7c8 ./ADC_Drivers/Src/stm32f4xx_ll_gpio.o
 .debug_str     0x0000000000000000    0x89796 ./ADC_Drivers/Src/stm32f4xx_ll_gpio.o
 .comment       0x0000000000000000       0x54 ./ADC_Drivers/Src/stm32f4xx_ll_gpio.o
 .debug_frame   0x0000000000000000      0x1c0 ./ADC_Drivers/Src/stm32f4xx_ll_gpio.o
 .ARM.attributes
                0x0000000000000000       0x34 ./ADC_Drivers/Src/stm32f4xx_ll_gpio.o
 .group         0x0000000000000000        0xc ./ADC_Drivers/Src/stm32f4xx_ll_rcc.o
 .group         0x0000000000000000        0xc ./ADC_Drivers/Src/stm32f4xx_ll_rcc.o
 .group         0x0000000000000000        0xc ./ADC_Drivers/Src/stm32f4xx_ll_rcc.o
 .group         0x0000000000000000        0xc ./ADC_Drivers/Src/stm32f4xx_ll_rcc.o
 .group         0x0000000000000000        0xc ./ADC_Drivers/Src/stm32f4xx_ll_rcc.o
 .group         0x0000000000000000        0xc ./ADC_Drivers/Src/stm32f4xx_ll_rcc.o
 .group         0x0000000000000000        0xc ./ADC_Drivers/Src/stm32f4xx_ll_rcc.o
 .group         0x0000000000000000        0xc ./ADC_Drivers/Src/stm32f4xx_ll_rcc.o
 .group         0x0000000000000000        0xc ./ADC_Drivers/Src/stm32f4xx_ll_rcc.o
 .group         0x0000000000000000        0xc ./ADC_Drivers/Src/stm32f4xx_ll_rcc.o
 .group         0x0000000000000000        0xc ./ADC_Drivers/Src/stm32f4xx_ll_rcc.o
 .group         0x0000000000000000        0xc ./ADC_Drivers/Src/stm32f4xx_ll_rcc.o
 .group         0x0000000000000000        0xc ./ADC_Drivers/Src/stm32f4xx_ll_rcc.o
 .group         0x0000000000000000        0xc ./ADC_Drivers/Src/stm32f4xx_ll_rcc.o
 .group         0x0000000000000000        0xc ./ADC_Drivers/Src/stm32f4xx_ll_rcc.o
 .group         0x0000000000000000        0xc ./ADC_Drivers/Src/stm32f4xx_ll_rcc.o
 .group         0x0000000000000000        0xc ./ADC_Drivers/Src/stm32f4xx_ll_rcc.o
 .text          0x0000000000000000        0x0 ./ADC_Drivers/Src/stm32f4xx_ll_rcc.o
 .data          0x0000000000000000        0x0 ./ADC_Drivers/Src/stm32f4xx_ll_rcc.o
 .bss           0x0000000000000000        0x0 ./ADC_Drivers/Src/stm32f4xx_ll_rcc.o
 .text.LL_RCC_HSI_Enable
                0x0000000000000000       0x20 ./ADC_Drivers/Src/stm32f4xx_ll_rcc.o
 .text.LL_RCC_HSI_IsReady
                0x0000000000000000       0x24 ./ADC_Drivers/Src/stm32f4xx_ll_rcc.o
 .text.LL_RCC_HSI_SetCalibTrimming
                0x0000000000000000       0x2c ./ADC_Drivers/Src/stm32f4xx_ll_rcc.o
 .text.LL_RCC_GetSysClkSource
                0x0000000000000000       0x1c ./ADC_Drivers/Src/stm32f4xx_ll_rcc.o
 .text.LL_RCC_GetAHBPrescaler
                0x0000000000000000       0x1c ./ADC_Drivers/Src/stm32f4xx_ll_rcc.o
 .text.LL_RCC_GetAPB1Prescaler
                0x0000000000000000       0x1c ./ADC_Drivers/Src/stm32f4xx_ll_rcc.o
 .text.LL_RCC_GetAPB2Prescaler
                0x0000000000000000       0x1c ./ADC_Drivers/Src/stm32f4xx_ll_rcc.o
 .text.LL_RCC_GetI2SClockSource
                0x0000000000000000       0x20 ./ADC_Drivers/Src/stm32f4xx_ll_rcc.o
 .text.LL_RCC_PLL_IsReady
                0x0000000000000000       0x28 ./ADC_Drivers/Src/stm32f4xx_ll_rcc.o
 .text.LL_RCC_PLL_GetMainSource
                0x0000000000000000       0x1c ./ADC_Drivers/Src/stm32f4xx_ll_rcc.o
 .text.LL_RCC_PLL_GetN
                0x0000000000000000       0x1c ./ADC_Drivers/Src/stm32f4xx_ll_rcc.o
 .text.LL_RCC_PLL_GetP
                0x0000000000000000       0x1c ./ADC_Drivers/Src/stm32f4xx_ll_rcc.o
 .text.LL_RCC_PLL_GetQ
                0x0000000000000000       0x1c ./ADC_Drivers/Src/stm32f4xx_ll_rcc.o
 .text.LL_RCC_PLL_GetDivider
                0x0000000000000000       0x1c ./ADC_Drivers/Src/stm32f4xx_ll_rcc.o
 .text.LL_RCC_PLLI2S_IsReady
                0x0000000000000000       0x28 ./ADC_Drivers/Src/stm32f4xx_ll_rcc.o
 .text.LL_RCC_PLLI2S_GetN
                0x0000000000000000       0x20 ./ADC_Drivers/Src/stm32f4xx_ll_rcc.o
 .text.LL_RCC_PLLI2S_GetR
                0x0000000000000000       0x1c ./ADC_Drivers/Src/stm32f4xx_ll_rcc.o
 .text.LL_RCC_PLLI2S_GetDivider
                0x0000000000000000       0x1c ./ADC_Drivers/Src/stm32f4xx_ll_rcc.o
 .text.LL_RCC_PLLI2S_GetMainSource
                0x0000000000000000       0x1c ./ADC_Drivers/Src/stm32f4xx_ll_rcc.o
 .text.LL_RCC_DeInit
                0x0000000000000000       0xbc ./ADC_Drivers/Src/stm32f4xx_ll_rcc.o
 .text.LL_RCC_GetSystemClocksFreq
                0x0000000000000000       0x4a ./ADC_Drivers/Src/stm32f4xx_ll_rcc.o
 .text.LL_RCC_GetI2SClockFreq
                0x0000000000000000       0x4c ./ADC_Drivers/Src/stm32f4xx_ll_rcc.o
 .text.LL_RCC_GetSDIOClockFreq
                0x0000000000000000       0x2e ./ADC_Drivers/Src/stm32f4xx_ll_rcc.o
 .text.LL_RCC_GetRNGClockFreq
                0x0000000000000000       0x26 ./ADC_Drivers/Src/stm32f4xx_ll_rcc.o
 .text.LL_RCC_GetUSBClockFreq
                0x0000000000000000       0x26 ./ADC_Drivers/Src/stm32f4xx_ll_rcc.o
 .text.RCC_GetSystemClockFreq
                0x0000000000000000       0x50 ./ADC_Drivers/Src/stm32f4xx_ll_rcc.o
 .text.RCC_GetHCLKClockFreq
                0x0000000000000000       0x2c ./ADC_Drivers/Src/stm32f4xx_ll_rcc.o
 .text.RCC_GetPCLK1ClockFreq
                0x0000000000000000       0x28 ./ADC_Drivers/Src/stm32f4xx_ll_rcc.o
 .text.RCC_GetPCLK2ClockFreq
                0x0000000000000000       0x28 ./ADC_Drivers/Src/stm32f4xx_ll_rcc.o
 .text.RCC_PLL_GetFreqDomain_SYS
                0x0000000000000000       0x7c ./ADC_Drivers/Src/stm32f4xx_ll_rcc.o
 .text.RCC_PLL_GetFreqDomain_48M
                0x0000000000000000       0x68 ./ADC_Drivers/Src/stm32f4xx_ll_rcc.o
 .text.RCC_PLLI2S_GetFreqDomain_I2S
                0x0000000000000000       0x64 ./ADC_Drivers/Src/stm32f4xx_ll_rcc.o
 .debug_info    0x0000000000000000      0x811 ./ADC_Drivers/Src/stm32f4xx_ll_rcc.o
 .debug_abbrev  0x0000000000000000      0x1fa ./ADC_Drivers/Src/stm32f4xx_ll_rcc.o
 .debug_aranges
                0x0000000000000000      0x118 ./ADC_Drivers/Src/stm32f4xx_ll_rcc.o
 .debug_ranges  0x0000000000000000      0x108 ./ADC_Drivers/Src/stm32f4xx_ll_rcc.o
 .debug_macro   0x0000000000000000       0xfb ./ADC_Drivers/Src/stm32f4xx_ll_rcc.o
 .debug_macro   0x0000000000000000      0xaa8 ./ADC_Drivers/Src/stm32f4xx_ll_rcc.o
 .debug_macro   0x0000000000000000       0x2e ./ADC_Drivers/Src/stm32f4xx_ll_rcc.o
 .debug_macro   0x0000000000000000       0x2f ./ADC_Drivers/Src/stm32f4xx_ll_rcc.o
 .debug_macro   0x0000000000000000       0x22 ./ADC_Drivers/Src/stm32f4xx_ll_rcc.o
 .debug_macro   0x0000000000000000       0x8e ./ADC_Drivers/Src/stm32f4xx_ll_rcc.o
 .debug_macro   0x0000000000000000       0x51 ./ADC_Drivers/Src/stm32f4xx_ll_rcc.o
 .debug_macro   0x0000000000000000      0x103 ./ADC_Drivers/Src/stm32f4xx_ll_rcc.o
 .debug_macro   0x0000000000000000       0x6a ./ADC_Drivers/Src/stm32f4xx_ll_rcc.o
 .debug_macro   0x0000000000000000      0x1df ./ADC_Drivers/Src/stm32f4xx_ll_rcc.o
 .debug_macro   0x0000000000000000       0x1c ./ADC_Drivers/Src/stm32f4xx_ll_rcc.o
 .debug_macro   0x0000000000000000       0x22 ./ADC_Drivers/Src/stm32f4xx_ll_rcc.o
 .debug_macro   0x0000000000000000       0xdf ./ADC_Drivers/Src/stm32f4xx_ll_rcc.o
 .debug_macro   0x0000000000000000     0x102d ./ADC_Drivers/Src/stm32f4xx_ll_rcc.o
 .debug_macro   0x0000000000000000      0x11f ./ADC_Drivers/Src/stm32f4xx_ll_rcc.o
 .debug_macro   0x0000000000000000    0x15e3c ./ADC_Drivers/Src/stm32f4xx_ll_rcc.o
 .debug_macro   0x0000000000000000       0x43 ./ADC_Drivers/Src/stm32f4xx_ll_rcc.o
 .debug_macro   0x0000000000000000      0x799 ./ADC_Drivers/Src/stm32f4xx_ll_rcc.o
 .debug_line    0x0000000000000000      0x990 ./ADC_Drivers/Src/stm32f4xx_ll_rcc.o
 .debug_str     0x0000000000000000    0x8c2d5 ./ADC_Drivers/Src/stm32f4xx_ll_rcc.o
 .comment       0x0000000000000000       0x54 ./ADC_Drivers/Src/stm32f4xx_ll_rcc.o
 .debug_frame   0x0000000000000000      0x460 ./ADC_Drivers/Src/stm32f4xx_ll_rcc.o
 .ARM.attributes
                0x0000000000000000       0x34 ./ADC_Drivers/Src/stm32f4xx_ll_rcc.o
 .group         0x0000000000000000        0xc ./ADC_Drivers/Src/stm32f4xx_ll_utils.o
 .group         0x0000000000000000        0xc ./ADC_Drivers/Src/stm32f4xx_ll_utils.o
 .group         0x0000000000000000        0xc ./ADC_Drivers/Src/stm32f4xx_ll_utils.o
 .group         0x0000000000000000        0xc ./ADC_Drivers/Src/stm32f4xx_ll_utils.o
 .group         0x0000000000000000        0xc ./ADC_Drivers/Src/stm32f4xx_ll_utils.o
 .group         0x0000000000000000        0xc ./ADC_Drivers/Src/stm32f4xx_ll_utils.o
 .group         0x0000000000000000        0xc ./ADC_Drivers/Src/stm32f4xx_ll_utils.o
 .group         0x0000000000000000        0xc ./ADC_Drivers/Src/stm32f4xx_ll_utils.o
 .group         0x0000000000000000        0xc ./ADC_Drivers/Src/stm32f4xx_ll_utils.o
 .group         0x0000000000000000        0xc ./ADC_Drivers/Src/stm32f4xx_ll_utils.o
 .group         0x0000000000000000        0xc ./ADC_Drivers/Src/stm32f4xx_ll_utils.o
 .group         0x0000000000000000        0xc ./ADC_Drivers/Src/stm32f4xx_ll_utils.o
 .group         0x0000000000000000        0xc ./ADC_Drivers/Src/stm32f4xx_ll_utils.o
 .group         0x0000000000000000        0xc ./ADC_Drivers/Src/stm32f4xx_ll_utils.o
 .group         0x0000000000000000        0xc ./ADC_Drivers/Src/stm32f4xx_ll_utils.o
 .group         0x0000000000000000        0xc ./ADC_Drivers/Src/stm32f4xx_ll_utils.o
 .group         0x0000000000000000        0xc ./ADC_Drivers/Src/stm32f4xx_ll_utils.o
 .group         0x0000000000000000        0xc ./ADC_Drivers/Src/stm32f4xx_ll_utils.o
 .group         0x0000000000000000        0xc ./ADC_Drivers/Src/stm32f4xx_ll_utils.o
 .group         0x0000000000000000        0xc ./ADC_Drivers/Src/stm32f4xx_ll_utils.o
 .text          0x0000000000000000        0x0 ./ADC_Drivers/Src/stm32f4xx_ll_utils.o
 .data          0x0000000000000000        0x0 ./ADC_Drivers/Src/stm32f4xx_ll_utils.o
 .bss           0x0000000000000000        0x0 ./ADC_Drivers/Src/stm32f4xx_ll_utils.o
 .text.LL_InitTick
                0x0000000000000000       0x34 ./ADC_Drivers/Src/stm32f4xx_ll_utils.o
 .text.LL_RCC_HSE_EnableBypass
                0x0000000000000000       0x20 ./ADC_Drivers/Src/stm32f4xx_ll_utils.o
 .text.LL_RCC_HSE_DisableBypass
                0x0000000000000000       0x20 ./ADC_Drivers/Src/stm32f4xx_ll_utils.o
 .text.LL_RCC_HSE_Enable
                0x0000000000000000       0x20 ./ADC_Drivers/Src/stm32f4xx_ll_utils.o
 .text.LL_RCC_HSE_IsReady
                0x0000000000000000       0x28 ./ADC_Drivers/Src/stm32f4xx_ll_utils.o
 .text.LL_RCC_HSI_Enable
                0x0000000000000000       0x20 ./ADC_Drivers/Src/stm32f4xx_ll_utils.o
 .text.LL_RCC_HSI_IsReady
                0x0000000000000000       0x24 ./ADC_Drivers/Src/stm32f4xx_ll_utils.o
 .text.LL_RCC_SetSysClkSource
                0x0000000000000000       0x28 ./ADC_Drivers/Src/stm32f4xx_ll_utils.o
 .text.LL_RCC_GetSysClkSource
                0x0000000000000000       0x1c ./ADC_Drivers/Src/stm32f4xx_ll_utils.o
 .text.LL_RCC_SetAHBPrescaler
                0x0000000000000000       0x28 ./ADC_Drivers/Src/stm32f4xx_ll_utils.o
 .text.LL_RCC_SetAPB1Prescaler
                0x0000000000000000       0x28 ./ADC_Drivers/Src/stm32f4xx_ll_utils.o
 .text.LL_RCC_SetAPB2Prescaler
                0x0000000000000000       0x28 ./ADC_Drivers/Src/stm32f4xx_ll_utils.o
 .text.LL_RCC_PLL_Enable
                0x0000000000000000       0x20 ./ADC_Drivers/Src/stm32f4xx_ll_utils.o
 .text.LL_RCC_PLL_IsReady
                0x0000000000000000       0x28 ./ADC_Drivers/Src/stm32f4xx_ll_utils.o
 .text.LL_RCC_PLL_ConfigDomain_SYS
                0x0000000000000000       0x4c ./ADC_Drivers/Src/stm32f4xx_ll_utils.o
 .text.LL_RCC_PLLI2S_IsReady
                0x0000000000000000       0x28 ./ADC_Drivers/Src/stm32f4xx_ll_utils.o
 .text.LL_FLASH_SetLatency
                0x0000000000000000       0x28 ./ADC_Drivers/Src/stm32f4xx_ll_utils.o
 .text.LL_FLASH_GetLatency
                0x0000000000000000       0x1c ./ADC_Drivers/Src/stm32f4xx_ll_utils.o
 .text.LL_PWR_GetRegulVoltageScaling
                0x0000000000000000       0x1c ./ADC_Drivers/Src/stm32f4xx_ll_utils.o
 .text.LL_Init1msTick
                0x0000000000000000       0x1a ./ADC_Drivers/Src/stm32f4xx_ll_utils.o
 .text.LL_mDelay
                0x0000000000000000       0x4c ./ADC_Drivers/Src/stm32f4xx_ll_utils.o
 .text.LL_SetSystemCoreClock
                0x0000000000000000       0x20 ./ADC_Drivers/Src/stm32f4xx_ll_utils.o
 .text.LL_SetFlashLatency
                0x0000000000000000      0x130 ./ADC_Drivers/Src/stm32f4xx_ll_utils.o
 .text.LL_PLL_ConfigSystemClock_HSI
                0x0000000000000000       0x74 ./ADC_Drivers/Src/stm32f4xx_ll_utils.o
 .text.LL_PLL_ConfigSystemClock_HSE
                0x0000000000000000       0x84 ./ADC_Drivers/Src/stm32f4xx_ll_utils.o
 .text.UTILS_GetPLLOutputFrequency
                0x0000000000000000       0x4e ./ADC_Drivers/Src/stm32f4xx_ll_utils.o
 .text.UTILS_PLL_IsBusy
                0x0000000000000000       0x30 ./ADC_Drivers/Src/stm32f4xx_ll_utils.o
 .text.UTILS_EnablePLLAndSwitchSystem
                0x0000000000000000       0xb4 ./ADC_Drivers/Src/stm32f4xx_ll_utils.o
 .debug_info    0x0000000000000000      0x98e ./ADC_Drivers/Src/stm32f4xx_ll_utils.o
 .debug_abbrev  0x0000000000000000      0x22c ./ADC_Drivers/Src/stm32f4xx_ll_utils.o
 .debug_aranges
                0x0000000000000000       0xf8 ./ADC_Drivers/Src/stm32f4xx_ll_utils.o
 .debug_ranges  0x0000000000000000       0xe8 ./ADC_Drivers/Src/stm32f4xx_ll_utils.o
 .debug_macro   0x0000000000000000      0x1af ./ADC_Drivers/Src/stm32f4xx_ll_utils.o
 .debug_macro   0x0000000000000000      0xaa8 ./ADC_Drivers/Src/stm32f4xx_ll_utils.o
 .debug_macro   0x0000000000000000       0x2e ./ADC_Drivers/Src/stm32f4xx_ll_utils.o
 .debug_macro   0x0000000000000000       0x2f ./ADC_Drivers/Src/stm32f4xx_ll_utils.o
 .debug_macro   0x0000000000000000       0x22 ./ADC_Drivers/Src/stm32f4xx_ll_utils.o
 .debug_macro   0x0000000000000000       0x8e ./ADC_Drivers/Src/stm32f4xx_ll_utils.o
 .debug_macro   0x0000000000000000       0x51 ./ADC_Drivers/Src/stm32f4xx_ll_utils.o
 .debug_macro   0x0000000000000000      0x103 ./ADC_Drivers/Src/stm32f4xx_ll_utils.o
 .debug_macro   0x0000000000000000       0x6a ./ADC_Drivers/Src/stm32f4xx_ll_utils.o
 .debug_macro   0x0000000000000000      0x1df ./ADC_Drivers/Src/stm32f4xx_ll_utils.o
 .debug_macro   0x0000000000000000       0x1c ./ADC_Drivers/Src/stm32f4xx_ll_utils.o
 .debug_macro   0x0000000000000000       0x22 ./ADC_Drivers/Src/stm32f4xx_ll_utils.o
 .debug_macro   0x0000000000000000       0xdf ./ADC_Drivers/Src/stm32f4xx_ll_utils.o
 .debug_macro   0x0000000000000000     0x102d ./ADC_Drivers/Src/stm32f4xx_ll_utils.o
 .debug_macro   0x0000000000000000      0x11f ./ADC_Drivers/Src/stm32f4xx_ll_utils.o
 .debug_macro   0x0000000000000000    0x15e3c ./ADC_Drivers/Src/stm32f4xx_ll_utils.o
 .debug_macro   0x0000000000000000       0x43 ./ADC_Drivers/Src/stm32f4xx_ll_utils.o
 .debug_macro   0x0000000000000000       0x5b ./ADC_Drivers/Src/stm32f4xx_ll_utils.o
 .debug_macro   0x0000000000000000      0x79f ./ADC_Drivers/Src/stm32f4xx_ll_utils.o
 .debug_macro   0x0000000000000000      0x20a ./ADC_Drivers/Src/stm32f4xx_ll_utils.o
 .debug_macro   0x0000000000000000       0xab ./ADC_Drivers/Src/stm32f4xx_ll_utils.o
 .debug_line    0x0000000000000000      0xa18 ./ADC_Drivers/Src/stm32f4xx_ll_utils.o
 .debug_str     0x0000000000000000    0x8ea69 ./ADC_Drivers/Src/stm32f4xx_ll_utils.o
 .comment       0x0000000000000000       0x54 ./ADC_Drivers/Src/stm32f4xx_ll_utils.o
 .debug_frame   0x0000000000000000      0x3f8 ./ADC_Drivers/Src/stm32f4xx_ll_utils.o
 .ARM.attributes
                0x0000000000000000       0x34 ./ADC_Drivers/Src/stm32f4xx_ll_utils.o
 .group         0x0000000000000000        0xc ./Core/Src/ADC.o
 .group         0x0000000000000000        0xc ./Core/Src/ADC.o
 .group         0x0000000000000000        0xc ./Core/Src/ADC.o
 .group         0x0000000000000000        0xc ./Core/Src/ADC.o
 .group         0x0000000000000000        0xc ./Core/Src/ADC.o
 .group         0x0000000000000000        0xc ./Core/Src/ADC.o
 .group         0x0000000000000000        0xc ./Core/Src/ADC.o
 .group         0x0000000000000000        0xc ./Core/Src/ADC.o
 .group         0x0000000000000000        0xc ./Core/Src/ADC.o
 .group         0x0000000000000000        0xc ./Core/Src/ADC.o
 .group         0x0000000000000000        0xc ./Core/Src/ADC.o
 .group         0x0000000000000000        0xc ./Core/Src/ADC.o
 .group         0x0000000000000000        0xc ./Core/Src/ADC.o
 .group         0x0000000000000000        0xc ./Core/Src/ADC.o
 .group         0x0000000000000000        0xc ./Core/Src/ADC.o
 .group         0x0000000000000000        0xc ./Core/Src/ADC.o
 .group         0x0000000000000000        0xc ./Core/Src/ADC.o
 .group         0x0000000000000000        0xc ./Core/Src/ADC.o
 .group         0x0000000000000000        0xc ./Core/Src/ADC.o
 .group         0x0000000000000000        0xc ./Core/Src/ADC.o
 .group         0x0000000000000000        0xc ./Core/Src/ADC.o
 .text          0x0000000000000000        0x0 ./Core/Src/ADC.o
 .data          0x0000000000000000        0x0 ./Core/Src/ADC.o
 .bss           0x0000000000000000        0x0 ./Core/Src/ADC.o
 .text.LL_ADC_REG_StartConversionSWStart
                0x0000000000000000       0x20 ./Core/Src/ADC.o
 .text.LL_ADC_REG_ReadConversionData32
                0x0000000000000000       0x1a ./Core/Src/ADC.o
 .text.LL_ADC_IsActiveFlag_EOCS
                0x0000000000000000       0x26 ./Core/Src/ADC.o
 .text.LL_ADC_DisableIT_EOCS
                0x0000000000000000       0x20 ./Core/Src/ADC.o
 .text.LL_ADC_DisableIT_OVR
                0x0000000000000000       0x20 ./Core/Src/ADC.o
 .text.LL_ADC_DisableIT_JEOS
                0x0000000000000000       0x20 ./Core/Src/ADC.o
 .text.LL_ADC_DisableIT_AWD1
                0x0000000000000000       0x20 ./Core/Src/ADC.o
 .text.ADC_GPIO_Init
                0x0000000000000000       0x3c ./Core/Src/ADC.o
 .text.ADC_Read
                0x0000000000000000       0x2c ./Core/Src/ADC.o
 .text.ADC_IType_Disable
                0x0000000000000000       0x58 ./Core/Src/ADC.o
 .debug_macro   0x0000000000000000      0xaa8 ./Core/Src/ADC.o
 .debug_macro   0x0000000000000000       0x2e ./Core/Src/ADC.o
 .debug_macro   0x0000000000000000       0x2f ./Core/Src/ADC.o
 .debug_macro   0x0000000000000000       0x22 ./Core/Src/ADC.o
 .debug_macro   0x0000000000000000       0x8e ./Core/Src/ADC.o
 .debug_macro   0x0000000000000000       0x51 ./Core/Src/ADC.o
 .debug_macro   0x0000000000000000      0x103 ./Core/Src/ADC.o
 .debug_macro   0x0000000000000000       0x6a ./Core/Src/ADC.o
 .debug_macro   0x0000000000000000      0x1df ./Core/Src/ADC.o
 .debug_macro   0x0000000000000000       0x1c ./Core/Src/ADC.o
 .debug_macro   0x0000000000000000       0x22 ./Core/Src/ADC.o
 .debug_macro   0x0000000000000000       0xdf ./Core/Src/ADC.o
 .debug_macro   0x0000000000000000     0x102d ./Core/Src/ADC.o
 .debug_macro   0x0000000000000000      0x11f ./Core/Src/ADC.o
 .debug_macro   0x0000000000000000    0x15e3c ./Core/Src/ADC.o
 .debug_macro   0x0000000000000000       0x43 ./Core/Src/ADC.o
 .debug_macro   0x0000000000000000      0x143 ./Core/Src/ADC.o
 .debug_macro   0x0000000000000000      0x1d5 ./Core/Src/ADC.o
 .group         0x0000000000000000        0xc ./Core/Src/main.o
 .group         0x0000000000000000        0xc ./Core/Src/main.o
 .group         0x0000000000000000        0xc ./Core/Src/main.o
 .group         0x0000000000000000        0xc ./Core/Src/main.o
 .group         0x0000000000000000        0xc ./Core/Src/main.o
 .group         0x0000000000000000        0xc ./Core/Src/main.o
 .group         0x0000000000000000        0xc ./Core/Src/main.o
 .group         0x0000000000000000        0xc ./Core/Src/main.o
 .group         0x0000000000000000        0xc ./Core/Src/main.o
 .group         0x0000000000000000        0xc ./Core/Src/main.o
 .group         0x0000000000000000        0xc ./Core/Src/main.o
 .group         0x0000000000000000        0xc ./Core/Src/main.o
 .group         0x0000000000000000        0xc ./Core/Src/main.o
 .group         0x0000000000000000        0xc ./Core/Src/main.o
 .group         0x0000000000000000        0xc ./Core/Src/main.o
 .group         0x0000000000000000        0xc ./Core/Src/main.o
 .group         0x0000000000000000        0xc ./Core/Src/main.o
 .group         0x0000000000000000        0xc ./Core/Src/main.o
 .group         0x0000000000000000        0xc ./Core/Src/main.o
 .group         0x0000000000000000        0xc ./Core/Src/main.o
 .group         0x0000000000000000        0xc ./Core/Src/main.o
 .group         0x0000000000000000        0xc ./Core/Src/main.o
 .text          0x0000000000000000        0x0 ./Core/Src/main.o
 .data          0x0000000000000000        0x0 ./Core/Src/main.o
 .bss           0x0000000000000000        0x0 ./Core/Src/main.o
 .debug_macro   0x0000000000000000      0xaa8 ./Core/Src/main.o
 .debug_macro   0x0000000000000000       0x2e ./Core/Src/main.o
 .debug_macro   0x0000000000000000       0x2f ./Core/Src/main.o
 .debug_macro   0x0000000000000000       0x22 ./Core/Src/main.o
 .debug_macro   0x0000000000000000       0x8e ./Core/Src/main.o
 .debug_macro   0x0000000000000000       0x51 ./Core/Src/main.o
 .debug_macro   0x0000000000000000      0x103 ./Core/Src/main.o
 .debug_macro   0x0000000000000000       0x6a ./Core/Src/main.o
 .debug_macro   0x0000000000000000      0x1df ./Core/Src/main.o
 .debug_macro   0x0000000000000000       0x1c ./Core/Src/main.o
 .debug_macro   0x0000000000000000       0x22 ./Core/Src/main.o
 .debug_macro   0x0000000000000000       0xdf ./Core/Src/main.o
 .debug_macro   0x0000000000000000     0x102d ./Core/Src/main.o
 .debug_macro   0x0000000000000000      0x11f ./Core/Src/main.o
 .debug_macro   0x0000000000000000    0x15e3c ./Core/Src/main.o
 .debug_macro   0x0000000000000000       0x43 ./Core/Src/main.o
 .debug_macro   0x0000000000000000      0x143 ./Core/Src/main.o
 .debug_macro   0x0000000000000000      0xb54 ./Core/Src/main.o
 .debug_macro   0x0000000000000000      0x1d5 ./Core/Src/main.o
 .debug_macro   0x0000000000000000       0xe8 ./Core/Src/main.o
 .debug_macro   0x0000000000000000       0x16 ./Core/Src/main.o
 .debug_macro   0x0000000000000000      0x20a ./Core/Src/main.o
 .group         0x0000000000000000        0xc ./Core/Src/syscalls.o
 .group         0x0000000000000000        0xc ./Core/Src/syscalls.o
 .group         0x0000000000000000        0xc ./Core/Src/syscalls.o
 .group         0x0000000000000000        0xc ./Core/Src/syscalls.o
 .group         0x0000000000000000        0xc ./Core/Src/syscalls.o
 .group         0x0000000000000000        0xc ./Core/Src/syscalls.o
 .group         0x0000000000000000        0xc ./Core/Src/syscalls.o
 .group         0x0000000000000000        0xc ./Core/Src/syscalls.o
 .group         0x0000000000000000        0xc ./Core/Src/syscalls.o
 .group         0x0000000000000000        0xc ./Core/Src/syscalls.o
 .group         0x0000000000000000        0xc ./Core/Src/syscalls.o
 .group         0x0000000000000000        0xc ./Core/Src/syscalls.o
 .group         0x0000000000000000        0xc ./Core/Src/syscalls.o
 .group         0x0000000000000000        0xc ./Core/Src/syscalls.o
 .group         0x0000000000000000        0xc ./Core/Src/syscalls.o
 .group         0x0000000000000000        0xc ./Core/Src/syscalls.o
 .group         0x0000000000000000        0xc ./Core/Src/syscalls.o
 .group         0x0000000000000000        0xc ./Core/Src/syscalls.o
 .group         0x0000000000000000        0xc ./Core/Src/syscalls.o
 .group         0x0000000000000000        0xc ./Core/Src/syscalls.o
 .group         0x0000000000000000        0xc ./Core/Src/syscalls.o
 .group         0x0000000000000000        0xc ./Core/Src/syscalls.o
 .group         0x0000000000000000        0xc ./Core/Src/syscalls.o
 .group         0x0000000000000000        0xc ./Core/Src/syscalls.o
 .group         0x0000000000000000        0xc ./Core/Src/syscalls.o
 .group         0x0000000000000000        0xc ./Core/Src/syscalls.o
 .group         0x0000000000000000        0xc ./Core/Src/syscalls.o
 .group         0x0000000000000000        0xc ./Core/Src/syscalls.o
 .group         0x0000000000000000        0xc ./Core/Src/syscalls.o
 .group         0x0000000000000000        0xc ./Core/Src/syscalls.o
 .group         0x0000000000000000        0xc ./Core/Src/syscalls.o
 .group         0x0000000000000000        0xc ./Core/Src/syscalls.o
 .group         0x0000000000000000        0xc ./Core/Src/syscalls.o
 .group         0x0000000000000000        0xc ./Core/Src/syscalls.o
 .group         0x0000000000000000        0xc ./Core/Src/syscalls.o
 .group         0x0000000000000000        0xc ./Core/Src/syscalls.o
 .group         0x0000000000000000        0xc ./Core/Src/syscalls.o
 .group         0x0000000000000000        0xc ./Core/Src/syscalls.o
 .group         0x0000000000000000        0xc ./Core/Src/syscalls.o
 .group         0x0000000000000000        0xc ./Core/Src/syscalls.o
 .group         0x0000000000000000        0xc ./Core/Src/syscalls.o
 .group         0x0000000000000000        0xc ./Core/Src/syscalls.o
 .group         0x0000000000000000        0xc ./Core/Src/syscalls.o
 .group         0x0000000000000000        0xc ./Core/Src/syscalls.o
 .group         0x0000000000000000        0xc ./Core/Src/syscalls.o
 .group         0x0000000000000000        0xc ./Core/Src/syscalls.o
 .group         0x0000000000000000        0xc ./Core/Src/syscalls.o
 .text          0x0000000000000000        0x0 ./Core/Src/syscalls.o
 .data          0x0000000000000000        0x0 ./Core/Src/syscalls.o
 .bss           0x0000000000000000        0x0 ./Core/Src/syscalls.o
 .bss.__env     0x0000000000000000        0x4 ./Core/Src/syscalls.o
 .data.environ  0x0000000000000000        0x4 ./Core/Src/syscalls.o
 .text.initialise_monitor_handles
                0x0000000000000000        0xe ./Core/Src/syscalls.o
 .text._getpid  0x0000000000000000       0x10 ./Core/Src/syscalls.o
 .text._kill    0x0000000000000000       0x20 ./Core/Src/syscalls.o
 .text._exit    0x0000000000000000       0x14 ./Core/Src/syscalls.o
 .text._read    0x0000000000000000       0x3a ./Core/Src/syscalls.o
 .text._write   0x0000000000000000       0x38 ./Core/Src/syscalls.o
 .text._close   0x0000000000000000       0x18 ./Core/Src/syscalls.o
 .text._fstat   0x0000000000000000       0x20 ./Core/Src/syscalls.o
 .text._isatty  0x0000000000000000       0x16 ./Core/Src/syscalls.o
 .text._lseek   0x0000000000000000       0x1a ./Core/Src/syscalls.o
 .text._open    0x0000000000000000       0x1c ./Core/Src/syscalls.o
 .text._wait    0x0000000000000000       0x1e ./Core/Src/syscalls.o
 .text._unlink  0x0000000000000000       0x1e ./Core/Src/syscalls.o
 .text._times   0x0000000000000000       0x18 ./Core/Src/syscalls.o
 .text._stat    0x0000000000000000       0x20 ./Core/Src/syscalls.o
 .text._link    0x0000000000000000       0x20 ./Core/Src/syscalls.o
 .text._fork    0x0000000000000000       0x16 ./Core/Src/syscalls.o
 .text._execve  0x0000000000000000       0x22 ./Core/Src/syscalls.o
 .debug_info    0x0000000000000000      0xfa8 ./Core/Src/syscalls.o
 .debug_abbrev  0x0000000000000000      0x286 ./Core/Src/syscalls.o
 .debug_aranges
                0x0000000000000000       0xa8 ./Core/Src/syscalls.o
 .debug_ranges  0x0000000000000000       0x98 ./Core/Src/syscalls.o
 .debug_macro   0x0000000000000000      0x24c ./Core/Src/syscalls.o
 .debug_macro   0x0000000000000000      0xaa8 ./Core/Src/syscalls.o
 .debug_macro   0x0000000000000000       0x22 ./Core/Src/syscalls.o
 .debug_macro   0x0000000000000000       0x4c ./Core/Src/syscalls.o
 .debug_macro   0x0000000000000000       0x18 ./Core/Src/syscalls.o
 .debug_macro   0x0000000000000000       0x94 ./Core/Src/syscalls.o
 .debug_macro   0x0000000000000000       0x3c ./Core/Src/syscalls.o
 .debug_macro   0x0000000000000000       0x34 ./Core/Src/syscalls.o
 .debug_macro   0x0000000000000000       0x57 ./Core/Src/syscalls.o
 .debug_macro   0x0000000000000000      0x174 ./Core/Src/syscalls.o
 .debug_macro   0x0000000000000000      0x339 ./Core/Src/syscalls.o
 .debug_macro   0x0000000000000000       0x16 ./Core/Src/syscalls.o
 .debug_macro   0x0000000000000000       0x43 ./Core/Src/syscalls.o
 .debug_macro   0x0000000000000000       0x34 ./Core/Src/syscalls.o
 .debug_macro   0x0000000000000000       0x10 ./Core/Src/syscalls.o
 .debug_macro   0x0000000000000000       0x58 ./Core/Src/syscalls.o
 .debug_macro   0x0000000000000000       0x71 ./Core/Src/syscalls.o
 .debug_macro   0x0000000000000000       0x1c ./Core/Src/syscalls.o
 .debug_macro   0x0000000000000000      0x12a ./Core/Src/syscalls.o
 .debug_macro   0x0000000000000000       0x10 ./Core/Src/syscalls.o
 .debug_macro   0x0000000000000000       0x35 ./Core/Src/syscalls.o
 .debug_macro   0x0000000000000000       0x10 ./Core/Src/syscalls.o
 .debug_macro   0x0000000000000000       0x10 ./Core/Src/syscalls.o
 .debug_macro   0x0000000000000000       0x10 ./Core/Src/syscalls.o
 .debug_macro   0x0000000000000000       0x6a ./Core/Src/syscalls.o
 .debug_macro   0x0000000000000000       0x1c ./Core/Src/syscalls.o
 .debug_macro   0x0000000000000000       0x52 ./Core/Src/syscalls.o
 .debug_macro   0x0000000000000000       0x22 ./Core/Src/syscalls.o
 .debug_macro   0x0000000000000000       0x10 ./Core/Src/syscalls.o
 .debug_macro   0x0000000000000000       0x40 ./Core/Src/syscalls.o
 .debug_macro   0x0000000000000000       0xd5 ./Core/Src/syscalls.o
 .debug_macro   0x0000000000000000       0x1c ./Core/Src/syscalls.o
 .debug_macro   0x0000000000000000       0x3d ./Core/Src/syscalls.o
 .debug_macro   0x0000000000000000       0x35 ./Core/Src/syscalls.o
 .debug_macro   0x0000000000000000      0x12c ./Core/Src/syscalls.o
 .debug_macro   0x0000000000000000       0x16 ./Core/Src/syscalls.o
 .debug_macro   0x0000000000000000       0x16 ./Core/Src/syscalls.o
 .debug_macro   0x0000000000000000       0x29 ./Core/Src/syscalls.o
 .debug_macro   0x0000000000000000       0x10 ./Core/Src/syscalls.o
 .debug_macro   0x0000000000000000      0x241 ./Core/Src/syscalls.o
 .debug_macro   0x0000000000000000       0x1c ./Core/Src/syscalls.o
 .debug_macro   0x0000000000000000       0x10 ./Core/Src/syscalls.o
 .debug_macro   0x0000000000000000       0x10 ./Core/Src/syscalls.o
 .debug_macro   0x0000000000000000       0x16 ./Core/Src/syscalls.o
 .debug_macro   0x0000000000000000      0x145 ./Core/Src/syscalls.o
 .debug_macro   0x0000000000000000      0x189 ./Core/Src/syscalls.o
 .debug_macro   0x0000000000000000       0x16 ./Core/Src/syscalls.o
 .debug_macro   0x0000000000000000       0xce ./Core/Src/syscalls.o
 .debug_line    0x0000000000000000      0x802 ./Core/Src/syscalls.o
 .debug_str     0x0000000000000000     0x8ef9 ./Core/Src/syscalls.o
 .comment       0x0000000000000000       0x54 ./Core/Src/syscalls.o
 .debug_frame   0x0000000000000000      0x2ac ./Core/Src/syscalls.o
 .ARM.attributes
                0x0000000000000000       0x34 ./Core/Src/syscalls.o
 .group         0x0000000000000000        0xc ./Core/Src/sysmem.o
 .group         0x0000000000000000        0xc ./Core/Src/sysmem.o
 .group         0x0000000000000000        0xc ./Core/Src/sysmem.o
 .group         0x0000000000000000        0xc ./Core/Src/sysmem.o
 .group         0x0000000000000000        0xc ./Core/Src/sysmem.o
 .group         0x0000000000000000        0xc ./Core/Src/sysmem.o
 .group         0x0000000000000000        0xc ./Core/Src/sysmem.o
 .group         0x0000000000000000        0xc ./Core/Src/sysmem.o
 .group         0x0000000000000000        0xc ./Core/Src/sysmem.o
 .group         0x0000000000000000        0xc ./Core/Src/sysmem.o
 .group         0x0000000000000000        0xc ./Core/Src/sysmem.o
 .group         0x0000000000000000        0xc ./Core/Src/sysmem.o
 .group         0x0000000000000000        0xc ./Core/Src/sysmem.o
 .group         0x0000000000000000        0xc ./Core/Src/sysmem.o
 .group         0x0000000000000000        0xc ./Core/Src/sysmem.o
 .group         0x0000000000000000        0xc ./Core/Src/sysmem.o
 .group         0x0000000000000000        0xc ./Core/Src/sysmem.o
 .group         0x0000000000000000        0xc ./Core/Src/sysmem.o
 .group         0x0000000000000000        0xc ./Core/Src/sysmem.o
 .group         0x0000000000000000        0xc ./Core/Src/sysmem.o
 .group         0x0000000000000000        0xc ./Core/Src/sysmem.o
 .group         0x0000000000000000        0xc ./Core/Src/sysmem.o
 .text          0x0000000000000000        0x0 ./Core/Src/sysmem.o
 .data          0x0000000000000000        0x0 ./Core/Src/sysmem.o
 .bss           0x0000000000000000        0x0 ./Core/Src/sysmem.o
 .bss.__sbrk_heap_end
                0x0000000000000000        0x4 ./Core/Src/sysmem.o
 .text._sbrk    0x0000000000000000       0x6c ./Core/Src/sysmem.o
 .debug_info    0x0000000000000000      0xa25 ./Core/Src/sysmem.o
 .debug_abbrev  0x0000000000000000      0x1bf ./Core/Src/sysmem.o
 .debug_aranges
                0x0000000000000000       0x20 ./Core/Src/sysmem.o
 .debug_ranges  0x0000000000000000       0x10 ./Core/Src/sysmem.o
 .debug_macro   0x0000000000000000       0xff ./Core/Src/sysmem.o
 .debug_macro   0x0000000000000000      0xaa8 ./Core/Src/sysmem.o
 .debug_macro   0x0000000000000000       0x10 ./Core/Src/sysmem.o
 .debug_macro   0x0000000000000000       0x22 ./Core/Src/sysmem.o
 .debug_macro   0x0000000000000000       0x4c ./Core/Src/sysmem.o
 .debug_macro   0x0000000000000000       0x18 ./Core/Src/sysmem.o
 .debug_macro   0x0000000000000000       0x94 ./Core/Src/sysmem.o
 .debug_macro   0x0000000000000000       0x3c ./Core/Src/sysmem.o
 .debug_macro   0x0000000000000000       0x34 ./Core/Src/sysmem.o
 .debug_macro   0x0000000000000000      0x174 ./Core/Src/sysmem.o
 .debug_macro   0x0000000000000000       0x16 ./Core/Src/sysmem.o
 .debug_macro   0x0000000000000000       0x43 ./Core/Src/sysmem.o
 .debug_macro   0x0000000000000000       0x57 ./Core/Src/sysmem.o
 .debug_macro   0x0000000000000000       0x34 ./Core/Src/sysmem.o
 .debug_macro   0x0000000000000000       0x10 ./Core/Src/sysmem.o
 .debug_macro   0x0000000000000000       0x58 ./Core/Src/sysmem.o
 .debug_macro   0x0000000000000000       0x71 ./Core/Src/sysmem.o
 .debug_macro   0x0000000000000000       0x1c ./Core/Src/sysmem.o
 .debug_macro   0x0000000000000000      0x12a ./Core/Src/sysmem.o
 .debug_macro   0x0000000000000000      0x23b ./Core/Src/sysmem.o
 .debug_macro   0x0000000000000000      0x103 ./Core/Src/sysmem.o
 .debug_macro   0x0000000000000000       0x6a ./Core/Src/sysmem.o
 .debug_macro   0x0000000000000000      0x1df ./Core/Src/sysmem.o
 .debug_line    0x0000000000000000      0x4f8 ./Core/Src/sysmem.o
 .debug_str     0x0000000000000000     0x62cc ./Core/Src/sysmem.o
 .comment       0x0000000000000000       0x54 ./Core/Src/sysmem.o
 .debug_frame   0x0000000000000000       0x34 ./Core/Src/sysmem.o
 .ARM.attributes
                0x0000000000000000       0x34 ./Core/Src/sysmem.o
 .text          0x0000000000000000       0x14 ./Core/Startup/startup_stm32f407vgtx.o
 .data          0x0000000000000000        0x0 ./Core/Startup/startup_stm32f407vgtx.o
 .bss           0x0000000000000000        0x0 ./Core/Startup/startup_stm32f407vgtx.o
 .text          0x0000000000000000        0x0 c:/st/stm32cubeide_1.7.0/stm32cubeide/plugins/com.st.stm32cube.ide.mcu.externaltools.gnu-tools-for-stm32.9-2020-q2-update.win32_2.0.0.202105311346/tools/bin/../lib/gcc/arm-none-eabi/9.3.1/../../../../arm-none-eabi/lib/thumb/v7e-m+fp/hard\libc_nano.a(lib_a-errno.o)
 .data          0x0000000000000000        0x0 c:/st/stm32cubeide_1.7.0/stm32cubeide/plugins/com.st.stm32cube.ide.mcu.externaltools.gnu-tools-for-stm32.9-2020-q2-update.win32_2.0.0.202105311346/tools/bin/../lib/gcc/arm-none-eabi/9.3.1/../../../../arm-none-eabi/lib/thumb/v7e-m+fp/hard\libc_nano.a(lib_a-errno.o)
 .bss           0x0000000000000000        0x0 c:/st/stm32cubeide_1.7.0/stm32cubeide/plugins/com.st.stm32cube.ide.mcu.externaltools.gnu-tools-for-stm32.9-2020-q2-update.win32_2.0.0.202105311346/tools/bin/../lib/gcc/arm-none-eabi/9.3.1/../../../../arm-none-eabi/lib/thumb/v7e-m+fp/hard\libc_nano.a(lib_a-errno.o)
 .text.__errno  0x0000000000000000        0xc c:/st/stm32cubeide_1.7.0/stm32cubeide/plugins/com.st.stm32cube.ide.mcu.externaltools.gnu-tools-for-stm32.9-2020-q2-update.win32_2.0.0.202105311346/tools/bin/../lib/gcc/arm-none-eabi/9.3.1/../../../../arm-none-eabi/lib/thumb/v7e-m+fp/hard\libc_nano.a(lib_a-errno.o)
 .debug_frame   0x0000000000000000       0x20 c:/st/stm32cubeide_1.7.0/stm32cubeide/plugins/com.st.stm32cube.ide.mcu.externaltools.gnu-tools-for-stm32.9-2020-q2-update.win32_2.0.0.202105311346/tools/bin/../lib/gcc/arm-none-eabi/9.3.1/../../../../arm-none-eabi/lib/thumb/v7e-m+fp/hard\libc_nano.a(lib_a-errno.o)
 .ARM.attributes
                0x0000000000000000       0x34 c:/st/stm32cubeide_1.7.0/stm32cubeide/plugins/com.st.stm32cube.ide.mcu.externaltools.gnu-tools-for-stm32.9-2020-q2-update.win32_2.0.0.202105311346/tools/bin/../lib/gcc/arm-none-eabi/9.3.1/../../../../arm-none-eabi/lib/thumb/v7e-m+fp/hard\libc_nano.a(lib_a-errno.o)
 .text          0x0000000000000000        0x0 c:/st/stm32cubeide_1.7.0/stm32cubeide/plugins/com.st.stm32cube.ide.mcu.externaltools.gnu-tools-for-stm32.9-2020-q2-update.win32_2.0.0.202105311346/tools/bin/../lib/gcc/arm-none-eabi/9.3.1/../../../../arm-none-eabi/lib/thumb/v7e-m+fp/hard\libc_nano.a(lib_a-exit.o)
 .data          0x0000000000000000        0x0 c:/st/stm32cubeide_1.7.0/stm32cubeide/plugins/com.st.stm32cube.ide.mcu.externaltools.gnu-tools-for-stm32.9-2020-q2-update.win32_2.0.0.202105311346/tools/bin/../lib/gcc/arm-none-eabi/9.3.1/../../../../arm-none-eabi/lib/thumb/v7e-m+fp/hard\libc_nano.a(lib_a-exit.o)
 .bss           0x0000000000000000        0x0 c:/st/stm32cubeide_1.7.0/stm32cubeide/plugins/com.st.stm32cube.ide.mcu.externaltools.gnu-tools-for-stm32.9-2020-q2-update.win32_2.0.0.202105311346/tools/bin/../lib/gcc/arm-none-eabi/9.3.1/../../../../arm-none-eabi/lib/thumb/v7e-m+fp/hard\libc_nano.a(lib_a-exit.o)
 .text.exit     0x0000000000000000       0x28 c:/st/stm32cubeide_1.7.0/stm32cubeide/plugins/com.st.stm32cube.ide.mcu.externaltools.gnu-tools-for-stm32.9-2020-q2-update.win32_2.0.0.202105311346/tools/bin/../lib/gcc/arm-none-eabi/9.3.1/../../../../arm-none-eabi/lib/thumb/v7e-m+fp/hard\libc_nano.a(lib_a-exit.o)
 .debug_frame   0x0000000000000000       0x28 c:/st/stm32cubeide_1.7.0/stm32cubeide/plugins/com.st.stm32cube.ide.mcu.externaltools.gnu-tools-for-stm32.9-2020-q2-update.win32_2.0.0.202105311346/tools/bin/../lib/gcc/arm-none-eabi/9.3.1/../../../../arm-none-eabi/lib/thumb/v7e-m+fp/hard\libc_nano.a(lib_a-exit.o)
 .ARM.attributes
                0x0000000000000000       0x34 c:/st/stm32cubeide_1.7.0/stm32cubeide/plugins/com.st.stm32cube.ide.mcu.externaltools.gnu-tools-for-stm32.9-2020-q2-update.win32_2.0.0.202105311346/tools/bin/../lib/gcc/arm-none-eabi/9.3.1/../../../../arm-none-eabi/lib/thumb/v7e-m+fp/hard\libc_nano.a(lib_a-exit.o)
 .text          0x0000000000000000        0x0 c:/st/stm32cubeide_1.7.0/stm32cubeide/plugins/com.st.stm32cube.ide.mcu.externaltools.gnu-tools-for-stm32.9-2020-q2-update.win32_2.0.0.202105311346/tools/bin/../lib/gcc/arm-none-eabi/9.3.1/../../../../arm-none-eabi/lib/thumb/v7e-m+fp/hard\libc_nano.a(lib_a-impure.o)
 .data          0x0000000000000000        0x0 c:/st/stm32cubeide_1.7.0/stm32cubeide/plugins/com.st.stm32cube.ide.mcu.externaltools.gnu-tools-for-stm32.9-2020-q2-update.win32_2.0.0.202105311346/tools/bin/../lib/gcc/arm-none-eabi/9.3.1/../../../../arm-none-eabi/lib/thumb/v7e-m+fp/hard\libc_nano.a(lib_a-impure.o)
 .bss           0x0000000000000000        0x0 c:/st/stm32cubeide_1.7.0/stm32cubeide/plugins/com.st.stm32cube.ide.mcu.externaltools.gnu-tools-for-stm32.9-2020-q2-update.win32_2.0.0.202105311346/tools/bin/../lib/gcc/arm-none-eabi/9.3.1/../../../../arm-none-eabi/lib/thumb/v7e-m+fp/hard\libc_nano.a(lib_a-impure.o)
 .data._impure_ptr
                0x0000000000000000        0x4 c:/st/stm32cubeide_1.7.0/stm32cubeide/plugins/com.st.stm32cube.ide.mcu.externaltools.gnu-tools-for-stm32.9-2020-q2-update.win32_2.0.0.202105311346/tools/bin/../lib/gcc/arm-none-eabi/9.3.1/../../../../arm-none-eabi/lib/thumb/v7e-m+fp/hard\libc_nano.a(lib_a-impure.o)
 .data.impure_data
                0x0000000000000000       0x60 c:/st/stm32cubeide_1.7.0/stm32cubeide/plugins/com.st.stm32cube.ide.mcu.externaltools.gnu-tools-for-stm32.9-2020-q2-update.win32_2.0.0.202105311346/tools/bin/../lib/gcc/arm-none-eabi/9.3.1/../../../../arm-none-eabi/lib/thumb/v7e-m+fp/hard\libc_nano.a(lib_a-impure.o)
 .rodata._global_impure_ptr
                0x0000000000000000        0x4 c:/st/stm32cubeide_1.7.0/stm32cubeide/plugins/com.st.stm32cube.ide.mcu.externaltools.gnu-tools-for-stm32.9-2020-q2-update.win32_2.0.0.202105311346/tools/bin/../lib/gcc/arm-none-eabi/9.3.1/../../../../arm-none-eabi/lib/thumb/v7e-m+fp/hard\libc_nano.a(lib_a-impure.o)
 .ARM.attributes
                0x0000000000000000       0x32 c:/st/stm32cubeide_1.7.0/stm32cubeide/plugins/com.st.stm32cube.ide.mcu.externaltools.gnu-tools-for-stm32.9-2020-q2-update.win32_2.0.0.202105311346/tools/bin/../lib/gcc/arm-none-eabi/9.3.1/../../../../arm-none-eabi/lib/thumb/v7e-m+fp/hard\libc_nano.a(lib_a-impure.o)
 .text          0x0000000000000000        0x0 c:/st/stm32cubeide_1.7.0/stm32cubeide/plugins/com.st.stm32cube.ide.mcu.externaltools.gnu-tools-for-stm32.9-2020-q2-update.win32_2.0.0.202105311346/tools/bin/../lib/gcc/arm-none-eabi/9.3.1/../../../../arm-none-eabi/lib/thumb/v7e-m+fp/hard\libc_nano.a(lib_a-init.o)
 .data          0x0000000000000000        0x0 c:/st/stm32cubeide_1.7.0/stm32cubeide/plugins/com.st.stm32cube.ide.mcu.externaltools.gnu-tools-for-stm32.9-2020-q2-update.win32_2.0.0.202105311346/tools/bin/../lib/gcc/arm-none-eabi/9.3.1/../../../../arm-none-eabi/lib/thumb/v7e-m+fp/hard\libc_nano.a(lib_a-init.o)
 .bss           0x0000000000000000        0x0 c:/st/stm32cubeide_1.7.0/stm32cubeide/plugins/com.st.stm32cube.ide.mcu.externaltools.gnu-tools-for-stm32.9-2020-q2-update.win32_2.0.0.202105311346/tools/bin/../lib/gcc/arm-none-eabi/9.3.1/../../../../arm-none-eabi/lib/thumb/v7e-m+fp/hard\libc_nano.a(lib_a-init.o)
 .text          0x0000000000000000        0x0 c:/st/stm32cubeide_1.7.0/stm32cubeide/plugins/com.st.stm32cube.ide.mcu.externaltools.gnu-tools-for-stm32.9-2020-q2-update.win32_2.0.0.202105311346/tools/bin/../lib/gcc/arm-none-eabi/9.3.1/../../../../arm-none-eabi/lib/thumb/v7e-m+fp/hard\libc_nano.a(lib_a-memset.o)
 .data          0x0000000000000000        0x0 c:/st/stm32cubeide_1.7.0/stm32cubeide/plugins/com.st.stm32cube.ide.mcu.externaltools.gnu-tools-for-stm32.9-2020-q2-update.win32_2.0.0.202105311346/tools/bin/../lib/gcc/arm-none-eabi/9.3.1/../../../../arm-none-eabi/lib/thumb/v7e-m+fp/hard\libc_nano.a(lib_a-memset.o)
 .bss           0x0000000000000000        0x0 c:/st/stm32cubeide_1.7.0/stm32cubeide/plugins/com.st.stm32cube.ide.mcu.externaltools.gnu-tools-for-stm32.9-2020-q2-update.win32_2.0.0.202105311346/tools/bin/../lib/gcc/arm-none-eabi/9.3.1/../../../../arm-none-eabi/lib/thumb/v7e-m+fp/hard\libc_nano.a(lib_a-memset.o)
 .text.memset   0x0000000000000000       0x10 c:/st/stm32cubeide_1.7.0/stm32cubeide/plugins/com.st.stm32cube.ide.mcu.externaltools.gnu-tools-for-stm32.9-2020-q2-update.win32_2.0.0.202105311346/tools/bin/../lib/gcc/arm-none-eabi/9.3.1/../../../../arm-none-eabi/lib/thumb/v7e-m+fp/hard\libc_nano.a(lib_a-memset.o)
 .debug_frame   0x0000000000000000       0x20 c:/st/stm32cubeide_1.7.0/stm32cubeide/plugins/com.st.stm32cube.ide.mcu.externaltools.gnu-tools-for-stm32.9-2020-q2-update.win32_2.0.0.202105311346/tools/bin/../lib/gcc/arm-none-eabi/9.3.1/../../../../arm-none-eabi/lib/thumb/v7e-m+fp/hard\libc_nano.a(lib_a-memset.o)
 .ARM.attributes
                0x0000000000000000       0x34 c:/st/stm32cubeide_1.7.0/stm32cubeide/plugins/com.st.stm32cube.ide.mcu.externaltools.gnu-tools-for-stm32.9-2020-q2-update.win32_2.0.0.202105311346/tools/bin/../lib/gcc/arm-none-eabi/9.3.1/../../../../arm-none-eabi/lib/thumb/v7e-m+fp/hard\libc_nano.a(lib_a-memset.o)
 .text          0x0000000000000000        0x0 c:/st/stm32cubeide_1.7.0/stm32cubeide/plugins/com.st.stm32cube.ide.mcu.externaltools.gnu-tools-for-stm32.9-2020-q2-update.win32_2.0.0.202105311346/tools/bin/../lib/gcc/arm-none-eabi/9.3.1/thumb/v7e-m+fp/hard/crtend.o
 .data          0x0000000000000000        0x0 c:/st/stm32cubeide_1.7.0/stm32cubeide/plugins/com.st.stm32cube.ide.mcu.externaltools.gnu-tools-for-stm32.9-2020-q2-update.win32_2.0.0.202105311346/tools/bin/../lib/gcc/arm-none-eabi/9.3.1/thumb/v7e-m+fp/hard/crtend.o
 .bss           0x0000000000000000        0x0 c:/st/stm32cubeide_1.7.0/stm32cubeide/plugins/com.st.stm32cube.ide.mcu.externaltools.gnu-tools-for-stm32.9-2020-q2-update.win32_2.0.0.202105311346/tools/bin/../lib/gcc/arm-none-eabi/9.3.1/thumb/v7e-m+fp/hard/crtend.o
 .eh_frame      0x0000000000000000        0x4 c:/st/stm32cubeide_1.7.0/stm32cubeide/plugins/com.st.stm32cube.ide.mcu.externaltools.gnu-tools-for-stm32.9-2020-q2-update.win32_2.0.0.202105311346/tools/bin/../lib/gcc/arm-none-eabi/9.3.1/thumb/v7e-m+fp/hard/crtend.o
 .ARM.attributes
                0x0000000000000000       0x32 c:/st/stm32cubeide_1.7.0/stm32cubeide/plugins/com.st.stm32cube.ide.mcu.externaltools.gnu-tools-for-stm32.9-2020-q2-update.win32_2.0.0.202105311346/tools/bin/../lib/gcc/arm-none-eabi/9.3.1/thumb/v7e-m+fp/hard/crtend.o
 .text          0x0000000000000000        0x0 c:/st/stm32cubeide_1.7.0/stm32cubeide/plugins/com.st.stm32cube.ide.mcu.externaltools.gnu-tools-for-stm32.9-2020-q2-update.win32_2.0.0.202105311346/tools/bin/../lib/gcc/arm-none-eabi/9.3.1/thumb/v7e-m+fp/hard/crtn.o
 .data          0x0000000000000000        0x0 c:/st/stm32cubeide_1.7.0/stm32cubeide/plugins/com.st.stm32cube.ide.mcu.externaltools.gnu-tools-for-stm32.9-2020-q2-update.win32_2.0.0.202105311346/tools/bin/../lib/gcc/arm-none-eabi/9.3.1/thumb/v7e-m+fp/hard/crtn.o
 .bss           0x0000000000000000        0x0 c:/st/stm32cubeide_1.7.0/stm32cubeide/plugins/com.st.stm32cube.ide.mcu.externaltools.gnu-tools-for-stm32.9-2020-q2-update.win32_2.0.0.202105311346/tools/bin/../lib/gcc/arm-none-eabi/9.3.1/thumb/v7e-m+fp/hard/crtn.o

Memory Configuration

Name             Origin             Length             Attributes
CCMRAM           0x0000000010000000 0x0000000000010000 xrw
RAM              0x0000000020000000 0x0000000000020000 xrw
FLASH            0x0000000008000000 0x0000000000100000 xr
*default*        0x0000000000000000 0xffffffffffffffff

Linker script and memory map

LOAD c:/st/stm32cubeide_1.7.0/stm32cubeide/plugins/com.st.stm32cube.ide.mcu.externaltools.gnu-tools-for-stm32.9-2020-q2-update.win32_2.0.0.202105311346/tools/bin/../lib/gcc/arm-none-eabi/9.3.1/thumb/v7e-m+fp/hard/crti.o
LOAD c:/st/stm32cubeide_1.7.0/stm32cubeide/plugins/com.st.stm32cube.ide.mcu.externaltools.gnu-tools-for-stm32.9-2020-q2-update.win32_2.0.0.202105311346/tools/bin/../lib/gcc/arm-none-eabi/9.3.1/thumb/v7e-m+fp/hard/crtbegin.o
LOAD c:/st/stm32cubeide_1.7.0/stm32cubeide/plugins/com.st.stm32cube.ide.mcu.externaltools.gnu-tools-for-stm32.9-2020-q2-update.win32_2.0.0.202105311346/tools/bin/../lib/gcc/arm-none-eabi/9.3.1/../../../../arm-none-eabi/lib/thumb/v7e-m+fp/hard/crt0.o
LOAD ./ADC_Drivers/Src/stm32f4xx_ll_adc.o
LOAD ./ADC_Drivers/Src/stm32f4xx_ll_exti.o
LOAD ./ADC_Drivers/Src/stm32f4xx_ll_gpio.o
LOAD ./ADC_Drivers/Src/stm32f4xx_ll_rcc.o
LOAD ./ADC_Drivers/Src/stm32f4xx_ll_utils.o
LOAD ./Core/Src/ADC.o
LOAD ./Core/Src/main.o
LOAD ./Core/Src/syscalls.o
LOAD ./Core/Src/sysmem.o
LOAD ./Core/Startup/startup_stm32f407vgtx.o
START GROUP
LOAD c:/st/stm32cubeide_1.7.0/stm32cubeide/plugins/com.st.stm32cube.ide.mcu.externaltools.gnu-tools-for-stm32.9-2020-q2-update.win32_2.0.0.202105311346/tools/bin/../lib/gcc/arm-none-eabi/9.3.1/../../../../arm-none-eabi/lib/thumb/v7e-m+fp/hard\libc_nano.a
LOAD c:/st/stm32cubeide_1.7.0/stm32cubeide/plugins/com.st.stm32cube.ide.mcu.externaltools.gnu-tools-for-stm32.9-2020-q2-update.win32_2.0.0.202105311346/tools/bin/../lib/gcc/arm-none-eabi/9.3.1/../../../../arm-none-eabi/lib/thumb/v7e-m+fp/hard\libm.a
END GROUP
START GROUP
LOAD c:/st/stm32cubeide_1.7.0/stm32cubeide/plugins/com.st.stm32cube.ide.mcu.externaltools.gnu-tools-for-stm32.9-2020-q2-update.win32_2.0.0.202105311346/tools/bin/../lib/gcc/arm-none-eabi/9.3.1/thumb/v7e-m+fp/hard\libgcc.a
LOAD c:/st/stm32cubeide_1.7.0/stm32cubeide/plugins/com.st.stm32cube.ide.mcu.externaltools.gnu-tools-for-stm32.9-2020-q2-update.win32_2.0.0.202105311346/tools/bin/../lib/gcc/arm-none-eabi/9.3.1/../../../../arm-none-eabi/lib/thumb/v7e-m+fp/hard\libc_nano.a
END GROUP
START GROUP
LOAD c:/st/stm32cubeide_1.7.0/stm32cubeide/plugins/com.st.stm32cube.ide.mcu.externaltools.gnu-tools-for-stm32.9-2020-q2-update.win32_2.0.0.202105311346/tools/bin/../lib/gcc/arm-none-eabi/9.3.1/thumb/v7e-m+fp/hard\libgcc.a
LOAD c:/st/stm32cubeide_1.7.0/stm32cubeide/plugins/com.st.stm32cube.ide.mcu.externaltools.gnu-tools-for-stm32.9-2020-q2-update.win32_2.0.0.202105311346/tools/bin/../lib/gcc/arm-none-eabi/9.3.1/../../../../arm-none-eabi/lib/thumb/v7e-m+fp/hard\libc_nano.a
LOAD c:/st/stm32cubeide_1.7.0/stm32cubeide/plugins/com.st.stm32cube.ide.mcu.externaltools.gnu-tools-for-stm32.9-2020-q2-update.win32_2.0.0.202105311346/tools/bin/../lib/gcc/arm-none-eabi/9.3.1/../../../../arm-none-eabi/lib/thumb/v7e-m+fp/hard\libnosys.a
END GROUP
START GROUP
LOAD c:/st/stm32cubeide_1.7.0/stm32cubeide/plugins/com.st.stm32cube.ide.mcu.externaltools.gnu-tools-for-stm32.9-2020-q2-update.win32_2.0.0.202105311346/tools/bin/../lib/gcc/arm-none-eabi/9.3.1/thumb/v7e-m+fp/hard\libgcc.a
LOAD c:/st/stm32cubeide_1.7.0/stm32cubeide/plugins/com.st.stm32cube.ide.mcu.externaltools.gnu-tools-for-stm32.9-2020-q2-update.win32_2.0.0.202105311346/tools/bin/../lib/gcc/arm-none-eabi/9.3.1/../../../../arm-none-eabi/lib/thumb/v7e-m+fp/hard\libc_nano.a
LOAD c:/st/stm32cubeide_1.7.0/stm32cubeide/plugins/com.st.stm32cube.ide.mcu.externaltools.gnu-tools-for-stm32.9-2020-q2-update.win32_2.0.0.202105311346/tools/bin/../lib/gcc/arm-none-eabi/9.3.1/../../../../arm-none-eabi/lib/thumb/v7e-m+fp/hard\libnosys.a
END GROUP
LOAD c:/st/stm32cubeide_1.7.0/stm32cubeide/plugins/com.st.stm32cube.ide.mcu.externaltools.gnu-tools-for-stm32.9-2020-q2-update.win32_2.0.0.202105311346/tools/bin/../lib/gcc/arm-none-eabi/9.3.1/thumb/v7e-m+fp/hard/crtend.o
LOAD c:/st/stm32cubeide_1.7.0/stm32cubeide/plugins/com.st.stm32cube.ide.mcu.externaltools.gnu-tools-for-stm32.9-2020-q2-update.win32_2.0.0.202105311346/tools/bin/../lib/gcc/arm-none-eabi/9.3.1/thumb/v7e-m+fp/hard/crtn.o
                0x0000000020020000                _estack = (ORIGIN (RAM) + LENGTH (RAM))
                0x0000000000000200                _Min_Heap_Size = 0x200
                0x0000000000000400                _Min_Stack_Size = 0x400

.isr_vector     0x0000000008000000      0x1a8
                0x0000000008000000                . = ALIGN (0x4)
 *(.isr_vector)
 .isr_vector    0x0000000008000000      0x1a8 ./Core/Startup/startup_stm32f407vgtx.o
                0x0000000008000000                g_pfnVectors
                0x00000000080001a8                . = ALIGN (0x4)

.text           0x00000000080001a8      0x994
                0x00000000080001a8                . = ALIGN (0x4)
 *(.text)
 .text          0x00000000080001a8       0x40 c:/st/stm32cubeide_1.7.0/stm32cubeide/plugins/com.st.stm32cube.ide.mcu.externaltools.gnu-tools-for-stm32.9-2020-q2-update.win32_2.0.0.202105311346/tools/bin/../lib/gcc/arm-none-eabi/9.3.1/thumb/v7e-m+fp/hard/crtbegin.o
 *(.text*)
 .text.LL_ADC_REG_SetSequencerLength
                0x00000000080001e8       0x26 ./ADC_Drivers/Src/stm32f4xx_ll_adc.o
 .text.LL_ADC_IsEnabled
                0x000000000800020e       0x26 ./ADC_Drivers/Src/stm32f4xx_ll_adc.o
 .text.LL_ADC_CommonInit
                0x0000000008000234       0x90 ./ADC_Drivers/Src/stm32f4xx_ll_adc.o
                0x0000000008000234                LL_ADC_CommonInit
 .text.LL_ADC_Init
                0x00000000080002c4       0x58 ./ADC_Drivers/Src/stm32f4xx_ll_adc.o
                0x00000000080002c4                LL_ADC_Init
 .text.LL_ADC_REG_Init
                0x000000000800031c       0x84 ./ADC_Drivers/Src/stm32f4xx_ll_adc.o
                0x000000000800031c                LL_ADC_REG_Init
 .text.__NVIC_EnableIRQ
                0x00000000080003a0       0x3c ./Core/Src/ADC.o
 .text.__NVIC_SetPriority
                0x00000000080003dc       0x54 ./Core/Src/ADC.o
 .text.LL_ADC_REG_SetSequencerRanks
                0x0000000008000430       0x66 ./Core/Src/ADC.o
 .text.LL_ADC_REG_SetFlagEndOfConversion
                0x0000000008000496       0x26 ./Core/Src/ADC.o
 .text.LL_ADC_SetChannelSamplingTime
                0x00000000080004bc       0x92 ./Core/Src/ADC.o
 .text.LL_ADC_Disable
                0x000000000800054e       0x20 ./Core/Src/ADC.o
 .text.LL_ADC_EnableIT_EOCS
                0x000000000800056e       0x20 ./Core/Src/ADC.o
 .text.LL_ADC_EnableIT_OVR
                0x000000000800058e       0x20 ./Core/Src/ADC.o
 .text.LL_ADC_EnableIT_JEOS
                0x00000000080005ae       0x20 ./Core/Src/ADC.o
 .text.LL_ADC_EnableIT_AWD1
                0x00000000080005ce       0x20 ./Core/Src/ADC.o
 .text.ADC_Init
                0x00000000080005ee       0x34 ./Core/Src/ADC.o
                0x00000000080005ee                ADC_Init
 .text.ADC_REG_Init
                0x0000000008000622       0x4a ./Core/Src/ADC.o
                0x0000000008000622                ADC_REG_Init
 .text.ADC_Com_Init
                0x000000000800066c       0x38 ./Core/Src/ADC.o
                0x000000000800066c                ADC_Com_Init
 .text.ADC_Channel_Init
                0x00000000080006a4       0x28 ./Core/Src/ADC.o
                0x00000000080006a4                ADC_Channel_Init
 .text.ADC_IRQ_Init
                0x00000000080006cc       0x1e ./Core/Src/ADC.o
                0x00000000080006cc                ADC_IRQ_Init
 *fill*         0x00000000080006ea        0x2 
 .text.ADC_IType_Enable
                0x00000000080006ec       0x58 ./Core/Src/ADC.o
                0x00000000080006ec                ADC_IType_Enable
 .text.LL_GPIO_SetPinMode
                0x0000000008000744       0x5e ./Core/Src/main.o
 .text.LL_GPIO_IsInputPinSet
                0x00000000080007a2       0x2a ./Core/Src/main.o
 .text.LL_GPIO_TogglePin
                0x00000000080007cc       0x32 ./Core/Src/main.o
 .text.LL_ADC_Enable
                0x00000000080007fe       0x20 ./Core/Src/main.o
 .text.LL_ADC_REG_StartConversionSWStart
                0x000000000800081e       0x20 ./Core/Src/main.o
 .text.LL_ADC_REG_ReadConversionData32
                0x000000000800083e       0x1a ./Core/Src/main.o
 .text.LL_ADC_IsActiveFlag_EOCS
                0x0000000008000858       0x26 ./Core/Src/main.o
 .text.LL_ADC_IsActiveFlag_OVR
                0x000000000800087e       0x26 ./Core/Src/main.o
 .text.LL_ADC_ClearFlag_EOCS
                0x00000000080008a4       0x1c ./Core/Src/main.o
 .text.LL_ADC_IsEnabledIT_EOCS
                0x00000000080008c0       0x26 ./Core/Src/main.o
 .text.LL_ADC_IsEnabledIT_OVR
                0x00000000080008e6       0x28 ./Core/Src/main.o
 *fill*         0x000000000800090e        0x2 
 .text.LL_AHB1_GRP1_EnableClock
                0x0000000008000910       0x30 ./Core/Src/main.o
 .text.LL_APB2_GRP1_EnableClock
                0x0000000008000940       0x30 ./Core/Src/main.o
 .text.main     0x0000000008000970       0xac ./Core/Src/main.o
                0x0000000008000970                main
 .text.ADC_IRQHandler
                0x0000000008000a1c       0x6c ./Core/Src/main.o
                0x0000000008000a1c                ADC_IRQHandler
 .text.Reset_Handler
                0x0000000008000a88       0x50 ./Core/Startup/startup_stm32f407vgtx.o
                0x0000000008000a88                Reset_Handler
 .text.Default_Handler
                0x0000000008000ad8        0x2 ./Core/Startup/startup_stm32f407vgtx.o
                0x0000000008000ad8                RTC_Alarm_IRQHandler
                0x0000000008000ad8                HASH_RNG_IRQHandler
                0x0000000008000ad8                EXTI2_IRQHandler
                0x0000000008000ad8                TIM8_CC_IRQHandler
                0x0000000008000ad8                DebugMon_Handler
                0x0000000008000ad8                TIM1_CC_IRQHandler
                0x0000000008000ad8                DMA2_Stream5_IRQHandler
                0x0000000008000ad8                HardFault_Handler
                0x0000000008000ad8                DMA1_Stream5_IRQHandler
                0x0000000008000ad8                SysTick_Handler
                0x0000000008000ad8                PVD_IRQHandler
                0x0000000008000ad8                SDIO_IRQHandler
                0x0000000008000ad8                TAMP_STAMP_IRQHandler
                0x0000000008000ad8                PendSV_Handler
                0x0000000008000ad8                NMI_Handler
                0x0000000008000ad8                CAN2_RX1_IRQHandler
                0x0000000008000ad8                EXTI3_IRQHandler
                0x0000000008000ad8                TIM8_TRG_COM_TIM14_IRQHandler
                0x0000000008000ad8                TIM1_UP_TIM10_IRQHandler
                0x0000000008000ad8                TIM8_UP_TIM13_IRQHandler
                0x0000000008000ad8                I2C3_ER_IRQHandler
                0x0000000008000ad8                LCD_TFT_IRQHandler
                0x0000000008000ad8                EXTI0_IRQHandler
                0x0000000008000ad8                I2C2_EV_IRQHandler
                0x0000000008000ad8                DMA1_Stream2_IRQHandler
                0x0000000008000ad8                CAN1_RX0_IRQHandler
                0x0000000008000ad8                FPU_IRQHandler
                0x0000000008000ad8                OTG_HS_WKUP_IRQHandler
                0x0000000008000ad8                UsageFault_Handler
                0x0000000008000ad8                CAN2_SCE_IRQHandler
                0x0000000008000ad8                DMA2_Stream2_IRQHandler
                0x0000000008000ad8                SPI1_IRQHandler
                0x0000000008000ad8                TIM6_DAC_IRQHandler
                0x0000000008000ad8                TIM1_BRK_TIM9_IRQHandler
                0x0000000008000ad8                DCMI_IRQHandler
                0x0000000008000ad8                CAN2_RX0_IRQHandler
                0x0000000008000ad8                DMA2_Stream3_IRQHandler
                0x0000000008000ad8                USART6_IRQHandler
                0x0000000008000ad8                USART3_IRQHandler
                0x0000000008000ad8                CRYP_IRQHandler
                0x0000000008000ad8                CAN1_RX1_IRQHandler
                0x0000000008000ad8                UART5_IRQHandler
                0x0000000008000ad8                DMA2_Stream0_IRQHandler
                0x0000000008000ad8                TIM4_IRQHandler
                0x0000000008000ad8                I2C1_EV_IRQHandler
                0x0000000008000ad8                DMA1_Stream6_IRQHandler
                0x0000000008000ad8                DMA1_Stream1_IRQHandler
                0x0000000008000ad8                UART4_IRQHandler
                0x0000000008000ad8                LCD_TFT_1_IRQHandler
                0x0000000008000ad8                TIM3_IRQHandler
                0x0000000008000ad8                RCC_IRQHandler
                0x0000000008000ad8                TIM8_BRK_TIM12_IRQHandler
                0x0000000008000ad8                Default_Handler
                0x0000000008000ad8                EXTI15_10_IRQHandler
                0x0000000008000ad8                DMA1_Stream7_IRQHandler
                0x0000000008000ad8                TIM7_IRQHandler
                0x0000000008000ad8                CAN2_TX_IRQHandler
                0x0000000008000ad8                TIM5_IRQHandler
                0x0000000008000ad8                DMA2_Stream7_IRQHandler
                0x0000000008000ad8                I2C3_EV_IRQHandler
                0x0000000008000ad8                EXTI9_5_IRQHandler
                0x0000000008000ad8                RTC_WKUP_IRQHandler
                0x0000000008000ad8                ETH_WKUP_IRQHandler
                0x0000000008000ad8                SPI2_IRQHandler
                0x0000000008000ad8                OTG_HS_EP1_IN_IRQHandler
                0x0000000008000ad8                MemManage_Handler
                0x0000000008000ad8                DMA1_Stream0_IRQHandler
                0x0000000008000ad8                CAN1_TX_IRQHandler
                0x0000000008000ad8                SVC_Handler
                0x0000000008000ad8                EXTI4_IRQHandler
                0x0000000008000ad8                FSMC_IRQHandler
                0x0000000008000ad8                ETH_IRQHandler
                0x0000000008000ad8                OTG_HS_EP1_OUT_IRQHandler
                0x0000000008000ad8                WWDG_IRQHandler
                0x0000000008000ad8                TIM2_IRQHandler
                0x0000000008000ad8                OTG_FS_WKUP_IRQHandler
                0x0000000008000ad8                TIM1_TRG_COM_TIM11_IRQHandler
                0x0000000008000ad8                OTG_HS_IRQHandler
                0x0000000008000ad8                EXTI1_IRQHandler
                0x0000000008000ad8                USART2_IRQHandler
                0x0000000008000ad8                I2C2_ER_IRQHandler
                0x0000000008000ad8                DMA2_Stream1_IRQHandler
                0x0000000008000ad8                CAN1_SCE_IRQHandler
                0x0000000008000ad8                DMA2_Stream4_IRQHandler
                0x0000000008000ad8                BusFault_Handler
                0x0000000008000ad8                USART1_IRQHandler
                0x0000000008000ad8                OTG_FS_IRQHandler
                0x0000000008000ad8                SPI3_IRQHandler
                0x0000000008000ad8                DMA1_Stream4_IRQHandler
                0x0000000008000ad8                I2C1_ER_IRQHandler
                0x0000000008000ad8                DMA2_Stream6_IRQHandler
                0x0000000008000ad8                DMA1_Stream3_IRQHandler
 *fill*         0x0000000008000ada        0x2 
 .text.__libc_init_array
                0x0000000008000adc       0x48 c:/st/stm32cubeide_1.7.0/stm32cubeide/plugins/com.st.stm32cube.ide.mcu.externaltools.gnu-tools-for-stm32.9-2020-q2-update.win32_2.0.0.202105311346/tools/bin/../lib/gcc/arm-none-eabi/9.3.1/../../../../arm-none-eabi/lib/thumb/v7e-m+fp/hard\libc_nano.a(lib_a-init.o)
                0x0000000008000adc                __libc_init_array
 *(.glue_7)
 .glue_7        0x0000000008000b24        0x0 linker stubs
 *(.glue_7t)
 .glue_7t       0x0000000008000b24        0x0 linker stubs
 *(.eh_frame)
 .eh_frame      0x0000000008000b24        0x0 c:/st/stm32cubeide_1.7.0/stm32cubeide/plugins/com.st.stm32cube.ide.mcu.externaltools.gnu-tools-for-stm32.9-2020-q2-update.win32_2.0.0.202105311346/tools/bin/../lib/gcc/arm-none-eabi/9.3.1/thumb/v7e-m+fp/hard/crtbegin.o
 *(.init)
 .init          0x0000000008000b24        0x4 c:/st/stm32cubeide_1.7.0/stm32cubeide/plugins/com.st.stm32cube.ide.mcu.externaltools.gnu-tools-for-stm32.9-2020-q2-update.win32_2.0.0.202105311346/tools/bin/../lib/gcc/arm-none-eabi/9.3.1/thumb/v7e-m+fp/hard/crti.o
                0x0000000008000b24                _init
 .init          0x0000000008000b28        0x8 c:/st/stm32cubeide_1.7.0/stm32cubeide/plugins/com.st.stm32cube.ide.mcu.externaltools.gnu-tools-for-stm32.9-2020-q2-update.win32_2.0.0.202105311346/tools/bin/../lib/gcc/arm-none-eabi/9.3.1/thumb/v7e-m+fp/hard/crtn.o
 *(.fini)
 .fini          0x0000000008000b30        0x4 c:/st/stm32cubeide_1.7.0/stm32cubeide/plugins/com.st.stm32cube.ide.mcu.externaltools.gnu-tools-for-stm32.9-2020-q2-update.win32_2.0.0.202105311346/tools/bin/../lib/gcc/arm-none-eabi/9.3.1/thumb/v7e-m+fp/hard/crti.o
                0x0000000008000b30                _fini
 .fini          0x0000000008000b34        0x8 c:/st/stm32cubeide_1.7.0/stm32cubeide/plugins/com.st.stm32cube.ide.mcu.externaltools.gnu-tools-for-stm32.9-2020-q2-update.win32_2.0.0.202105311346/tools/bin/../lib/gcc/arm-none-eabi/9.3.1/thumb/v7e-m+fp/hard/crtn.o
                0x0000000008000b3c                . = ALIGN (0x4)
                0x0000000008000b3c                _etext = .

.vfp11_veneer   0x0000000008000b3c        0x0
 .vfp11_veneer  0x0000000008000b3c        0x0 linker stubs

.v4_bx          0x0000000008000b3c        0x0
 .v4_bx         0x0000000008000b3c        0x0 linker stubs

.iplt           0x0000000008000b3c        0x0
 .iplt          0x0000000008000b3c        0x0 c:/st/stm32cubeide_1.7.0/stm32cubeide/plugins/com.st.stm32cube.ide.mcu.externaltools.gnu-tools-for-stm32.9-2020-q2-update.win32_2.0.0.202105311346/tools/bin/../lib/gcc/arm-none-eabi/9.3.1/thumb/v7e-m+fp/hard/crtbegin.o

.rel.dyn        0x0000000008000b3c        0x0
 .rel.iplt      0x0000000008000b3c        0x0 c:/st/stm32cubeide_1.7.0/stm32cubeide/plugins/com.st.stm32cube.ide.mcu.externaltools.gnu-tools-for-stm32.9-2020-q2-update.win32_2.0.0.202105311346/tools/bin/../lib/gcc/arm-none-eabi/9.3.1/thumb/v7e-m+fp/hard/crtbegin.o

.rodata         0x0000000008000b3c        0x0
                0x0000000008000b3c                . = ALIGN (0x4)
 *(.rodata)
 *(.rodata*)
                0x0000000008000b3c                . = ALIGN (0x4)

.ARM.extab      0x0000000008000b3c        0x0
                0x0000000008000b3c                . = ALIGN (0x4)
 *(.ARM.extab* .gnu.linkonce.armextab.*)
                0x0000000008000b3c                . = ALIGN (0x4)

.ARM            0x0000000008000b3c        0x0
                0x0000000008000b3c                . = ALIGN (0x4)
                0x0000000008000b3c                __exidx_start = .
 *(.ARM.exidx*)
                0x0000000008000b3c                __exidx_end = .
                0x0000000008000b3c                . = ALIGN (0x4)

.preinit_array  0x0000000008000b3c        0x0
                0x0000000008000b3c                . = ALIGN (0x4)
                0x0000000008000b3c                PROVIDE (__preinit_array_start = .)
 *(.preinit_array*)
                0x0000000008000b3c                PROVIDE (__preinit_array_end = .)
                0x0000000008000b3c                . = ALIGN (0x4)

.init_array     0x0000000008000b3c        0x4
                0x0000000008000b3c                . = ALIGN (0x4)
                0x0000000008000b3c                PROVIDE (__init_array_start = .)
 *(SORT_BY_NAME(.init_array.*))
 *(.init_array*)
 .init_array    0x0000000008000b3c        0x4 c:/st/stm32cubeide_1.7.0/stm32cubeide/plugins/com.st.stm32cube.ide.mcu.externaltools.gnu-tools-for-stm32.9-2020-q2-update.win32_2.0.0.202105311346/tools/bin/../lib/gcc/arm-none-eabi/9.3.1/thumb/v7e-m+fp/hard/crtbegin.o
                0x0000000008000b40                PROVIDE (__init_array_end = .)
                0x0000000008000b40                . = ALIGN (0x4)

.fini_array     0x0000000008000b40        0x4
                0x0000000008000b40                . = ALIGN (0x4)
                [!provide]                        PROVIDE (__fini_array_start = .)
 *(SORT_BY_NAME(.fini_array.*))
 *(.fini_array*)
 .fini_array    0x0000000008000b40        0x4 c:/st/stm32cubeide_1.7.0/stm32cubeide/plugins/com.st.stm32cube.ide.mcu.externaltools.gnu-tools-for-stm32.9-2020-q2-update.win32_2.0.0.202105311346/tools/bin/../lib/gcc/arm-none-eabi/9.3.1/thumb/v7e-m+fp/hard/crtbegin.o
                [!provide]                        PROVIDE (__fini_array_end = .)
                0x0000000008000b44                . = ALIGN (0x4)
                0x0000000008000b44                _sidata = LOADADDR (.data)

.data           0x0000000020000000        0x0 load address 0x0000000008000b44
                0x0000000020000000                . = ALIGN (0x4)
                0x0000000020000000                _sdata = .
 *(.data)
 *(.data*)
 *(.RamFunc)
 *(.RamFunc*)
                0x0000000020000000                . = ALIGN (0x4)
                0x0000000020000000                _edata = .
                0x0000000008000b44                _siccmram = LOADADDR (.ccmram)

.igot.plt       0x0000000020000000        0x0 load address 0x0000000008000b44
 .igot.plt      0x0000000020000000        0x0 c:/st/stm32cubeide_1.7.0/stm32cubeide/plugins/com.st.stm32cube.ide.mcu.externaltools.gnu-tools-for-stm32.9-2020-q2-update.win32_2.0.0.202105311346/tools/bin/../lib/gcc/arm-none-eabi/9.3.1/thumb/v7e-m+fp/hard/crtbegin.o

.ccmram         0x0000000010000000        0x0 load address 0x0000000008000b44
                0x0000000010000000                . = ALIGN (0x4)
                0x0000000010000000                _sccmram = .
 *(.ccmram)
 *(.ccmram*)
                0x0000000010000000                . = ALIGN (0x4)
                0x0000000010000000                _eccmram = .
                0x0000000010000000                . = ALIGN (0x4)

.bss            0x0000000020000000       0x24
                0x0000000020000000                _sbss = .
                0x0000000020000000                __bss_start__ = _sbss
 *(.bss)
 .bss           0x0000000020000000       0x1c c:/st/stm32cubeide_1.7.0/stm32cubeide/plugins/com.st.stm32cube.ide.mcu.externaltools.gnu-tools-for-stm32.9-2020-q2-update.win32_2.0.0.202105311346/tools/bin/../lib/gcc/arm-none-eabi/9.3.1/thumb/v7e-m+fp/hard/crtbegin.o
 *(.bss*)
 *(COMMON)
 COMMON         0x000000002000001c        0x8 ./Core/Src/main.o
                0x000000002000001c                temp
                0x0000000020000020                val
                0x0000000020000024                . = ALIGN (0x4)
                0x0000000020000024                _ebss = .
                0x0000000020000024                __bss_end__ = _ebss

._user_heap_stack
                0x0000000020000024      0x604
                0x0000000020000028                . = ALIGN (0x8)
 *fill*         0x0000000020000024        0x4 
                [!provide]                        PROVIDE (end = .)
                0x0000000020000028                PROVIDE (_end = .)
                0x0000000020000228                . = (. + _Min_Heap_Size)
 *fill*         0x0000000020000028      0x200 
                0x0000000020000628                . = (. + _Min_Stack_Size)
 *fill*         0x0000000020000228      0x400 
                0x0000000020000628                . = ALIGN (0x8)

/DISCARD/
 libc.a(*)
 libm.a(*)
 libgcc.a(*)

.ARM.attributes
                0x0000000000000000       0x30
 *(.ARM.attributes)
 .ARM.attributes
                0x0000000000000000       0x1e c:/st/stm32cubeide_1.7.0/stm32cubeide/plugins/com.st.stm32cube.ide.mcu.externaltools.gnu-tools-for-stm32.9-2020-q2-update.win32_2.0.0.202105311346/tools/bin/../lib/gcc/arm-none-eabi/9.3.1/thumb/v7e-m+fp/hard/crti.o
 .ARM.attributes
                0x000000000000001e       0x34 c:/st/stm32cubeide_1.7.0/stm32cubeide/plugins/com.st.stm32cube.ide.mcu.externaltools.gnu-tools-for-stm32.9-2020-q2-update.win32_2.0.0.202105311346/tools/bin/../lib/gcc/arm-none-eabi/9.3.1/thumb/v7e-m+fp/hard/crtbegin.o
 .ARM.attributes
                0x0000000000000052       0x34 ./ADC_Drivers/Src/stm32f4xx_ll_adc.o
 .ARM.attributes
                0x0000000000000086       0x34 ./Core/Src/ADC.o
 .ARM.attributes
                0x00000000000000ba       0x34 ./Core/Src/main.o
 .ARM.attributes
                0x00000000000000ee       0x21 ./Core/Startup/startup_stm32f407vgtx.o
 .ARM.attributes
                0x000000000000010f       0x34 c:/st/stm32cubeide_1.7.0/stm32cubeide/plugins/com.st.stm32cube.ide.mcu.externaltools.gnu-tools-for-stm32.9-2020-q2-update.win32_2.0.0.202105311346/tools/bin/../lib/gcc/arm-none-eabi/9.3.1/../../../../arm-none-eabi/lib/thumb/v7e-m+fp/hard\libc_nano.a(lib_a-init.o)
 .ARM.attributes
                0x0000000000000143       0x1e c:/st/stm32cubeide_1.7.0/stm32cubeide/plugins/com.st.stm32cube.ide.mcu.externaltools.gnu-tools-for-stm32.9-2020-q2-update.win32_2.0.0.202105311346/tools/bin/../lib/gcc/arm-none-eabi/9.3.1/thumb/v7e-m+fp/hard/crtn.o
OUTPUT(ADC.elf elf32-littlearm)
LOAD linker stubs
LOAD c:/st/stm32cubeide_1.7.0/stm32cubeide/plugins/com.st.stm32cube.ide.mcu.externaltools.gnu-tools-for-stm32.9-2020-q2-update.win32_2.0.0.202105311346/tools/bin/../lib/gcc/arm-none-eabi/9.3.1/../../../../arm-none-eabi/lib/thumb/v7e-m+fp/hard\libc.a
LOAD c:/st/stm32cubeide_1.7.0/stm32cubeide/plugins/com.st.stm32cube.ide.mcu.externaltools.gnu-tools-for-stm32.9-2020-q2-update.win32_2.0.0.202105311346/tools/bin/../lib/gcc/arm-none-eabi/9.3.1/../../../../arm-none-eabi/lib/thumb/v7e-m+fp/hard\libm.a
LOAD c:/st/stm32cubeide_1.7.0/stm32cubeide/plugins/com.st.stm32cube.ide.mcu.externaltools.gnu-tools-for-stm32.9-2020-q2-update.win32_2.0.0.202105311346/tools/bin/../lib/gcc/arm-none-eabi/9.3.1/thumb/v7e-m+fp/hard\libgcc.a

.debug_info     0x0000000000000000     0x21ad
 .debug_info    0x0000000000000000      0x985 ./ADC_Drivers/Src/stm32f4xx_ll_adc.o
 .debug_info    0x0000000000000985      0xfb7 ./Core/Src/ADC.o
 .debug_info    0x000000000000193c      0x84f ./Core/Src/main.o
 .debug_info    0x000000000000218b       0x22 ./Core/Startup/startup_stm32f407vgtx.o

.debug_abbrev   0x0000000000000000      0x6ae
 .debug_abbrev  0x0000000000000000      0x1c2 ./ADC_Drivers/Src/stm32f4xx_ll_adc.o
 .debug_abbrev  0x00000000000001c2      0x287 ./Core/Src/ADC.o
 .debug_abbrev  0x0000000000000449      0x253 ./Core/Src/main.o
 .debug_abbrev  0x000000000000069c       0x12 ./Core/Startup/startup_stm32f407vgtx.o

.debug_aranges  0x0000000000000000      0x248
 .debug_aranges
                0x0000000000000000       0xa8 ./ADC_Drivers/Src/stm32f4xx_ll_adc.o
 .debug_aranges
                0x00000000000000a8       0xe8 ./Core/Src/ADC.o
 .debug_aranges
                0x0000000000000190       0x90 ./Core/Src/main.o
 .debug_aranges
                0x0000000000000220       0x28 ./Core/Startup/startup_stm32f407vgtx.o

.debug_ranges   0x0000000000000000      0x210
 .debug_ranges  0x0000000000000000       0x98 ./ADC_Drivers/Src/stm32f4xx_ll_adc.o
 .debug_ranges  0x0000000000000098       0xd8 ./Core/Src/ADC.o
 .debug_ranges  0x0000000000000170       0x80 ./Core/Src/main.o
 .debug_ranges  0x00000000000001f0       0x20 ./Core/Startup/startup_stm32f407vgtx.o

.debug_macro    0x0000000000000000    0x19d46
 .debug_macro   0x0000000000000000      0x16e ./ADC_Drivers/Src/stm32f4xx_ll_adc.o
 .debug_macro   0x000000000000016e      0xaa8 ./ADC_Drivers/Src/stm32f4xx_ll_adc.o
 .debug_macro   0x0000000000000c16       0x2e ./ADC_Drivers/Src/stm32f4xx_ll_adc.o
 .debug_macro   0x0000000000000c44       0x2f ./ADC_Drivers/Src/stm32f4xx_ll_adc.o
 .debug_macro   0x0000000000000c73       0x22 ./ADC_Drivers/Src/stm32f4xx_ll_adc.o
 .debug_macro   0x0000000000000c95       0x8e ./ADC_Drivers/Src/stm32f4xx_ll_adc.o
 .debug_macro   0x0000000000000d23       0x51 ./ADC_Drivers/Src/stm32f4xx_ll_adc.o
 .debug_macro   0x0000000000000d74      0x103 ./ADC_Drivers/Src/stm32f4xx_ll_adc.o
 .debug_macro   0x0000000000000e77       0x6a ./ADC_Drivers/Src/stm32f4xx_ll_adc.o
 .debug_macro   0x0000000000000ee1      0x1df ./ADC_Drivers/Src/stm32f4xx_ll_adc.o
 .debug_macro   0x00000000000010c0       0x1c ./ADC_Drivers/Src/stm32f4xx_ll_adc.o
 .debug_macro   0x00000000000010dc       0x22 ./ADC_Drivers/Src/stm32f4xx_ll_adc.o
 .debug_macro   0x00000000000010fe       0xdf ./ADC_Drivers/Src/stm32f4xx_ll_adc.o
 .debug_macro   0x00000000000011dd     0x102d ./ADC_Drivers/Src/stm32f4xx_ll_adc.o
 .debug_macro   0x000000000000220a      0x11f ./ADC_Drivers/Src/stm32f4xx_ll_adc.o
 .debug_macro   0x0000000000002329    0x15e3c ./ADC_Drivers/Src/stm32f4xx_ll_adc.o
 .debug_macro   0x0000000000018165       0x43 ./ADC_Drivers/Src/stm32f4xx_ll_adc.o
 .debug_macro   0x00000000000181a8      0xb4e ./ADC_Drivers/Src/stm32f4xx_ll_adc.o
 .debug_macro   0x0000000000018cf6      0x1d5 ./ADC_Drivers/Src/stm32f4xx_ll_adc.o
 .debug_macro   0x0000000000018ecb      0x107 ./Core/Src/ADC.o
 .debug_macro   0x0000000000018fd2      0xb54 ./Core/Src/ADC.o
 .debug_macro   0x0000000000019b26       0xe8 ./Core/Src/ADC.o
 .debug_macro   0x0000000000019c0e       0x16 ./Core/Src/ADC.o
 .debug_macro   0x0000000000019c24      0x122 ./Core/Src/main.o

.debug_line     0x0000000000000000     0x1802
 .debug_line    0x0000000000000000      0x796 ./ADC_Drivers/Src/stm32f4xx_ll_adc.o
 .debug_line    0x0000000000000796      0x8b0 ./Core/Src/ADC.o
 .debug_line    0x0000000000001046      0x733 ./Core/Src/main.o
 .debug_line    0x0000000000001779       0x89 ./Core/Startup/startup_stm32f407vgtx.o

.debug_str      0x0000000000000000    0x95081
 .debug_str     0x0000000000000000    0x92b2d ./ADC_Drivers/Src/stm32f4xx_ll_adc.o
                                      0x92cd0 (size before relaxing)
 .debug_str     0x0000000000092b2d     0x1529 ./Core/Src/ADC.o
                                      0x91c15 (size before relaxing)
 .debug_str     0x0000000000094056      0xff5 ./Core/Src/main.o
                                      0x923d0 (size before relaxing)
 .debug_str     0x000000000009504b       0x36 ./Core/Startup/startup_stm32f407vgtx.o
                                         0x99 (size before relaxing)

.comment        0x0000000000000000       0x53
 .comment       0x0000000000000000       0x53 ./ADC_Drivers/Src/stm32f4xx_ll_adc.o
                                         0x54 (size before relaxing)
 .comment       0x0000000000000053       0x54 ./Core/Src/ADC.o
 .comment       0x0000000000000053       0x54 ./Core/Src/main.o

.debug_frame    0x0000000000000000      0x948
 .debug_frame   0x0000000000000000      0x2cc ./ADC_Drivers/Src/stm32f4xx_ll_adc.o
 .debug_frame   0x00000000000002cc      0x400 ./Core/Src/ADC.o
 .debug_frame   0x00000000000006cc      0x250 ./Core/Src/main.o
 .debug_frame   0x000000000000091c       0x2c c:/st/stm32cubeide_1.7.0/stm32cubeide/plugins/com.st.stm32cube.ide.mcu.externaltools.gnu-tools-for-stm32.9-2020-q2-update.win32_2.0.0.202105311346/tools/bin/../lib/gcc/arm-none-eabi/9.3.1/../../../../arm-none-eabi/lib/thumb/v7e-m+fp/hard\libc_nano.a(lib_a-init.o)
