Archive member included to satisfy reference by file (symbol)

c:/st/stm32cubeide_1.7.0/stm32cubeide/plugins/com.st.stm32cube.ide.mcu.externaltools.gnu-tools-for-stm32.9-2020-q2-update.win32_2.0.0.202105311346/tools/bin/../lib/gcc/arm-none-eabi/9.3.1/../../../../arm-none-eabi/lib/thumb/v7e-m+fp/hard\libc_nano.a(lib_a-errno.o)
                              ./Core/Src/syscalls.o (__errno)
c:/st/stm32cubeide_1.7.0/stm32cubeide/plugins/com.st.stm32cube.ide.mcu.externaltools.gnu-tools-for-stm32.9-2020-q2-update.win32_2.0.0.202105311346/tools/bin/../lib/gcc/arm-none-eabi/9.3.1/../../../../arm-none-eabi/lib/thumb/v7e-m+fp/hard\libc_nano.a(lib_a-exit.o)
                              c:/st/stm32cubeide_1.7.0/stm32cubeide/plugins/com.st.stm32cube.ide.mcu.externaltools.gnu-tools-for-stm32.9-2020-q2-update.win32_2.0.0.202105311346/tools/bin/../lib/gcc/arm-none-eabi/9.3.1/../../../../arm-none-eabi/lib/thumb/v7e-m+fp/hard/crt0.o (exit)
c:/st/stm32cubeide_1.7.0/stm32cubeide/plugins/com.st.stm32cube.ide.mcu.externaltools.gnu-tools-for-stm32.9-2020-q2-update.win32_2.0.0.202105311346/tools/bin/../lib/gcc/arm-none-eabi/9.3.1/../../../../arm-none-eabi/lib/thumb/v7e-m+fp/hard\libc_nano.a(lib_a-impure.o)
                              c:/st/stm32cubeide_1.7.0/stm32cubeide/plugins/com.st.stm32cube.ide.mcu.externaltools.gnu-tools-for-stm32.9-2020-q2-update.win32_2.0.0.202105311346/tools/bin/../lib/gcc/arm-none-eabi/9.3.1/../../../../arm-none-eabi/lib/thumb/v7e-m+fp/hard\libc_nano.a(lib_a-exit.o) (_global_impure_ptr)
c:/st/stm32cubeide_1.7.0/stm32cubeide/plugins/com.st.stm32cube.ide.mcu.externaltools.gnu-tools-for-stm32.9-2020-q2-update.win32_2.0.0.202105311346/tools/bin/../lib/gcc/arm-none-eabi/9.3.1/../../../../arm-none-eabi/lib/thumb/v7e-m+fp/hard\libc_nano.a(lib_a-init.o)
                              c:/st/stm32cubeide_1.7.0/stm32cubeide/plugins/com.st.stm32cube.ide.mcu.externaltools.gnu-tools-for-stm32.9-2020-q2-update.win32_2.0.0.202105311346/tools/bin/../lib/gcc/arm-none-eabi/9.3.1/../../../../arm-none-eabi/lib/thumb/v7e-m+fp/hard/crt0.o (__libc_init_array)
c:/st/stm32cubeide_1.7.0/stm32cubeide/plugins/com.st.stm32cube.ide.mcu.externaltools.gnu-tools-for-stm32.9-2020-q2-update.win32_2.0.0.202105311346/tools/bin/../lib/gcc/arm-none-eabi/9.3.1/../../../../arm-none-eabi/lib/thumb/v7e-m+fp/hard\libc_nano.a(lib_a-memset.o)
                              c:/st/stm32cubeide_1.7.0/stm32cubeide/plugins/com.st.stm32cube.ide.mcu.externaltools.gnu-tools-for-stm32.9-2020-q2-update.win32_2.0.0.202105311346/tools/bin/../lib/gcc/arm-none-eabi/9.3.1/../../../../arm-none-eabi/lib/thumb/v7e-m+fp/hard/crt0.o (memset)

Discarded input sections

 .text          0x0000000000000000        0x0 c:/st/stm32cubeide_1.7.0/stm32cubeide/plugins/com.st.stm32cube.ide.mcu.externaltools.gnu-tools-for-stm32.9-2020-q2-update.win32_2.0.0.202105311346/tools/bin/../lib/gcc/arm-none-eabi/9.3.1/thumb/v7e-m+fp/hard/crti.o
 .data          0x0000000000000000        0x0 c:/st/stm32cubeide_1.7.0/stm32cubeide/plugins/com.st.stm32cube.ide.mcu.externaltools.gnu-tools-for-stm32.9-2020-q2-update.win32_2.0.0.202105311346/tools/bin/../lib/gcc/arm-none-eabi/9.3.1/thumb/v7e-m+fp/hard/crti.o
 .bss           0x0000000000000000        0x0 c:/st/stm32cubeide_1.7.0/stm32cubeide/plugins/com.st.stm32cube.ide.mcu.externaltools.gnu-tools-for-stm32.9-2020-q2-update.win32_2.0.0.202105311346/tools/bin/../lib/gcc/arm-none-eabi/9.3.1/thumb/v7e-m+fp/hard/crti.o
 .data          0x0000000000000000        0x4 c:/st/stm32cubeide_1.7.0/stm32cubeide/plugins/com.st.stm32cube.ide.mcu.externaltools.gnu-tools-for-stm32.9-2020-q2-update.win32_2.0.0.202105311346/tools/bin/../lib/gcc/arm-none-eabi/9.3.1/thumb/v7e-m+fp/hard/crtbegin.o
 .text          0x0000000000000000       0x7c c:/st/stm32cubeide_1.7.0/stm32cubeide/plugins/com.st.stm32cube.ide.mcu.externaltools.gnu-tools-for-stm32.9-2020-q2-update.win32_2.0.0.202105311346/tools/bin/../lib/gcc/arm-none-eabi/9.3.1/../../../../arm-none-eabi/lib/thumb/v7e-m+fp/hard/crt0.o
 .data          0x0000000000000000        0x0 c:/st/stm32cubeide_1.7.0/stm32cubeide/plugins/com.st.stm32cube.ide.mcu.externaltools.gnu-tools-for-stm32.9-2020-q2-update.win32_2.0.0.202105311346/tools/bin/../lib/gcc/arm-none-eabi/9.3.1/../../../../arm-none-eabi/lib/thumb/v7e-m+fp/hard/crt0.o
 .bss           0x0000000000000000        0x0 c:/st/stm32cubeide_1.7.0/stm32cubeide/plugins/com.st.stm32cube.ide.mcu.externaltools.gnu-tools-for-stm32.9-2020-q2-update.win32_2.0.0.202105311346/tools/bin/../lib/gcc/arm-none-eabi/9.3.1/../../../../arm-none-eabi/lib/thumb/v7e-m+fp/hard/crt0.o
 .ARM.extab     0x0000000000000000        0x0 c:/st/stm32cubeide_1.7.0/stm32cubeide/plugins/com.st.stm32cube.ide.mcu.externaltools.gnu-tools-for-stm32.9-2020-q2-update.win32_2.0.0.202105311346/tools/bin/../lib/gcc/arm-none-eabi/9.3.1/../../../../arm-none-eabi/lib/thumb/v7e-m+fp/hard/crt0.o
 .ARM.exidx     0x0000000000000000       0x10 c:/st/stm32cubeide_1.7.0/stm32cubeide/plugins/com.st.stm32cube.ide.mcu.externaltools.gnu-tools-for-stm32.9-2020-q2-update.win32_2.0.0.202105311346/tools/bin/../lib/gcc/arm-none-eabi/9.3.1/../../../../arm-none-eabi/lib/thumb/v7e-m+fp/hard/crt0.o
 .ARM.attributes
                0x0000000000000000       0x1c c:/st/stm32cubeide_1.7.0/stm32cubeide/plugins/com.st.stm32cube.ide.mcu.externaltools.gnu-tools-for-stm32.9-2020-q2-update.win32_2.0.0.202105311346/tools/bin/../lib/gcc/arm-none-eabi/9.3.1/../../../../arm-none-eabi/lib/thumb/v7e-m+fp/hard/crt0.o
 .group         0x0000000000000000        0xc ./Core/Src/Gpio.o
 .group         0x0000000000000000        0xc ./Core/Src/Gpio.o
 .group         0x0000000000000000        0xc ./Core/Src/Gpio.o
 .group         0x0000000000000000        0xc ./Core/Src/Gpio.o
 .group         0x0000000000000000        0xc ./Core/Src/Gpio.o
 .group         0x0000000000000000        0xc ./Core/Src/Gpio.o
 .group         0x0000000000000000        0xc ./Core/Src/Gpio.o
 .group         0x0000000000000000        0xc ./Core/Src/Gpio.o
 .group         0x0000000000000000        0xc ./Core/Src/Gpio.o
 .group         0x0000000000000000        0xc ./Core/Src/Gpio.o
 .group         0x0000000000000000        0xc ./Core/Src/Gpio.o
 .group         0x0000000000000000        0xc ./Core/Src/Gpio.o
 .group         0x0000000000000000        0xc ./Core/Src/Gpio.o
 .group         0x0000000000000000        0xc ./Core/Src/Gpio.o
 .group         0x0000000000000000        0xc ./Core/Src/Gpio.o
 .group         0x0000000000000000        0xc ./Core/Src/Gpio.o
 .group         0x0000000000000000        0xc ./Core/Src/Gpio.o
 .group         0x0000000000000000        0xc ./Core/Src/Gpio.o
 .group         0x0000000000000000        0xc ./Core/Src/Gpio.o
 .group         0x0000000000000000        0xc ./Core/Src/Gpio.o
 .group         0x0000000000000000        0xc ./Core/Src/Gpio.o
 .text          0x0000000000000000        0x0 ./Core/Src/Gpio.o
 .data          0x0000000000000000        0x0 ./Core/Src/Gpio.o
 .bss           0x0000000000000000        0x0 ./Core/Src/Gpio.o
 .text.__NVIC_EnableIRQ
                0x0000000000000000       0x3c ./Core/Src/Gpio.o
 .text.__NVIC_SetPriority
                0x0000000000000000       0x54 ./Core/Src/Gpio.o
 .text.LL_APB2_GRP1_EnableClock
                0x0000000000000000       0x30 ./Core/Src/Gpio.o
 .text.LL_EXTI_EnableIT_0_31
                0x0000000000000000       0x24 ./Core/Src/Gpio.o
 .text.LL_EXTI_EnableFallingTrig_0_31
                0x0000000000000000       0x24 ./Core/Src/Gpio.o
 .text.LL_SYSCFG_SetEXTISource
                0x0000000000000000       0x5c ./Core/Src/Gpio.o
 .text.Get_SysLN
                0x0000000000000000      0x1c0 ./Core/Src/Gpio.o
 .text.Get_IRQn
                0x0000000000000000      0x184 ./Core/Src/Gpio.o
 .text.GPIO_IRQ_Init
                0x0000000000000000       0x56 ./Core/Src/Gpio.o
 .group         0x0000000000000000        0xc ./Core/Src/main.o
 .group         0x0000000000000000        0xc ./Core/Src/main.o
 .group         0x0000000000000000        0xc ./Core/Src/main.o
 .group         0x0000000000000000        0xc ./Core/Src/main.o
 .group         0x0000000000000000        0xc ./Core/Src/main.o
 .group         0x0000000000000000        0xc ./Core/Src/main.o
 .group         0x0000000000000000        0xc ./Core/Src/main.o
 .group         0x0000000000000000        0xc ./Core/Src/main.o
 .group         0x0000000000000000        0xc ./Core/Src/main.o
 .group         0x0000000000000000        0xc ./Core/Src/main.o
 .group         0x0000000000000000        0xc ./Core/Src/main.o
 .group         0x0000000000000000        0xc ./Core/Src/main.o
 .group         0x0000000000000000        0xc ./Core/Src/main.o
 .group         0x0000000000000000        0xc ./Core/Src/main.o
 .group         0x0000000000000000        0xc ./Core/Src/main.o
 .group         0x0000000000000000        0xc ./Core/Src/main.o
 .group         0x0000000000000000        0xc ./Core/Src/main.o
 .group         0x0000000000000000        0xc ./Core/Src/main.o
 .group         0x0000000000000000        0xc ./Core/Src/main.o
 .group         0x0000000000000000        0xc ./Core/Src/main.o
 .group         0x0000000000000000        0xc ./Core/Src/main.o
 .text          0x0000000000000000        0x0 ./Core/Src/main.o
 .data          0x0000000000000000        0x0 ./Core/Src/main.o
 .bss           0x0000000000000000        0x0 ./Core/Src/main.o
 .debug_macro   0x0000000000000000      0xaa8 ./Core/Src/main.o
 .debug_macro   0x0000000000000000       0x2e ./Core/Src/main.o
 .debug_macro   0x0000000000000000       0x2f ./Core/Src/main.o
 .debug_macro   0x0000000000000000       0x22 ./Core/Src/main.o
 .debug_macro   0x0000000000000000       0x8e ./Core/Src/main.o
 .debug_macro   0x0000000000000000       0x51 ./Core/Src/main.o
 .debug_macro   0x0000000000000000      0x103 ./Core/Src/main.o
 .debug_macro   0x0000000000000000       0x6a ./Core/Src/main.o
 .debug_macro   0x0000000000000000      0x1df ./Core/Src/main.o
 .debug_macro   0x0000000000000000       0x1c ./Core/Src/main.o
 .debug_macro   0x0000000000000000       0x22 ./Core/Src/main.o
 .debug_macro   0x0000000000000000       0xdf ./Core/Src/main.o
 .debug_macro   0x0000000000000000     0x102d ./Core/Src/main.o
 .debug_macro   0x0000000000000000      0x11f ./Core/Src/main.o
 .debug_macro   0x0000000000000000    0x15e3c ./Core/Src/main.o
 .debug_macro   0x0000000000000000       0x43 ./Core/Src/main.o
 .debug_macro   0x0000000000000000      0x1cf ./Core/Src/main.o
 .debug_macro   0x0000000000000000      0x149 ./Core/Src/main.o
 .debug_macro   0x0000000000000000       0xe8 ./Core/Src/main.o
 .debug_macro   0x0000000000000000      0x20a ./Core/Src/main.o
 .debug_macro   0x0000000000000000       0xe2 ./Core/Src/main.o
 .group         0x0000000000000000        0xc ./Core/Src/syscalls.o
 .group         0x0000000000000000        0xc ./Core/Src/syscalls.o
 .group         0x0000000000000000        0xc ./Core/Src/syscalls.o
 .group         0x0000000000000000        0xc ./Core/Src/syscalls.o
 .group         0x0000000000000000        0xc ./Core/Src/syscalls.o
 .group         0x0000000000000000        0xc ./Core/Src/syscalls.o
 .group         0x0000000000000000        0xc ./Core/Src/syscalls.o
 .group         0x0000000000000000        0xc ./Core/Src/syscalls.o
 .group         0x0000000000000000        0xc ./Core/Src/syscalls.o
 .group         0x0000000000000000        0xc ./Core/Src/syscalls.o
 .group         0x0000000000000000        0xc ./Core/Src/syscalls.o
 .group         0x0000000000000000        0xc ./Core/Src/syscalls.o
 .group         0x0000000000000000        0xc ./Core/Src/syscalls.o
 .group         0x0000000000000000        0xc ./Core/Src/syscalls.o
 .group         0x0000000000000000        0xc ./Core/Src/syscalls.o
 .group         0x0000000000000000        0xc ./Core/Src/syscalls.o
 .group         0x0000000000000000        0xc ./Core/Src/syscalls.o
 .group         0x0000000000000000        0xc ./Core/Src/syscalls.o
 .group         0x0000000000000000        0xc ./Core/Src/syscalls.o
 .group         0x0000000000000000        0xc ./Core/Src/syscalls.o
 .group         0x0000000000000000        0xc ./Core/Src/syscalls.o
 .group         0x0000000000000000        0xc ./Core/Src/syscalls.o
 .group         0x0000000000000000        0xc ./Core/Src/syscalls.o
 .group         0x0000000000000000        0xc ./Core/Src/syscalls.o
 .group         0x0000000000000000        0xc ./Core/Src/syscalls.o
 .group         0x0000000000000000        0xc ./Core/Src/syscalls.o
 .group         0x0000000000000000        0xc ./Core/Src/syscalls.o
 .group         0x0000000000000000        0xc ./Core/Src/syscalls.o
 .group         0x0000000000000000        0xc ./Core/Src/syscalls.o
 .group         0x0000000000000000        0xc ./Core/Src/syscalls.o
 .group         0x0000000000000000        0xc ./Core/Src/syscalls.o
 .group         0x0000000000000000        0xc ./Core/Src/syscalls.o
 .group         0x0000000000000000        0xc ./Core/Src/syscalls.o
 .group         0x0000000000000000        0xc ./Core/Src/syscalls.o
 .group         0x0000000000000000        0xc ./Core/Src/syscalls.o
 .group         0x0000000000000000        0xc ./Core/Src/syscalls.o
 .group         0x0000000000000000        0xc ./Core/Src/syscalls.o
 .group         0x0000000000000000        0xc ./Core/Src/syscalls.o
 .group         0x0000000000000000        0xc ./Core/Src/syscalls.o
 .group         0x0000000000000000        0xc ./Core/Src/syscalls.o
 .group         0x0000000000000000        0xc ./Core/Src/syscalls.o
 .group         0x0000000000000000        0xc ./Core/Src/syscalls.o
 .group         0x0000000000000000        0xc ./Core/Src/syscalls.o
 .group         0x0000000000000000        0xc ./Core/Src/syscalls.o
 .group         0x0000000000000000        0xc ./Core/Src/syscalls.o
 .group         0x0000000000000000        0xc ./Core/Src/syscalls.o
 .group         0x0000000000000000        0xc ./Core/Src/syscalls.o
 .text          0x0000000000000000        0x0 ./Core/Src/syscalls.o
 .data          0x0000000000000000        0x0 ./Core/Src/syscalls.o
 .bss           0x0000000000000000        0x0 ./Core/Src/syscalls.o
 .bss.__env     0x0000000000000000        0x4 ./Core/Src/syscalls.o
 .data.environ  0x0000000000000000        0x4 ./Core/Src/syscalls.o
 .text.initialise_monitor_handles
                0x0000000000000000        0xe ./Core/Src/syscalls.o
 .text._getpid  0x0000000000000000       0x10 ./Core/Src/syscalls.o
 .text._kill    0x0000000000000000       0x20 ./Core/Src/syscalls.o
 .text._exit    0x0000000000000000       0x14 ./Core/Src/syscalls.o
 .text._read    0x0000000000000000       0x3a ./Core/Src/syscalls.o
 .text._write   0x0000000000000000       0x38 ./Core/Src/syscalls.o
 .text._close   0x0000000000000000       0x18 ./Core/Src/syscalls.o
 .text._fstat   0x0000000000000000       0x20 ./Core/Src/syscalls.o
 .text._isatty  0x0000000000000000       0x16 ./Core/Src/syscalls.o
 .text._lseek   0x0000000000000000       0x1a ./Core/Src/syscalls.o
 .text._open    0x0000000000000000       0x1c ./Core/Src/syscalls.o
 .text._wait    0x0000000000000000       0x1e ./Core/Src/syscalls.o
 .text._unlink  0x0000000000000000       0x1e ./Core/Src/syscalls.o
 .text._times   0x0000000000000000       0x18 ./Core/Src/syscalls.o
 .text._stat    0x0000000000000000       0x20 ./Core/Src/syscalls.o
 .text._link    0x0000000000000000       0x20 ./Core/Src/syscalls.o
 .text._fork    0x0000000000000000       0x16 ./Core/Src/syscalls.o
 .text._execve  0x0000000000000000       0x22 ./Core/Src/syscalls.o
 .debug_info    0x0000000000000000      0xfa8 ./Core/Src/syscalls.o
 .debug_abbrev  0x0000000000000000      0x286 ./Core/Src/syscalls.o
 .debug_aranges
                0x0000000000000000       0xa8 ./Core/Src/syscalls.o
 .debug_ranges  0x0000000000000000       0x98 ./Core/Src/syscalls.o
 .debug_macro   0x0000000000000000      0x24c ./Core/Src/syscalls.o
 .debug_macro   0x0000000000000000      0xaa8 ./Core/Src/syscalls.o
 .debug_macro   0x0000000000000000       0x22 ./Core/Src/syscalls.o
 .debug_macro   0x0000000000000000       0x4c ./Core/Src/syscalls.o
 .debug_macro   0x0000000000000000       0x18 ./Core/Src/syscalls.o
 .debug_macro   0x0000000000000000       0x94 ./Core/Src/syscalls.o
 .debug_macro   0x0000000000000000       0x3c ./Core/Src/syscalls.o
 .debug_macro   0x0000000000000000       0x34 ./Core/Src/syscalls.o
 .debug_macro   0x0000000000000000       0x57 ./Core/Src/syscalls.o
 .debug_macro   0x0000000000000000      0x174 ./Core/Src/syscalls.o
 .debug_macro   0x0000000000000000      0x339 ./Core/Src/syscalls.o
 .debug_macro   0x0000000000000000       0x16 ./Core/Src/syscalls.o
 .debug_macro   0x0000000000000000       0x43 ./Core/Src/syscalls.o
 .debug_macro   0x0000000000000000       0x34 ./Core/Src/syscalls.o
 .debug_macro   0x0000000000000000       0x10 ./Core/Src/syscalls.o
 .debug_macro   0x0000000000000000       0x58 ./Core/Src/syscalls.o
 .debug_macro   0x0000000000000000       0x71 ./Core/Src/syscalls.o
 .debug_macro   0x0000000000000000       0x1c ./Core/Src/syscalls.o
 .debug_macro   0x0000000000000000      0x12a ./Core/Src/syscalls.o
 .debug_macro   0x0000000000000000       0x10 ./Core/Src/syscalls.o
 .debug_macro   0x0000000000000000       0x35 ./Core/Src/syscalls.o
 .debug_macro   0x0000000000000000       0x10 ./Core/Src/syscalls.o
 .debug_macro   0x0000000000000000       0x10 ./Core/Src/syscalls.o
 .debug_macro   0x0000000000000000       0x10 ./Core/Src/syscalls.o
 .debug_macro   0x0000000000000000       0x6a ./Core/Src/syscalls.o
 .debug_macro   0x0000000000000000       0x1c ./Core/Src/syscalls.o
 .debug_macro   0x0000000000000000       0x52 ./Core/Src/syscalls.o
 .debug_macro   0x0000000000000000       0x22 ./Core/Src/syscalls.o
 .debug_macro   0x0000000000000000       0x10 ./Core/Src/syscalls.o
 .debug_macro   0x0000000000000000       0x40 ./Core/Src/syscalls.o
 .debug_macro   0x0000000000000000       0xd5 ./Core/Src/syscalls.o
 .debug_macro   0x0000000000000000       0x1c ./Core/Src/syscalls.o
 .debug_macro   0x0000000000000000       0x3d ./Core/Src/syscalls.o
 .debug_macro   0x0000000000000000       0x35 ./Core/Src/syscalls.o
 .debug_macro   0x0000000000000000      0x12c ./Core/Src/syscalls.o
 .debug_macro   0x0000000000000000       0x16 ./Core/Src/syscalls.o
 .debug_macro   0x0000000000000000       0x16 ./Core/Src/syscalls.o
 .debug_macro   0x0000000000000000       0x29 ./Core/Src/syscalls.o
 .debug_macro   0x0000000000000000       0x10 ./Core/Src/syscalls.o
 .debug_macro   0x0000000000000000      0x241 ./Core/Src/syscalls.o
 .debug_macro   0x0000000000000000       0x1c ./Core/Src/syscalls.o
 .debug_macro   0x0000000000000000       0x10 ./Core/Src/syscalls.o
 .debug_macro   0x0000000000000000       0x10 ./Core/Src/syscalls.o
 .debug_macro   0x0000000000000000       0x16 ./Core/Src/syscalls.o
 .debug_macro   0x0000000000000000      0x145 ./Core/Src/syscalls.o
 .debug_macro   0x0000000000000000      0x189 ./Core/Src/syscalls.o
 .debug_macro   0x0000000000000000       0x16 ./Core/Src/syscalls.o
 .debug_macro   0x0000000000000000       0xce ./Core/Src/syscalls.o
 .debug_line    0x0000000000000000      0x802 ./Core/Src/syscalls.o
 .debug_str     0x0000000000000000     0x8efa ./Core/Src/syscalls.o
 .comment       0x0000000000000000       0x54 ./Core/Src/syscalls.o
 .debug_frame   0x0000000000000000      0x2ac ./Core/Src/syscalls.o
 .ARM.attributes
                0x0000000000000000       0x34 ./Core/Src/syscalls.o
 .group         0x0000000000000000        0xc ./Core/Src/sysmem.o
 .group         0x0000000000000000        0xc ./Core/Src/sysmem.o
 .group         0x0000000000000000        0xc ./Core/Src/sysmem.o
 .group         0x0000000000000000        0xc ./Core/Src/sysmem.o
 .group         0x0000000000000000        0xc ./Core/Src/sysmem.o
 .group         0x0000000000000000        0xc ./Core/Src/sysmem.o
 .group         0x0000000000000000        0xc ./Core/Src/sysmem.o
 .group         0x0000000000000000        0xc ./Core/Src/sysmem.o
 .group         0x0000000000000000        0xc ./Core/Src/sysmem.o
 .group         0x0000000000000000        0xc ./Core/Src/sysmem.o
 .group         0x0000000000000000        0xc ./Core/Src/sysmem.o
 .group         0x0000000000000000        0xc ./Core/Src/sysmem.o
 .group         0x0000000000000000        0xc ./Core/Src/sysmem.o
 .group         0x0000000000000000        0xc ./Core/Src/sysmem.o
 .group         0x0000000000000000        0xc ./Core/Src/sysmem.o
 .group         0x0000000000000000        0xc ./Core/Src/sysmem.o
 .group         0x0000000000000000        0xc ./Core/Src/sysmem.o
 .group         0x0000000000000000        0xc ./Core/Src/sysmem.o
 .group         0x0000000000000000        0xc ./Core/Src/sysmem.o
 .group         0x0000000000000000        0xc ./Core/Src/sysmem.o
 .group         0x0000000000000000        0xc ./Core/Src/sysmem.o
 .group         0x0000000000000000        0xc ./Core/Src/sysmem.o
 .text          0x0000000000000000        0x0 ./Core/Src/sysmem.o
 .data          0x0000000000000000        0x0 ./Core/Src/sysmem.o
 .bss           0x0000000000000000        0x0 ./Core/Src/sysmem.o
 .bss.__sbrk_heap_end
                0x0000000000000000        0x4 ./Core/Src/sysmem.o
 .text._sbrk    0x0000000000000000       0x6c ./Core/Src/sysmem.o
 .debug_info    0x0000000000000000      0xa25 ./Core/Src/sysmem.o
 .debug_abbrev  0x0000000000000000      0x1bf ./Core/Src/sysmem.o
 .debug_aranges
                0x0000000000000000       0x20 ./Core/Src/sysmem.o
 .debug_ranges  0x0000000000000000       0x10 ./Core/Src/sysmem.o
 .debug_macro   0x0000000000000000       0xff ./Core/Src/sysmem.o
 .debug_macro   0x0000000000000000      0xaa8 ./Core/Src/sysmem.o
 .debug_macro   0x0000000000000000       0x10 ./Core/Src/sysmem.o
 .debug_macro   0x0000000000000000       0x22 ./Core/Src/sysmem.o
 .debug_macro   0x0000000000000000       0x4c ./Core/Src/sysmem.o
 .debug_macro   0x0000000000000000       0x18 ./Core/Src/sysmem.o
 .debug_macro   0x0000000000000000       0x94 ./Core/Src/sysmem.o
 .debug_macro   0x0000000000000000       0x3c ./Core/Src/sysmem.o
 .debug_macro   0x0000000000000000       0x34 ./Core/Src/sysmem.o
 .debug_macro   0x0000000000000000      0x174 ./Core/Src/sysmem.o
 .debug_macro   0x0000000000000000       0x16 ./Core/Src/sysmem.o
 .debug_macro   0x0000000000000000       0x43 ./Core/Src/sysmem.o
 .debug_macro   0x0000000000000000       0x57 ./Core/Src/sysmem.o
 .debug_macro   0x0000000000000000       0x34 ./Core/Src/sysmem.o
 .debug_macro   0x0000000000000000       0x10 ./Core/Src/sysmem.o
 .debug_macro   0x0000000000000000       0x58 ./Core/Src/sysmem.o
 .debug_macro   0x0000000000000000       0x71 ./Core/Src/sysmem.o
 .debug_macro   0x0000000000000000       0x1c ./Core/Src/sysmem.o
 .debug_macro   0x0000000000000000      0x12a ./Core/Src/sysmem.o
 .debug_macro   0x0000000000000000      0x23b ./Core/Src/sysmem.o
 .debug_macro   0x0000000000000000      0x103 ./Core/Src/sysmem.o
 .debug_macro   0x0000000000000000       0x6a ./Core/Src/sysmem.o
 .debug_macro   0x0000000000000000      0x1df ./Core/Src/sysmem.o
 .debug_line    0x0000000000000000      0x4f8 ./Core/Src/sysmem.o
 .debug_str     0x0000000000000000     0x62cd ./Core/Src/sysmem.o
 .comment       0x0000000000000000       0x54 ./Core/Src/sysmem.o
 .debug_frame   0x0000000000000000       0x34 ./Core/Src/sysmem.o
 .ARM.attributes
                0x0000000000000000       0x34 ./Core/Src/sysmem.o
 .text          0x0000000000000000       0x14 ./Core/Startup/startup_stm32f407vgtx.o
 .data          0x0000000000000000        0x0 ./Core/Startup/startup_stm32f407vgtx.o
 .bss           0x0000000000000000        0x0 ./Core/Startup/startup_stm32f407vgtx.o
 .group         0x0000000000000000        0xc ./GPIO_Drivers/Src/stm32f4xx_ll_exti.o
 .group         0x0000000000000000        0xc ./GPIO_Drivers/Src/stm32f4xx_ll_exti.o
 .group         0x0000000000000000        0xc ./GPIO_Drivers/Src/stm32f4xx_ll_exti.o
 .group         0x0000000000000000        0xc ./GPIO_Drivers/Src/stm32f4xx_ll_exti.o
 .group         0x0000000000000000        0xc ./GPIO_Drivers/Src/stm32f4xx_ll_exti.o
 .group         0x0000000000000000        0xc ./GPIO_Drivers/Src/stm32f4xx_ll_exti.o
 .group         0x0000000000000000        0xc ./GPIO_Drivers/Src/stm32f4xx_ll_exti.o
 .group         0x0000000000000000        0xc ./GPIO_Drivers/Src/stm32f4xx_ll_exti.o
 .group         0x0000000000000000        0xc ./GPIO_Drivers/Src/stm32f4xx_ll_exti.o
 .group         0x0000000000000000        0xc ./GPIO_Drivers/Src/stm32f4xx_ll_exti.o
 .group         0x0000000000000000        0xc ./GPIO_Drivers/Src/stm32f4xx_ll_exti.o
 .group         0x0000000000000000        0xc ./GPIO_Drivers/Src/stm32f4xx_ll_exti.o
 .group         0x0000000000000000        0xc ./GPIO_Drivers/Src/stm32f4xx_ll_exti.o
 .group         0x0000000000000000        0xc ./GPIO_Drivers/Src/stm32f4xx_ll_exti.o
 .group         0x0000000000000000        0xc ./GPIO_Drivers/Src/stm32f4xx_ll_exti.o
 .group         0x0000000000000000        0xc ./GPIO_Drivers/Src/stm32f4xx_ll_exti.o
 .group         0x0000000000000000        0xc ./GPIO_Drivers/Src/stm32f4xx_ll_exti.o
 .text          0x0000000000000000        0x0 ./GPIO_Drivers/Src/stm32f4xx_ll_exti.o
 .data          0x0000000000000000        0x0 ./GPIO_Drivers/Src/stm32f4xx_ll_exti.o
 .bss           0x0000000000000000        0x0 ./GPIO_Drivers/Src/stm32f4xx_ll_exti.o
 .text.LL_EXTI_EnableIT_0_31
                0x0000000000000000       0x24 ./GPIO_Drivers/Src/stm32f4xx_ll_exti.o
 .text.LL_EXTI_DisableIT_0_31
                0x0000000000000000       0x28 ./GPIO_Drivers/Src/stm32f4xx_ll_exti.o
 .text.LL_EXTI_EnableEvent_0_31
                0x0000000000000000       0x24 ./GPIO_Drivers/Src/stm32f4xx_ll_exti.o
 .text.LL_EXTI_DisableEvent_0_31
                0x0000000000000000       0x28 ./GPIO_Drivers/Src/stm32f4xx_ll_exti.o
 .text.LL_EXTI_EnableRisingTrig_0_31
                0x0000000000000000       0x24 ./GPIO_Drivers/Src/stm32f4xx_ll_exti.o
 .text.LL_EXTI_DisableRisingTrig_0_31
                0x0000000000000000       0x28 ./GPIO_Drivers/Src/stm32f4xx_ll_exti.o
 .text.LL_EXTI_EnableFallingTrig_0_31
                0x0000000000000000       0x24 ./GPIO_Drivers/Src/stm32f4xx_ll_exti.o
 .text.LL_EXTI_DisableFallingTrig_0_31
                0x0000000000000000       0x28 ./GPIO_Drivers/Src/stm32f4xx_ll_exti.o
 .text.LL_EXTI_DeInit
                0x0000000000000000       0x3c ./GPIO_Drivers/Src/stm32f4xx_ll_exti.o
 .text.LL_EXTI_Init
                0x0000000000000000      0x102 ./GPIO_Drivers/Src/stm32f4xx_ll_exti.o
 .text.LL_EXTI_StructInit
                0x0000000000000000       0x2c ./GPIO_Drivers/Src/stm32f4xx_ll_exti.o
 .debug_info    0x0000000000000000      0x3dc ./GPIO_Drivers/Src/stm32f4xx_ll_exti.o
 .debug_abbrev  0x0000000000000000      0x1c2 ./GPIO_Drivers/Src/stm32f4xx_ll_exti.o
 .debug_aranges
                0x0000000000000000       0x70 ./GPIO_Drivers/Src/stm32f4xx_ll_exti.o
 .debug_ranges  0x0000000000000000       0x60 ./GPIO_Drivers/Src/stm32f4xx_ll_exti.o
 .debug_macro   0x0000000000000000       0xf5 ./GPIO_Drivers/Src/stm32f4xx_ll_exti.o
 .debug_macro   0x0000000000000000      0xaa8 ./GPIO_Drivers/Src/stm32f4xx_ll_exti.o
 .debug_macro   0x0000000000000000       0x2e ./GPIO_Drivers/Src/stm32f4xx_ll_exti.o
 .debug_macro   0x0000000000000000       0x2f ./GPIO_Drivers/Src/stm32f4xx_ll_exti.o
 .debug_macro   0x0000000000000000       0x22 ./GPIO_Drivers/Src/stm32f4xx_ll_exti.o
 .debug_macro   0x0000000000000000       0x8e ./GPIO_Drivers/Src/stm32f4xx_ll_exti.o
 .debug_macro   0x0000000000000000       0x51 ./GPIO_Drivers/Src/stm32f4xx_ll_exti.o
 .debug_macro   0x0000000000000000      0x103 ./GPIO_Drivers/Src/stm32f4xx_ll_exti.o
 .debug_macro   0x0000000000000000       0x6a ./GPIO_Drivers/Src/stm32f4xx_ll_exti.o
 .debug_macro   0x0000000000000000      0x1df ./GPIO_Drivers/Src/stm32f4xx_ll_exti.o
 .debug_macro   0x0000000000000000       0x1c ./GPIO_Drivers/Src/stm32f4xx_ll_exti.o
 .debug_macro   0x0000000000000000       0x22 ./GPIO_Drivers/Src/stm32f4xx_ll_exti.o
 .debug_macro   0x0000000000000000       0xdf ./GPIO_Drivers/Src/stm32f4xx_ll_exti.o
 .debug_macro   0x0000000000000000     0x102d ./GPIO_Drivers/Src/stm32f4xx_ll_exti.o
 .debug_macro   0x0000000000000000      0x11f ./GPIO_Drivers/Src/stm32f4xx_ll_exti.o
 .debug_macro   0x0000000000000000    0x15e3c ./GPIO_Drivers/Src/stm32f4xx_ll_exti.o
 .debug_macro   0x0000000000000000       0x43 ./GPIO_Drivers/Src/stm32f4xx_ll_exti.o
 .debug_macro   0x0000000000000000       0xe2 ./GPIO_Drivers/Src/stm32f4xx_ll_exti.o
 .debug_line    0x0000000000000000      0x66f ./GPIO_Drivers/Src/stm32f4xx_ll_exti.o
 .debug_str     0x0000000000000000    0x8841e ./GPIO_Drivers/Src/stm32f4xx_ll_exti.o
 .comment       0x0000000000000000       0x54 ./GPIO_Drivers/Src/stm32f4xx_ll_exti.o
 .debug_frame   0x0000000000000000      0x1bc ./GPIO_Drivers/Src/stm32f4xx_ll_exti.o
 .ARM.attributes
                0x0000000000000000       0x34 ./GPIO_Drivers/Src/stm32f4xx_ll_exti.o
 .group         0x0000000000000000        0xc ./GPIO_Drivers/Src/stm32f4xx_ll_gpio.o
 .group         0x0000000000000000        0xc ./GPIO_Drivers/Src/stm32f4xx_ll_gpio.o
 .group         0x0000000000000000        0xc ./GPIO_Drivers/Src/stm32f4xx_ll_gpio.o
 .group         0x0000000000000000        0xc ./GPIO_Drivers/Src/stm32f4xx_ll_gpio.o
 .group         0x0000000000000000        0xc ./GPIO_Drivers/Src/stm32f4xx_ll_gpio.o
 .group         0x0000000000000000        0xc ./GPIO_Drivers/Src/stm32f4xx_ll_gpio.o
 .group         0x0000000000000000        0xc ./GPIO_Drivers/Src/stm32f4xx_ll_gpio.o
 .group         0x0000000000000000        0xc ./GPIO_Drivers/Src/stm32f4xx_ll_gpio.o
 .group         0x0000000000000000        0xc ./GPIO_Drivers/Src/stm32f4xx_ll_gpio.o
 .group         0x0000000000000000        0xc ./GPIO_Drivers/Src/stm32f4xx_ll_gpio.o
 .group         0x0000000000000000        0xc ./GPIO_Drivers/Src/stm32f4xx_ll_gpio.o
 .group         0x0000000000000000        0xc ./GPIO_Drivers/Src/stm32f4xx_ll_gpio.o
 .group         0x0000000000000000        0xc ./GPIO_Drivers/Src/stm32f4xx_ll_gpio.o
 .group         0x0000000000000000        0xc ./GPIO_Drivers/Src/stm32f4xx_ll_gpio.o
 .group         0x0000000000000000        0xc ./GPIO_Drivers/Src/stm32f4xx_ll_gpio.o
 .group         0x0000000000000000        0xc ./GPIO_Drivers/Src/stm32f4xx_ll_gpio.o
 .group         0x0000000000000000        0xc ./GPIO_Drivers/Src/stm32f4xx_ll_gpio.o
 .group         0x0000000000000000        0xc ./GPIO_Drivers/Src/stm32f4xx_ll_gpio.o
 .text          0x0000000000000000        0x0 ./GPIO_Drivers/Src/stm32f4xx_ll_gpio.o
 .data          0x0000000000000000        0x0 ./GPIO_Drivers/Src/stm32f4xx_ll_gpio.o
 .bss           0x0000000000000000        0x0 ./GPIO_Drivers/Src/stm32f4xx_ll_gpio.o
 .text.LL_AHB1_GRP1_ForceReset
                0x0000000000000000       0x24 ./GPIO_Drivers/Src/stm32f4xx_ll_gpio.o
 .text.LL_AHB1_GRP1_ReleaseReset
                0x0000000000000000       0x28 ./GPIO_Drivers/Src/stm32f4xx_ll_gpio.o
 .text.LL_GPIO_DeInit
                0x0000000000000000      0x108 ./GPIO_Drivers/Src/stm32f4xx_ll_gpio.o
 .text.LL_GPIO_StructInit
                0x0000000000000000       0x3a ./GPIO_Drivers/Src/stm32f4xx_ll_gpio.o
 .debug_macro   0x0000000000000000      0xaa8 ./GPIO_Drivers/Src/stm32f4xx_ll_gpio.o
 .debug_macro   0x0000000000000000       0x2e ./GPIO_Drivers/Src/stm32f4xx_ll_gpio.o
 .debug_macro   0x0000000000000000       0x2f ./GPIO_Drivers/Src/stm32f4xx_ll_gpio.o
 .debug_macro   0x0000000000000000       0x22 ./GPIO_Drivers/Src/stm32f4xx_ll_gpio.o
 .debug_macro   0x0000000000000000       0x8e ./GPIO_Drivers/Src/stm32f4xx_ll_gpio.o
 .debug_macro   0x0000000000000000       0x51 ./GPIO_Drivers/Src/stm32f4xx_ll_gpio.o
 .debug_macro   0x0000000000000000      0x103 ./GPIO_Drivers/Src/stm32f4xx_ll_gpio.o
 .debug_macro   0x0000000000000000       0x6a ./GPIO_Drivers/Src/stm32f4xx_ll_gpio.o
 .debug_macro   0x0000000000000000      0x1df ./GPIO_Drivers/Src/stm32f4xx_ll_gpio.o
 .debug_macro   0x0000000000000000       0x1c ./GPIO_Drivers/Src/stm32f4xx_ll_gpio.o
 .debug_macro   0x0000000000000000       0x22 ./GPIO_Drivers/Src/stm32f4xx_ll_gpio.o
 .debug_macro   0x0000000000000000       0xdf ./GPIO_Drivers/Src/stm32f4xx_ll_gpio.o
 .debug_macro   0x0000000000000000     0x102d ./GPIO_Drivers/Src/stm32f4xx_ll_gpio.o
 .debug_macro   0x0000000000000000      0x11f ./GPIO_Drivers/Src/stm32f4xx_ll_gpio.o
 .debug_macro   0x0000000000000000    0x15e3c ./GPIO_Drivers/Src/stm32f4xx_ll_gpio.o
 .debug_macro   0x0000000000000000       0x43 ./GPIO_Drivers/Src/stm32f4xx_ll_gpio.o
 .group         0x0000000000000000        0xc ./GPIO_Drivers/Src/stm32f4xx_ll_rcc.o
 .group         0x0000000000000000        0xc ./GPIO_Drivers/Src/stm32f4xx_ll_rcc.o
 .group         0x0000000000000000        0xc ./GPIO_Drivers/Src/stm32f4xx_ll_rcc.o
 .group         0x0000000000000000        0xc ./GPIO_Drivers/Src/stm32f4xx_ll_rcc.o
 .group         0x0000000000000000        0xc ./GPIO_Drivers/Src/stm32f4xx_ll_rcc.o
 .group         0x0000000000000000        0xc ./GPIO_Drivers/Src/stm32f4xx_ll_rcc.o
 .group         0x0000000000000000        0xc ./GPIO_Drivers/Src/stm32f4xx_ll_rcc.o
 .group         0x0000000000000000        0xc ./GPIO_Drivers/Src/stm32f4xx_ll_rcc.o
 .group         0x0000000000000000        0xc ./GPIO_Drivers/Src/stm32f4xx_ll_rcc.o
 .group         0x0000000000000000        0xc ./GPIO_Drivers/Src/stm32f4xx_ll_rcc.o
 .group         0x0000000000000000        0xc ./GPIO_Drivers/Src/stm32f4xx_ll_rcc.o
 .group         0x0000000000000000        0xc ./GPIO_Drivers/Src/stm32f4xx_ll_rcc.o
 .group         0x0000000000000000        0xc ./GPIO_Drivers/Src/stm32f4xx_ll_rcc.o
 .group         0x0000000000000000        0xc ./GPIO_Drivers/Src/stm32f4xx_ll_rcc.o
 .group         0x0000000000000000        0xc ./GPIO_Drivers/Src/stm32f4xx_ll_rcc.o
 .group         0x0000000000000000        0xc ./GPIO_Drivers/Src/stm32f4xx_ll_rcc.o
 .group         0x0000000000000000        0xc ./GPIO_Drivers/Src/stm32f4xx_ll_rcc.o
 .text          0x0000000000000000        0x0 ./GPIO_Drivers/Src/stm32f4xx_ll_rcc.o
 .data          0x0000000000000000        0x0 ./GPIO_Drivers/Src/stm32f4xx_ll_rcc.o
 .bss           0x0000000000000000        0x0 ./GPIO_Drivers/Src/stm32f4xx_ll_rcc.o
 .text.LL_RCC_HSI_Enable
                0x0000000000000000       0x20 ./GPIO_Drivers/Src/stm32f4xx_ll_rcc.o
 .text.LL_RCC_HSI_IsReady
                0x0000000000000000       0x24 ./GPIO_Drivers/Src/stm32f4xx_ll_rcc.o
 .text.LL_RCC_HSI_SetCalibTrimming
                0x0000000000000000       0x2c ./GPIO_Drivers/Src/stm32f4xx_ll_rcc.o
 .text.LL_RCC_GetSysClkSource
                0x0000000000000000       0x1c ./GPIO_Drivers/Src/stm32f4xx_ll_rcc.o
 .text.LL_RCC_GetAHBPrescaler
                0x0000000000000000       0x1c ./GPIO_Drivers/Src/stm32f4xx_ll_rcc.o
 .text.LL_RCC_GetAPB1Prescaler
                0x0000000000000000       0x1c ./GPIO_Drivers/Src/stm32f4xx_ll_rcc.o
 .text.LL_RCC_GetAPB2Prescaler
                0x0000000000000000       0x1c ./GPIO_Drivers/Src/stm32f4xx_ll_rcc.o
 .text.LL_RCC_GetI2SClockSource
                0x0000000000000000       0x20 ./GPIO_Drivers/Src/stm32f4xx_ll_rcc.o
 .text.LL_RCC_PLL_IsReady
                0x0000000000000000       0x28 ./GPIO_Drivers/Src/stm32f4xx_ll_rcc.o
 .text.LL_RCC_PLL_GetMainSource
                0x0000000000000000       0x1c ./GPIO_Drivers/Src/stm32f4xx_ll_rcc.o
 .text.LL_RCC_PLL_GetN
                0x0000000000000000       0x1c ./GPIO_Drivers/Src/stm32f4xx_ll_rcc.o
 .text.LL_RCC_PLL_GetP
                0x0000000000000000       0x1c ./GPIO_Drivers/Src/stm32f4xx_ll_rcc.o
 .text.LL_RCC_PLL_GetQ
                0x0000000000000000       0x1c ./GPIO_Drivers/Src/stm32f4xx_ll_rcc.o
 .text.LL_RCC_PLL_GetDivider
                0x0000000000000000       0x1c ./GPIO_Drivers/Src/stm32f4xx_ll_rcc.o
 .text.LL_RCC_PLLI2S_IsReady
                0x0000000000000000       0x28 ./GPIO_Drivers/Src/stm32f4xx_ll_rcc.o
 .text.LL_RCC_PLLI2S_GetN
                0x0000000000000000       0x20 ./GPIO_Drivers/Src/stm32f4xx_ll_rcc.o
 .text.LL_RCC_PLLI2S_GetR
                0x0000000000000000       0x1c ./GPIO_Drivers/Src/stm32f4xx_ll_rcc.o
 .text.LL_RCC_PLLI2S_GetDivider
                0x0000000000000000       0x1c ./GPIO_Drivers/Src/stm32f4xx_ll_rcc.o
 .text.LL_RCC_PLLI2S_GetMainSource
                0x0000000000000000       0x1c ./GPIO_Drivers/Src/stm32f4xx_ll_rcc.o
 .text.LL_RCC_DeInit
                0x0000000000000000       0xbc ./GPIO_Drivers/Src/stm32f4xx_ll_rcc.o
 .text.LL_RCC_GetSystemClocksFreq
                0x0000000000000000       0x4a ./GPIO_Drivers/Src/stm32f4xx_ll_rcc.o
 .text.LL_RCC_GetI2SClockFreq
                0x0000000000000000       0x4c ./GPIO_Drivers/Src/stm32f4xx_ll_rcc.o
 .text.LL_RCC_GetSDIOClockFreq
                0x0000000000000000       0x2e ./GPIO_Drivers/Src/stm32f4xx_ll_rcc.o
 .text.LL_RCC_GetRNGClockFreq
                0x0000000000000000       0x26 ./GPIO_Drivers/Src/stm32f4xx_ll_rcc.o
 .text.LL_RCC_GetUSBClockFreq
                0x0000000000000000       0x26 ./GPIO_Drivers/Src/stm32f4xx_ll_rcc.o
 .text.RCC_GetSystemClockFreq
                0x0000000000000000       0x50 ./GPIO_Drivers/Src/stm32f4xx_ll_rcc.o
 .text.RCC_GetHCLKClockFreq
                0x0000000000000000       0x2c ./GPIO_Drivers/Src/stm32f4xx_ll_rcc.o
 .text.RCC_GetPCLK1ClockFreq
                0x0000000000000000       0x28 ./GPIO_Drivers/Src/stm32f4xx_ll_rcc.o
 .text.RCC_GetPCLK2ClockFreq
                0x0000000000000000       0x28 ./GPIO_Drivers/Src/stm32f4xx_ll_rcc.o
 .text.RCC_PLL_GetFreqDomain_SYS
                0x0000000000000000       0x7c ./GPIO_Drivers/Src/stm32f4xx_ll_rcc.o
 .text.RCC_PLL_GetFreqDomain_48M
                0x0000000000000000       0x68 ./GPIO_Drivers/Src/stm32f4xx_ll_rcc.o
 .text.RCC_PLLI2S_GetFreqDomain_I2S
                0x0000000000000000       0x64 ./GPIO_Drivers/Src/stm32f4xx_ll_rcc.o
 .debug_info    0x0000000000000000      0x811 ./GPIO_Drivers/Src/stm32f4xx_ll_rcc.o
 .debug_abbrev  0x0000000000000000      0x1fa ./GPIO_Drivers/Src/stm32f4xx_ll_rcc.o
 .debug_aranges
                0x0000000000000000      0x118 ./GPIO_Drivers/Src/stm32f4xx_ll_rcc.o
 .debug_ranges  0x0000000000000000      0x108 ./GPIO_Drivers/Src/stm32f4xx_ll_rcc.o
 .debug_macro   0x0000000000000000       0xfb ./GPIO_Drivers/Src/stm32f4xx_ll_rcc.o
 .debug_macro   0x0000000000000000      0xaa8 ./GPIO_Drivers/Src/stm32f4xx_ll_rcc.o
 .debug_macro   0x0000000000000000       0x2e ./GPIO_Drivers/Src/stm32f4xx_ll_rcc.o
 .debug_macro   0x0000000000000000       0x2f ./GPIO_Drivers/Src/stm32f4xx_ll_rcc.o
 .debug_macro   0x0000000000000000       0x22 ./GPIO_Drivers/Src/stm32f4xx_ll_rcc.o
 .debug_macro   0x0000000000000000       0x8e ./GPIO_Drivers/Src/stm32f4xx_ll_rcc.o
 .debug_macro   0x0000000000000000       0x51 ./GPIO_Drivers/Src/stm32f4xx_ll_rcc.o
 .debug_macro   0x0000000000000000      0x103 ./GPIO_Drivers/Src/stm32f4xx_ll_rcc.o
 .debug_macro   0x0000000000000000       0x6a ./GPIO_Drivers/Src/stm32f4xx_ll_rcc.o
 .debug_macro   0x0000000000000000      0x1df ./GPIO_Drivers/Src/stm32f4xx_ll_rcc.o
 .debug_macro   0x0000000000000000       0x1c ./GPIO_Drivers/Src/stm32f4xx_ll_rcc.o
 .debug_macro   0x0000000000000000       0x22 ./GPIO_Drivers/Src/stm32f4xx_ll_rcc.o
 .debug_macro   0x0000000000000000       0xdf ./GPIO_Drivers/Src/stm32f4xx_ll_rcc.o
 .debug_macro   0x0000000000000000     0x102d ./GPIO_Drivers/Src/stm32f4xx_ll_rcc.o
 .debug_macro   0x0000000000000000      0x11f ./GPIO_Drivers/Src/stm32f4xx_ll_rcc.o
 .debug_macro   0x0000000000000000    0x15e3c ./GPIO_Drivers/Src/stm32f4xx_ll_rcc.o
 .debug_macro   0x0000000000000000       0x43 ./GPIO_Drivers/Src/stm32f4xx_ll_rcc.o
 .debug_macro   0x0000000000000000      0x799 ./GPIO_Drivers/Src/stm32f4xx_ll_rcc.o
 .debug_line    0x0000000000000000      0x992 ./GPIO_Drivers/Src/stm32f4xx_ll_rcc.o
 .debug_str     0x0000000000000000    0x8c2d7 ./GPIO_Drivers/Src/stm32f4xx_ll_rcc.o
 .comment       0x0000000000000000       0x54 ./GPIO_Drivers/Src/stm32f4xx_ll_rcc.o
 .debug_frame   0x0000000000000000      0x460 ./GPIO_Drivers/Src/stm32f4xx_ll_rcc.o
 .ARM.attributes
                0x0000000000000000       0x34 ./GPIO_Drivers/Src/stm32f4xx_ll_rcc.o
 .group         0x0000000000000000        0xc ./GPIO_Drivers/Src/stm32f4xx_ll_utils.o
 .group         0x0000000000000000        0xc ./GPIO_Drivers/Src/stm32f4xx_ll_utils.o
 .group         0x0000000000000000        0xc ./GPIO_Drivers/Src/stm32f4xx_ll_utils.o
 .group         0x0000000000000000        0xc ./GPIO_Drivers/Src/stm32f4xx_ll_utils.o
 .group         0x0000000000000000        0xc ./GPIO_Drivers/Src/stm32f4xx_ll_utils.o
 .group         0x0000000000000000        0xc ./GPIO_Drivers/Src/stm32f4xx_ll_utils.o
 .group         0x0000000000000000        0xc ./GPIO_Drivers/Src/stm32f4xx_ll_utils.o
 .group         0x0000000000000000        0xc ./GPIO_Drivers/Src/stm32f4xx_ll_utils.o
 .group         0x0000000000000000        0xc ./GPIO_Drivers/Src/stm32f4xx_ll_utils.o
 .group         0x0000000000000000        0xc ./GPIO_Drivers/Src/stm32f4xx_ll_utils.o
 .group         0x0000000000000000        0xc ./GPIO_Drivers/Src/stm32f4xx_ll_utils.o
 .group         0x0000000000000000        0xc ./GPIO_Drivers/Src/stm32f4xx_ll_utils.o
 .group         0x0000000000000000        0xc ./GPIO_Drivers/Src/stm32f4xx_ll_utils.o
 .group         0x0000000000000000        0xc ./GPIO_Drivers/Src/stm32f4xx_ll_utils.o
 .group         0x0000000000000000        0xc ./GPIO_Drivers/Src/stm32f4xx_ll_utils.o
 .group         0x0000000000000000        0xc ./GPIO_Drivers/Src/stm32f4xx_ll_utils.o
 .group         0x0000000000000000        0xc ./GPIO_Drivers/Src/stm32f4xx_ll_utils.o
 .group         0x0000000000000000        0xc ./GPIO_Drivers/Src/stm32f4xx_ll_utils.o
 .group         0x0000000000000000        0xc ./GPIO_Drivers/Src/stm32f4xx_ll_utils.o
 .group         0x0000000000000000        0xc ./GPIO_Drivers/Src/stm32f4xx_ll_utils.o
 .text          0x0000000000000000        0x0 ./GPIO_Drivers/Src/stm32f4xx_ll_utils.o
 .data          0x0000000000000000        0x0 ./GPIO_Drivers/Src/stm32f4xx_ll_utils.o
 .bss           0x0000000000000000        0x0 ./GPIO_Drivers/Src/stm32f4xx_ll_utils.o
 .text.LL_InitTick
                0x0000000000000000       0x34 ./GPIO_Drivers/Src/stm32f4xx_ll_utils.o
 .text.LL_RCC_HSE_EnableBypass
                0x0000000000000000       0x20 ./GPIO_Drivers/Src/stm32f4xx_ll_utils.o
 .text.LL_RCC_HSE_DisableBypass
                0x0000000000000000       0x20 ./GPIO_Drivers/Src/stm32f4xx_ll_utils.o
 .text.LL_RCC_HSE_Enable
                0x0000000000000000       0x20 ./GPIO_Drivers/Src/stm32f4xx_ll_utils.o
 .text.LL_RCC_HSE_IsReady
                0x0000000000000000       0x28 ./GPIO_Drivers/Src/stm32f4xx_ll_utils.o
 .text.LL_RCC_HSI_Enable
                0x0000000000000000       0x20 ./GPIO_Drivers/Src/stm32f4xx_ll_utils.o
 .text.LL_RCC_HSI_IsReady
                0x0000000000000000       0x24 ./GPIO_Drivers/Src/stm32f4xx_ll_utils.o
 .text.LL_RCC_SetSysClkSource
                0x0000000000000000       0x28 ./GPIO_Drivers/Src/stm32f4xx_ll_utils.o
 .text.LL_RCC_GetSysClkSource
                0x0000000000000000       0x1c ./GPIO_Drivers/Src/stm32f4xx_ll_utils.o
 .text.LL_RCC_SetAHBPrescaler
                0x0000000000000000       0x28 ./GPIO_Drivers/Src/stm32f4xx_ll_utils.o
 .text.LL_RCC_SetAPB1Prescaler
                0x0000000000000000       0x28 ./GPIO_Drivers/Src/stm32f4xx_ll_utils.o
 .text.LL_RCC_SetAPB2Prescaler
                0x0000000000000000       0x28 ./GPIO_Drivers/Src/stm32f4xx_ll_utils.o
 .text.LL_RCC_PLL_Enable
                0x0000000000000000       0x20 ./GPIO_Drivers/Src/stm32f4xx_ll_utils.o
 .text.LL_RCC_PLL_IsReady
                0x0000000000000000       0x28 ./GPIO_Drivers/Src/stm32f4xx_ll_utils.o
 .text.LL_RCC_PLL_ConfigDomain_SYS
                0x0000000000000000       0x4c ./GPIO_Drivers/Src/stm32f4xx_ll_utils.o
 .text.LL_RCC_PLLI2S_IsReady
                0x0000000000000000       0x28 ./GPIO_Drivers/Src/stm32f4xx_ll_utils.o
 .text.LL_FLASH_SetLatency
                0x0000000000000000       0x28 ./GPIO_Drivers/Src/stm32f4xx_ll_utils.o
 .text.LL_FLASH_GetLatency
                0x0000000000000000       0x1c ./GPIO_Drivers/Src/stm32f4xx_ll_utils.o
 .text.LL_PWR_GetRegulVoltageScaling
                0x0000000000000000       0x1c ./GPIO_Drivers/Src/stm32f4xx_ll_utils.o
 .text.LL_Init1msTick
                0x0000000000000000       0x1a ./GPIO_Drivers/Src/stm32f4xx_ll_utils.o
 .text.LL_mDelay
                0x0000000000000000       0x4c ./GPIO_Drivers/Src/stm32f4xx_ll_utils.o
 .text.LL_SetSystemCoreClock
                0x0000000000000000       0x20 ./GPIO_Drivers/Src/stm32f4xx_ll_utils.o
 .text.LL_SetFlashLatency
                0x0000000000000000      0x130 ./GPIO_Drivers/Src/stm32f4xx_ll_utils.o
 .text.LL_PLL_ConfigSystemClock_HSI
                0x0000000000000000       0x74 ./GPIO_Drivers/Src/stm32f4xx_ll_utils.o
 .text.LL_PLL_ConfigSystemClock_HSE
                0x0000000000000000       0x84 ./GPIO_Drivers/Src/stm32f4xx_ll_utils.o
 .text.UTILS_GetPLLOutputFrequency
                0x0000000000000000       0x4e ./GPIO_Drivers/Src/stm32f4xx_ll_utils.o
 .text.UTILS_PLL_IsBusy
                0x0000000000000000       0x30 ./GPIO_Drivers/Src/stm32f4xx_ll_utils.o
 .text.UTILS_EnablePLLAndSwitchSystem
                0x0000000000000000       0xb4 ./GPIO_Drivers/Src/stm32f4xx_ll_utils.o
 .debug_info    0x0000000000000000      0x98e ./GPIO_Drivers/Src/stm32f4xx_ll_utils.o
 .debug_abbrev  0x0000000000000000      0x22c ./GPIO_Drivers/Src/stm32f4xx_ll_utils.o
 .debug_aranges
                0x0000000000000000       0xf8 ./GPIO_Drivers/Src/stm32f4xx_ll_utils.o
 .debug_ranges  0x0000000000000000       0xe8 ./GPIO_Drivers/Src/stm32f4xx_ll_utils.o
 .debug_macro   0x0000000000000000      0x1af ./GPIO_Drivers/Src/stm32f4xx_ll_utils.o
 .debug_macro   0x0000000000000000      0xaa8 ./GPIO_Drivers/Src/stm32f4xx_ll_utils.o
 .debug_macro   0x0000000000000000       0x2e ./GPIO_Drivers/Src/stm32f4xx_ll_utils.o
 .debug_macro   0x0000000000000000       0x2f ./GPIO_Drivers/Src/stm32f4xx_ll_utils.o
 .debug_macro   0x0000000000000000       0x22 ./GPIO_Drivers/Src/stm32f4xx_ll_utils.o
 .debug_macro   0x0000000000000000       0x8e ./GPIO_Drivers/Src/stm32f4xx_ll_utils.o
 .debug_macro   0x0000000000000000       0x51 ./GPIO_Drivers/Src/stm32f4xx_ll_utils.o
 .debug_macro   0x0000000000000000      0x103 ./GPIO_Drivers/Src/stm32f4xx_ll_utils.o
 .debug_macro   0x0000000000000000       0x6a ./GPIO_Drivers/Src/stm32f4xx_ll_utils.o
 .debug_macro   0x0000000000000000      0x1df ./GPIO_Drivers/Src/stm32f4xx_ll_utils.o
 .debug_macro   0x0000000000000000       0x1c ./GPIO_Drivers/Src/stm32f4xx_ll_utils.o
 .debug_macro   0x0000000000000000       0x22 ./GPIO_Drivers/Src/stm32f4xx_ll_utils.o
 .debug_macro   0x0000000000000000       0xdf ./GPIO_Drivers/Src/stm32f4xx_ll_utils.o
 .debug_macro   0x0000000000000000     0x102d ./GPIO_Drivers/Src/stm32f4xx_ll_utils.o
 .debug_macro   0x0000000000000000      0x11f ./GPIO_Drivers/Src/stm32f4xx_ll_utils.o
 .debug_macro   0x0000000000000000    0x15e3c ./GPIO_Drivers/Src/stm32f4xx_ll_utils.o
 .debug_macro   0x0000000000000000       0x43 ./GPIO_Drivers/Src/stm32f4xx_ll_utils.o
 .debug_macro   0x0000000000000000       0x5b ./GPIO_Drivers/Src/stm32f4xx_ll_utils.o
 .debug_macro   0x0000000000000000      0x79f ./GPIO_Drivers/Src/stm32f4xx_ll_utils.o
 .debug_macro   0x0000000000000000      0x20a ./GPIO_Drivers/Src/stm32f4xx_ll_utils.o
 .debug_macro   0x0000000000000000       0xab ./GPIO_Drivers/Src/stm32f4xx_ll_utils.o
 .debug_line    0x0000000000000000      0xa1a ./GPIO_Drivers/Src/stm32f4xx_ll_utils.o
 .debug_str     0x0000000000000000    0x8ea6b ./GPIO_Drivers/Src/stm32f4xx_ll_utils.o
 .comment       0x0000000000000000       0x54 ./GPIO_Drivers/Src/stm32f4xx_ll_utils.o
 .debug_frame   0x0000000000000000      0x3f8 ./GPIO_Drivers/Src/stm32f4xx_ll_utils.o
 .ARM.attributes
                0x0000000000000000       0x34 ./GPIO_Drivers/Src/stm32f4xx_ll_utils.o
 .text          0x0000000000000000        0x0 c:/st/stm32cubeide_1.7.0/stm32cubeide/plugins/com.st.stm32cube.ide.mcu.externaltools.gnu-tools-for-stm32.9-2020-q2-update.win32_2.0.0.202105311346/tools/bin/../lib/gcc/arm-none-eabi/9.3.1/../../../../arm-none-eabi/lib/thumb/v7e-m+fp/hard\libc_nano.a(lib_a-errno.o)
 .data          0x0000000000000000        0x0 c:/st/stm32cubeide_1.7.0/stm32cubeide/plugins/com.st.stm32cube.ide.mcu.externaltools.gnu-tools-for-stm32.9-2020-q2-update.win32_2.0.0.202105311346/tools/bin/../lib/gcc/arm-none-eabi/9.3.1/../../../../arm-none-eabi/lib/thumb/v7e-m+fp/hard\libc_nano.a(lib_a-errno.o)
 .bss           0x0000000000000000        0x0 c:/st/stm32cubeide_1.7.0/stm32cubeide/plugins/com.st.stm32cube.ide.mcu.externaltools.gnu-tools-for-stm32.9-2020-q2-update.win32_2.0.0.202105311346/tools/bin/../lib/gcc/arm-none-eabi/9.3.1/../../../../arm-none-eabi/lib/thumb/v7e-m+fp/hard\libc_nano.a(lib_a-errno.o)
 .text.__errno  0x0000000000000000        0xc c:/st/stm32cubeide_1.7.0/stm32cubeide/plugins/com.st.stm32cube.ide.mcu.externaltools.gnu-tools-for-stm32.9-2020-q2-update.win32_2.0.0.202105311346/tools/bin/../lib/gcc/arm-none-eabi/9.3.1/../../../../arm-none-eabi/lib/thumb/v7e-m+fp/hard\libc_nano.a(lib_a-errno.o)
 .debug_frame   0x0000000000000000       0x20 c:/st/stm32cubeide_1.7.0/stm32cubeide/plugins/com.st.stm32cube.ide.mcu.externaltools.gnu-tools-for-stm32.9-2020-q2-update.win32_2.0.0.202105311346/tools/bin/../lib/gcc/arm-none-eabi/9.3.1/../../../../arm-none-eabi/lib/thumb/v7e-m+fp/hard\libc_nano.a(lib_a-errno.o)
 .ARM.attributes
                0x0000000000000000       0x34 c:/st/stm32cubeide_1.7.0/stm32cubeide/plugins/com.st.stm32cube.ide.mcu.externaltools.gnu-tools-for-stm32.9-2020-q2-update.win32_2.0.0.202105311346/tools/bin/../lib/gcc/arm-none-eabi/9.3.1/../../../../arm-none-eabi/lib/thumb/v7e-m+fp/hard\libc_nano.a(lib_a-errno.o)
 .text          0x0000000000000000        0x0 c:/st/stm32cubeide_1.7.0/stm32cubeide/plugins/com.st.stm32cube.ide.mcu.externaltools.gnu-tools-for-stm32.9-2020-q2-update.win32_2.0.0.202105311346/tools/bin/../lib/gcc/arm-none-eabi/9.3.1/../../../../arm-none-eabi/lib/thumb/v7e-m+fp/hard\libc_nano.a(lib_a-exit.o)
 .data          0x0000000000000000        0x0 c:/st/stm32cubeide_1.7.0/stm32cubeide/plugins/com.st.stm32cube.ide.mcu.externaltools.gnu-tools-for-stm32.9-2020-q2-update.win32_2.0.0.202105311346/tools/bin/../lib/gcc/arm-none-eabi/9.3.1/../../../../arm-none-eabi/lib/thumb/v7e-m+fp/hard\libc_nano.a(lib_a-exit.o)
 .bss           0x0000000000000000        0x0 c:/st/stm32cubeide_1.7.0/stm32cubeide/plugins/com.st.stm32cube.ide.mcu.externaltools.gnu-tools-for-stm32.9-2020-q2-update.win32_2.0.0.202105311346/tools/bin/../lib/gcc/arm-none-eabi/9.3.1/../../../../arm-none-eabi/lib/thumb/v7e-m+fp/hard\libc_nano.a(lib_a-exit.o)
 .text.exit     0x0000000000000000       0x28 c:/st/stm32cubeide_1.7.0/stm32cubeide/plugins/com.st.stm32cube.ide.mcu.externaltools.gnu-tools-for-stm32.9-2020-q2-update.win32_2.0.0.202105311346/tools/bin/../lib/gcc/arm-none-eabi/9.3.1/../../../../arm-none-eabi/lib/thumb/v7e-m+fp/hard\libc_nano.a(lib_a-exit.o)
 .debug_frame   0x0000000000000000       0x28 c:/st/stm32cubeide_1.7.0/stm32cubeide/plugins/com.st.stm32cube.ide.mcu.externaltools.gnu-tools-for-stm32.9-2020-q2-update.win32_2.0.0.202105311346/tools/bin/../lib/gcc/arm-none-eabi/9.3.1/../../../../arm-none-eabi/lib/thumb/v7e-m+fp/hard\libc_nano.a(lib_a-exit.o)
 .ARM.attributes
                0x0000000000000000       0x34 c:/st/stm32cubeide_1.7.0/stm32cubeide/plugins/com.st.stm32cube.ide.mcu.externaltools.gnu-tools-for-stm32.9-2020-q2-update.win32_2.0.0.202105311346/tools/bin/../lib/gcc/arm-none-eabi/9.3.1/../../../../arm-none-eabi/lib/thumb/v7e-m+fp/hard\libc_nano.a(lib_a-exit.o)
 .text          0x0000000000000000        0x0 c:/st/stm32cubeide_1.7.0/stm32cubeide/plugins/com.st.stm32cube.ide.mcu.externaltools.gnu-tools-for-stm32.9-2020-q2-update.win32_2.0.0.202105311346/tools/bin/../lib/gcc/arm-none-eabi/9.3.1/../../../../arm-none-eabi/lib/thumb/v7e-m+fp/hard\libc_nano.a(lib_a-impure.o)
 .data          0x0000000000000000        0x0 c:/st/stm32cubeide_1.7.0/stm32cubeide/plugins/com.st.stm32cube.ide.mcu.externaltools.gnu-tools-for-stm32.9-2020-q2-update.win32_2.0.0.202105311346/tools/bin/../lib/gcc/arm-none-eabi/9.3.1/../../../../arm-none-eabi/lib/thumb/v7e-m+fp/hard\libc_nano.a(lib_a-impure.o)
 .bss           0x0000000000000000        0x0 c:/st/stm32cubeide_1.7.0/stm32cubeide/plugins/com.st.stm32cube.ide.mcu.externaltools.gnu-tools-for-stm32.9-2020-q2-update.win32_2.0.0.202105311346/tools/bin/../lib/gcc/arm-none-eabi/9.3.1/../../../../arm-none-eabi/lib/thumb/v7e-m+fp/hard\libc_nano.a(lib_a-impure.o)
 .data._impure_ptr
                0x0000000000000000        0x4 c:/st/stm32cubeide_1.7.0/stm32cubeide/plugins/com.st.stm32cube.ide.mcu.externaltools.gnu-tools-for-stm32.9-2020-q2-update.win32_2.0.0.202105311346/tools/bin/../lib/gcc/arm-none-eabi/9.3.1/../../../../arm-none-eabi/lib/thumb/v7e-m+fp/hard\libc_nano.a(lib_a-impure.o)
 .data.impure_data
                0x0000000000000000       0x60 c:/st/stm32cubeide_1.7.0/stm32cubeide/plugins/com.st.stm32cube.ide.mcu.externaltools.gnu-tools-for-stm32.9-2020-q2-update.win32_2.0.0.202105311346/tools/bin/../lib/gcc/arm-none-eabi/9.3.1/../../../../arm-none-eabi/lib/thumb/v7e-m+fp/hard\libc_nano.a(lib_a-impure.o)
 .rodata._global_impure_ptr
                0x0000000000000000        0x4 c:/st/stm32cubeide_1.7.0/stm32cubeide/plugins/com.st.stm32cube.ide.mcu.externaltools.gnu-tools-for-stm32.9-2020-q2-update.win32_2.0.0.202105311346/tools/bin/../lib/gcc/arm-none-eabi/9.3.1/../../../../arm-none-eabi/lib/thumb/v7e-m+fp/hard\libc_nano.a(lib_a-impure.o)
 .ARM.attributes
                0x0000000000000000       0x32 c:/st/stm32cubeide_1.7.0/stm32cubeide/plugins/com.st.stm32cube.ide.mcu.externaltools.gnu-tools-for-stm32.9-2020-q2-update.win32_2.0.0.202105311346/tools/bin/../lib/gcc/arm-none-eabi/9.3.1/../../../../arm-none-eabi/lib/thumb/v7e-m+fp/hard\libc_nano.a(lib_a-impure.o)
 .text          0x0000000000000000        0x0 c:/st/stm32cubeide_1.7.0/stm32cubeide/plugins/com.st.stm32cube.ide.mcu.externaltools.gnu-tools-for-stm32.9-2020-q2-update.win32_2.0.0.202105311346/tools/bin/../lib/gcc/arm-none-eabi/9.3.1/../../../../arm-none-eabi/lib/thumb/v7e-m+fp/hard\libc_nano.a(lib_a-init.o)
 .data          0x0000000000000000        0x0 c:/st/stm32cubeide_1.7.0/stm32cubeide/plugins/com.st.stm32cube.ide.mcu.externaltools.gnu-tools-for-stm32.9-2020-q2-update.win32_2.0.0.202105311346/tools/bin/../lib/gcc/arm-none-eabi/9.3.1/../../../../arm-none-eabi/lib/thumb/v7e-m+fp/hard\libc_nano.a(lib_a-init.o)
 .bss           0x0000000000000000        0x0 c:/st/stm32cubeide_1.7.0/stm32cubeide/plugins/com.st.stm32cube.ide.mcu.externaltools.gnu-tools-for-stm32.9-2020-q2-update.win32_2.0.0.202105311346/tools/bin/../lib/gcc/arm-none-eabi/9.3.1/../../../../arm-none-eabi/lib/thumb/v7e-m+fp/hard\libc_nano.a(lib_a-init.o)
 .text          0x0000000000000000        0x0 c:/st/stm32cubeide_1.7.0/stm32cubeide/plugins/com.st.stm32cube.ide.mcu.externaltools.gnu-tools-for-stm32.9-2020-q2-update.win32_2.0.0.202105311346/tools/bin/../lib/gcc/arm-none-eabi/9.3.1/../../../../arm-none-eabi/lib/thumb/v7e-m+fp/hard\libc_nano.a(lib_a-memset.o)
 .data          0x0000000000000000        0x0 c:/st/stm32cubeide_1.7.0/stm32cubeide/plugins/com.st.stm32cube.ide.mcu.externaltools.gnu-tools-for-stm32.9-2020-q2-update.win32_2.0.0.202105311346/tools/bin/../lib/gcc/arm-none-eabi/9.3.1/../../../../arm-none-eabi/lib/thumb/v7e-m+fp/hard\libc_nano.a(lib_a-memset.o)
 .bss           0x0000000000000000        0x0 c:/st/stm32cubeide_1.7.0/stm32cubeide/plugins/com.st.stm32cube.ide.mcu.externaltools.gnu-tools-for-stm32.9-2020-q2-update.win32_2.0.0.202105311346/tools/bin/../lib/gcc/arm-none-eabi/9.3.1/../../../../arm-none-eabi/lib/thumb/v7e-m+fp/hard\libc_nano.a(lib_a-memset.o)
 .text.memset   0x0000000000000000       0x10 c:/st/stm32cubeide_1.7.0/stm32cubeide/plugins/com.st.stm32cube.ide.mcu.externaltools.gnu-tools-for-stm32.9-2020-q2-update.win32_2.0.0.202105311346/tools/bin/../lib/gcc/arm-none-eabi/9.3.1/../../../../arm-none-eabi/lib/thumb/v7e-m+fp/hard\libc_nano.a(lib_a-memset.o)
 .debug_frame   0x0000000000000000       0x20 c:/st/stm32cubeide_1.7.0/stm32cubeide/plugins/com.st.stm32cube.ide.mcu.externaltools.gnu-tools-for-stm32.9-2020-q2-update.win32_2.0.0.202105311346/tools/bin/../lib/gcc/arm-none-eabi/9.3.1/../../../../arm-none-eabi/lib/thumb/v7e-m+fp/hard\libc_nano.a(lib_a-memset.o)
 .ARM.attributes
                0x0000000000000000       0x34 c:/st/stm32cubeide_1.7.0/stm32cubeide/plugins/com.st.stm32cube.ide.mcu.externaltools.gnu-tools-for-stm32.9-2020-q2-update.win32_2.0.0.202105311346/tools/bin/../lib/gcc/arm-none-eabi/9.3.1/../../../../arm-none-eabi/lib/thumb/v7e-m+fp/hard\libc_nano.a(lib_a-memset.o)
 .text          0x0000000000000000        0x0 c:/st/stm32cubeide_1.7.0/stm32cubeide/plugins/com.st.stm32cube.ide.mcu.externaltools.gnu-tools-for-stm32.9-2020-q2-update.win32_2.0.0.202105311346/tools/bin/../lib/gcc/arm-none-eabi/9.3.1/thumb/v7e-m+fp/hard/crtend.o
 .data          0x0000000000000000        0x0 c:/st/stm32cubeide_1.7.0/stm32cubeide/plugins/com.st.stm32cube.ide.mcu.externaltools.gnu-tools-for-stm32.9-2020-q2-update.win32_2.0.0.202105311346/tools/bin/../lib/gcc/arm-none-eabi/9.3.1/thumb/v7e-m+fp/hard/crtend.o
 .bss           0x0000000000000000        0x0 c:/st/stm32cubeide_1.7.0/stm32cubeide/plugins/com.st.stm32cube.ide.mcu.externaltools.gnu-tools-for-stm32.9-2020-q2-update.win32_2.0.0.202105311346/tools/bin/../lib/gcc/arm-none-eabi/9.3.1/thumb/v7e-m+fp/hard/crtend.o
 .eh_frame      0x0000000000000000        0x4 c:/st/stm32cubeide_1.7.0/stm32cubeide/plugins/com.st.stm32cube.ide.mcu.externaltools.gnu-tools-for-stm32.9-2020-q2-update.win32_2.0.0.202105311346/tools/bin/../lib/gcc/arm-none-eabi/9.3.1/thumb/v7e-m+fp/hard/crtend.o
 .ARM.attributes
                0x0000000000000000       0x32 c:/st/stm32cubeide_1.7.0/stm32cubeide/plugins/com.st.stm32cube.ide.mcu.externaltools.gnu-tools-for-stm32.9-2020-q2-update.win32_2.0.0.202105311346/tools/bin/../lib/gcc/arm-none-eabi/9.3.1/thumb/v7e-m+fp/hard/crtend.o
 .text          0x0000000000000000        0x0 c:/st/stm32cubeide_1.7.0/stm32cubeide/plugins/com.st.stm32cube.ide.mcu.externaltools.gnu-tools-for-stm32.9-2020-q2-update.win32_2.0.0.202105311346/tools/bin/../lib/gcc/arm-none-eabi/9.3.1/thumb/v7e-m+fp/hard/crtn.o
 .data          0x0000000000000000        0x0 c:/st/stm32cubeide_1.7.0/stm32cubeide/plugins/com.st.stm32cube.ide.mcu.externaltools.gnu-tools-for-stm32.9-2020-q2-update.win32_2.0.0.202105311346/tools/bin/../lib/gcc/arm-none-eabi/9.3.1/thumb/v7e-m+fp/hard/crtn.o
 .bss           0x0000000000000000        0x0 c:/st/stm32cubeide_1.7.0/stm32cubeide/plugins/com.st.stm32cube.ide.mcu.externaltools.gnu-tools-for-stm32.9-2020-q2-update.win32_2.0.0.202105311346/tools/bin/../lib/gcc/arm-none-eabi/9.3.1/thumb/v7e-m+fp/hard/crtn.o

Memory Configuration

Name             Origin             Length             Attributes
CCMRAM           0x0000000010000000 0x0000000000010000 xrw
RAM              0x0000000020000000 0x0000000000020000 xrw
FLASH            0x0000000008000000 0x0000000000100000 xr
*default*        0x0000000000000000 0xffffffffffffffff

Linker script and memory map

LOAD c:/st/stm32cubeide_1.7.0/stm32cubeide/plugins/com.st.stm32cube.ide.mcu.externaltools.gnu-tools-for-stm32.9-2020-q2-update.win32_2.0.0.202105311346/tools/bin/../lib/gcc/arm-none-eabi/9.3.1/thumb/v7e-m+fp/hard/crti.o
LOAD c:/st/stm32cubeide_1.7.0/stm32cubeide/plugins/com.st.stm32cube.ide.mcu.externaltools.gnu-tools-for-stm32.9-2020-q2-update.win32_2.0.0.202105311346/tools/bin/../lib/gcc/arm-none-eabi/9.3.1/thumb/v7e-m+fp/hard/crtbegin.o
LOAD c:/st/stm32cubeide_1.7.0/stm32cubeide/plugins/com.st.stm32cube.ide.mcu.externaltools.gnu-tools-for-stm32.9-2020-q2-update.win32_2.0.0.202105311346/tools/bin/../lib/gcc/arm-none-eabi/9.3.1/../../../../arm-none-eabi/lib/thumb/v7e-m+fp/hard/crt0.o
LOAD ./Core/Src/Gpio.o
LOAD ./Core/Src/main.o
LOAD ./Core/Src/syscalls.o
LOAD ./Core/Src/sysmem.o
LOAD ./Core/Startup/startup_stm32f407vgtx.o
LOAD ./GPIO_Drivers/Src/stm32f4xx_ll_exti.o
LOAD ./GPIO_Drivers/Src/stm32f4xx_ll_gpio.o
LOAD ./GPIO_Drivers/Src/stm32f4xx_ll_rcc.o
LOAD ./GPIO_Drivers/Src/stm32f4xx_ll_utils.o
START GROUP
LOAD c:/st/stm32cubeide_1.7.0/stm32cubeide/plugins/com.st.stm32cube.ide.mcu.externaltools.gnu-tools-for-stm32.9-2020-q2-update.win32_2.0.0.202105311346/tools/bin/../lib/gcc/arm-none-eabi/9.3.1/../../../../arm-none-eabi/lib/thumb/v7e-m+fp/hard\libc_nano.a
LOAD c:/st/stm32cubeide_1.7.0/stm32cubeide/plugins/com.st.stm32cube.ide.mcu.externaltools.gnu-tools-for-stm32.9-2020-q2-update.win32_2.0.0.202105311346/tools/bin/../lib/gcc/arm-none-eabi/9.3.1/../../../../arm-none-eabi/lib/thumb/v7e-m+fp/hard\libm.a
END GROUP
START GROUP
LOAD c:/st/stm32cubeide_1.7.0/stm32cubeide/plugins/com.st.stm32cube.ide.mcu.externaltools.gnu-tools-for-stm32.9-2020-q2-update.win32_2.0.0.202105311346/tools/bin/../lib/gcc/arm-none-eabi/9.3.1/thumb/v7e-m+fp/hard\libgcc.a
LOAD c:/st/stm32cubeide_1.7.0/stm32cubeide/plugins/com.st.stm32cube.ide.mcu.externaltools.gnu-tools-for-stm32.9-2020-q2-update.win32_2.0.0.202105311346/tools/bin/../lib/gcc/arm-none-eabi/9.3.1/../../../../arm-none-eabi/lib/thumb/v7e-m+fp/hard\libc_nano.a
END GROUP
START GROUP
LOAD c:/st/stm32cubeide_1.7.0/stm32cubeide/plugins/com.st.stm32cube.ide.mcu.externaltools.gnu-tools-for-stm32.9-2020-q2-update.win32_2.0.0.202105311346/tools/bin/../lib/gcc/arm-none-eabi/9.3.1/thumb/v7e-m+fp/hard\libgcc.a
LOAD c:/st/stm32cubeide_1.7.0/stm32cubeide/plugins/com.st.stm32cube.ide.mcu.externaltools.gnu-tools-for-stm32.9-2020-q2-update.win32_2.0.0.202105311346/tools/bin/../lib/gcc/arm-none-eabi/9.3.1/../../../../arm-none-eabi/lib/thumb/v7e-m+fp/hard\libc_nano.a
LOAD c:/st/stm32cubeide_1.7.0/stm32cubeide/plugins/com.st.stm32cube.ide.mcu.externaltools.gnu-tools-for-stm32.9-2020-q2-update.win32_2.0.0.202105311346/tools/bin/../lib/gcc/arm-none-eabi/9.3.1/../../../../arm-none-eabi/lib/thumb/v7e-m+fp/hard\libnosys.a
END GROUP
START GROUP
LOAD c:/st/stm32cubeide_1.7.0/stm32cubeide/plugins/com.st.stm32cube.ide.mcu.externaltools.gnu-tools-for-stm32.9-2020-q2-update.win32_2.0.0.202105311346/tools/bin/../lib/gcc/arm-none-eabi/9.3.1/thumb/v7e-m+fp/hard\libgcc.a
LOAD c:/st/stm32cubeide_1.7.0/stm32cubeide/plugins/com.st.stm32cube.ide.mcu.externaltools.gnu-tools-for-stm32.9-2020-q2-update.win32_2.0.0.202105311346/tools/bin/../lib/gcc/arm-none-eabi/9.3.1/../../../../arm-none-eabi/lib/thumb/v7e-m+fp/hard\libc_nano.a
LOAD c:/st/stm32cubeide_1.7.0/stm32cubeide/plugins/com.st.stm32cube.ide.mcu.externaltools.gnu-tools-for-stm32.9-2020-q2-update.win32_2.0.0.202105311346/tools/bin/../lib/gcc/arm-none-eabi/9.3.1/../../../../arm-none-eabi/lib/thumb/v7e-m+fp/hard\libnosys.a
END GROUP
LOAD c:/st/stm32cubeide_1.7.0/stm32cubeide/plugins/com.st.stm32cube.ide.mcu.externaltools.gnu-tools-for-stm32.9-2020-q2-update.win32_2.0.0.202105311346/tools/bin/../lib/gcc/arm-none-eabi/9.3.1/thumb/v7e-m+fp/hard/crtend.o
LOAD c:/st/stm32cubeide_1.7.0/stm32cubeide/plugins/com.st.stm32cube.ide.mcu.externaltools.gnu-tools-for-stm32.9-2020-q2-update.win32_2.0.0.202105311346/tools/bin/../lib/gcc/arm-none-eabi/9.3.1/thumb/v7e-m+fp/hard/crtn.o
                0x0000000020020000                _estack = (ORIGIN (RAM) + LENGTH (RAM))
                0x0000000000000200                _Min_Heap_Size = 0x200
                0x0000000000000400                _Min_Stack_Size = 0x400

.isr_vector     0x0000000008000000      0x1a8
                0x0000000008000000                . = ALIGN (0x4)
 *(.isr_vector)
 .isr_vector    0x0000000008000000      0x1a8 ./Core/Startup/startup_stm32f407vgtx.o
                0x0000000008000000                g_pfnVectors
                0x00000000080001a8                . = ALIGN (0x4)

.text           0x00000000080001a8      0x590
                0x00000000080001a8                . = ALIGN (0x4)
 *(.text)
 .text          0x00000000080001a8       0x40 c:/st/stm32cubeide_1.7.0/stm32cubeide/plugins/com.st.stm32cube.ide.mcu.externaltools.gnu-tools-for-stm32.9-2020-q2-update.win32_2.0.0.202105311346/tools/bin/../lib/gcc/arm-none-eabi/9.3.1/thumb/v7e-m+fp/hard/crtbegin.o
 *(.text*)
 .text.LL_GPIO_IsInputPinSet
                0x00000000080001e8       0x2a ./Core/Src/Gpio.o
 .text.LL_GPIO_SetOutputPin
                0x0000000008000212       0x1c ./Core/Src/Gpio.o
 .text.LL_GPIO_ResetOutputPin
                0x000000000800022e       0x1e ./Core/Src/Gpio.o
 .text.GPIO_Init
                0x000000000800024c       0x5e ./Core/Src/Gpio.o
                0x000000000800024c                GPIO_Init
 .text.GPIO_Write
                0x00000000080002aa       0x2e ./Core/Src/Gpio.o
                0x00000000080002aa                GPIO_Write
 .text.GPIO_Read
                0x00000000080002d8       0x26 ./Core/Src/Gpio.o
                0x00000000080002d8                GPIO_Read
 *fill*         0x00000000080002fe        0x2 
 .text.LL_AHB1_GRP1_EnableClock
                0x0000000008000300       0x30 ./Core/Src/main.o
 .text.main     0x0000000008000330       0x64 ./Core/Src/main.o
                0x0000000008000330                main
 .text.Reset_Handler
                0x0000000008000394       0x50 ./Core/Startup/startup_stm32f407vgtx.o
                0x0000000008000394                Reset_Handler
 .text.Default_Handler
                0x00000000080003e4        0x2 ./Core/Startup/startup_stm32f407vgtx.o
                0x00000000080003e4                RTC_Alarm_IRQHandler
                0x00000000080003e4                HASH_RNG_IRQHandler
                0x00000000080003e4                EXTI2_IRQHandler
                0x00000000080003e4                TIM8_CC_IRQHandler
                0x00000000080003e4                DebugMon_Handler
                0x00000000080003e4                TIM1_CC_IRQHandler
                0x00000000080003e4                DMA2_Stream5_IRQHandler
                0x00000000080003e4                HardFault_Handler
                0x00000000080003e4                DMA1_Stream5_IRQHandler
                0x00000000080003e4                SysTick_Handler
                0x00000000080003e4                PVD_IRQHandler
                0x00000000080003e4                SDIO_IRQHandler
                0x00000000080003e4                TAMP_STAMP_IRQHandler
                0x00000000080003e4                PendSV_Handler
                0x00000000080003e4                NMI_Handler
                0x00000000080003e4                CAN2_RX1_IRQHandler
                0x00000000080003e4                EXTI3_IRQHandler
                0x00000000080003e4                TIM8_TRG_COM_TIM14_IRQHandler
                0x00000000080003e4                TIM1_UP_TIM10_IRQHandler
                0x00000000080003e4                TIM8_UP_TIM13_IRQHandler
                0x00000000080003e4                I2C3_ER_IRQHandler
                0x00000000080003e4                LCD_TFT_IRQHandler
                0x00000000080003e4                EXTI0_IRQHandler
                0x00000000080003e4                I2C2_EV_IRQHandler
                0x00000000080003e4                DMA1_Stream2_IRQHandler
                0x00000000080003e4                CAN1_RX0_IRQHandler
                0x00000000080003e4                FPU_IRQHandler
                0x00000000080003e4                OTG_HS_WKUP_IRQHandler
                0x00000000080003e4                UsageFault_Handler
                0x00000000080003e4                CAN2_SCE_IRQHandler
                0x00000000080003e4                DMA2_Stream2_IRQHandler
                0x00000000080003e4                SPI1_IRQHandler
                0x00000000080003e4                TIM6_DAC_IRQHandler
                0x00000000080003e4                TIM1_BRK_TIM9_IRQHandler
                0x00000000080003e4                DCMI_IRQHandler
                0x00000000080003e4                CAN2_RX0_IRQHandler
                0x00000000080003e4                DMA2_Stream3_IRQHandler
                0x00000000080003e4                USART6_IRQHandler
                0x00000000080003e4                USART3_IRQHandler
                0x00000000080003e4                CRYP_IRQHandler
                0x00000000080003e4                CAN1_RX1_IRQHandler
                0x00000000080003e4                UART5_IRQHandler
                0x00000000080003e4                DMA2_Stream0_IRQHandler
                0x00000000080003e4                TIM4_IRQHandler
                0x00000000080003e4                I2C1_EV_IRQHandler
                0x00000000080003e4                DMA1_Stream6_IRQHandler
                0x00000000080003e4                DMA1_Stream1_IRQHandler
                0x00000000080003e4                UART4_IRQHandler
                0x00000000080003e4                LCD_TFT_1_IRQHandler
                0x00000000080003e4                TIM3_IRQHandler
                0x00000000080003e4                RCC_IRQHandler
                0x00000000080003e4                TIM8_BRK_TIM12_IRQHandler
                0x00000000080003e4                Default_Handler
                0x00000000080003e4                EXTI15_10_IRQHandler
                0x00000000080003e4                ADC_IRQHandler
                0x00000000080003e4                DMA1_Stream7_IRQHandler
                0x00000000080003e4                TIM7_IRQHandler
                0x00000000080003e4                CAN2_TX_IRQHandler
                0x00000000080003e4                TIM5_IRQHandler
                0x00000000080003e4                DMA2_Stream7_IRQHandler
                0x00000000080003e4                I2C3_EV_IRQHandler
                0x00000000080003e4                EXTI9_5_IRQHandler
                0x00000000080003e4                RTC_WKUP_IRQHandler
                0x00000000080003e4                ETH_WKUP_IRQHandler
                0x00000000080003e4                SPI2_IRQHandler
                0x00000000080003e4                OTG_HS_EP1_IN_IRQHandler
                0x00000000080003e4                MemManage_Handler
                0x00000000080003e4                DMA1_Stream0_IRQHandler
                0x00000000080003e4                CAN1_TX_IRQHandler
                0x00000000080003e4                SVC_Handler
                0x00000000080003e4                EXTI4_IRQHandler
                0x00000000080003e4                FSMC_IRQHandler
                0x00000000080003e4                ETH_IRQHandler
                0x00000000080003e4                OTG_HS_EP1_OUT_IRQHandler
                0x00000000080003e4                WWDG_IRQHandler
                0x00000000080003e4                TIM2_IRQHandler
                0x00000000080003e4                OTG_FS_WKUP_IRQHandler
                0x00000000080003e4                TIM1_TRG_COM_TIM11_IRQHandler
                0x00000000080003e4                OTG_HS_IRQHandler
                0x00000000080003e4                EXTI1_IRQHandler
                0x00000000080003e4                USART2_IRQHandler
                0x00000000080003e4                I2C2_ER_IRQHandler
                0x00000000080003e4                DMA2_Stream1_IRQHandler
                0x00000000080003e4                CAN1_SCE_IRQHandler
                0x00000000080003e4                DMA2_Stream4_IRQHandler
                0x00000000080003e4                BusFault_Handler
                0x00000000080003e4                USART1_IRQHandler
                0x00000000080003e4                OTG_FS_IRQHandler
                0x00000000080003e4                SPI3_IRQHandler
                0x00000000080003e4                DMA1_Stream4_IRQHandler
                0x00000000080003e4                I2C1_ER_IRQHandler
                0x00000000080003e4                DMA2_Stream6_IRQHandler
                0x00000000080003e4                DMA1_Stream3_IRQHandler
 .text.LL_GPIO_SetPinMode
                0x00000000080003e6       0x5e ./GPIO_Drivers/Src/stm32f4xx_ll_gpio.o
 .text.LL_GPIO_SetPinOutputType
                0x0000000008000444       0x30 ./GPIO_Drivers/Src/stm32f4xx_ll_gpio.o
 .text.LL_GPIO_SetPinSpeed
                0x0000000008000474       0x5e ./GPIO_Drivers/Src/stm32f4xx_ll_gpio.o
 .text.LL_GPIO_SetPinPull
                0x00000000080004d2       0x5e ./GPIO_Drivers/Src/stm32f4xx_ll_gpio.o
 .text.LL_GPIO_SetAFPin_0_7
                0x0000000008000530       0x5e ./GPIO_Drivers/Src/stm32f4xx_ll_gpio.o
 .text.LL_GPIO_SetAFPin_8_15
                0x000000000800058e       0x62 ./GPIO_Drivers/Src/stm32f4xx_ll_gpio.o
 .text.LL_GPIO_Init
                0x00000000080005f0       0xe6 ./GPIO_Drivers/Src/stm32f4xx_ll_gpio.o
                0x00000000080005f0                LL_GPIO_Init
 *fill*         0x00000000080006d6        0x2 
 .text.__libc_init_array
                0x00000000080006d8       0x48 c:/st/stm32cubeide_1.7.0/stm32cubeide/plugins/com.st.stm32cube.ide.mcu.externaltools.gnu-tools-for-stm32.9-2020-q2-update.win32_2.0.0.202105311346/tools/bin/../lib/gcc/arm-none-eabi/9.3.1/../../../../arm-none-eabi/lib/thumb/v7e-m+fp/hard\libc_nano.a(lib_a-init.o)
                0x00000000080006d8                __libc_init_array
 *(.glue_7)
 .glue_7        0x0000000008000720        0x0 linker stubs
 *(.glue_7t)
 .glue_7t       0x0000000008000720        0x0 linker stubs
 *(.eh_frame)
 .eh_frame      0x0000000008000720        0x0 c:/st/stm32cubeide_1.7.0/stm32cubeide/plugins/com.st.stm32cube.ide.mcu.externaltools.gnu-tools-for-stm32.9-2020-q2-update.win32_2.0.0.202105311346/tools/bin/../lib/gcc/arm-none-eabi/9.3.1/thumb/v7e-m+fp/hard/crtbegin.o
 *(.init)
 .init          0x0000000008000720        0x4 c:/st/stm32cubeide_1.7.0/stm32cubeide/plugins/com.st.stm32cube.ide.mcu.externaltools.gnu-tools-for-stm32.9-2020-q2-update.win32_2.0.0.202105311346/tools/bin/../lib/gcc/arm-none-eabi/9.3.1/thumb/v7e-m+fp/hard/crti.o
                0x0000000008000720                _init
 .init          0x0000000008000724        0x8 c:/st/stm32cubeide_1.7.0/stm32cubeide/plugins/com.st.stm32cube.ide.mcu.externaltools.gnu-tools-for-stm32.9-2020-q2-update.win32_2.0.0.202105311346/tools/bin/../lib/gcc/arm-none-eabi/9.3.1/thumb/v7e-m+fp/hard/crtn.o
 *(.fini)
 .fini          0x000000000800072c        0x4 c:/st/stm32cubeide_1.7.0/stm32cubeide/plugins/com.st.stm32cube.ide.mcu.externaltools.gnu-tools-for-stm32.9-2020-q2-update.win32_2.0.0.202105311346/tools/bin/../lib/gcc/arm-none-eabi/9.3.1/thumb/v7e-m+fp/hard/crti.o
                0x000000000800072c                _fini
 .fini          0x0000000008000730        0x8 c:/st/stm32cubeide_1.7.0/stm32cubeide/plugins/com.st.stm32cube.ide.mcu.externaltools.gnu-tools-for-stm32.9-2020-q2-update.win32_2.0.0.202105311346/tools/bin/../lib/gcc/arm-none-eabi/9.3.1/thumb/v7e-m+fp/hard/crtn.o
                0x0000000008000738                . = ALIGN (0x4)
                0x0000000008000738                _etext = .

.vfp11_veneer   0x0000000008000738        0x0
 .vfp11_veneer  0x0000000008000738        0x0 linker stubs

.v4_bx          0x0000000008000738        0x0
 .v4_bx         0x0000000008000738        0x0 linker stubs

.iplt           0x0000000008000738        0x0
 .iplt          0x0000000008000738        0x0 c:/st/stm32cubeide_1.7.0/stm32cubeide/plugins/com.st.stm32cube.ide.mcu.externaltools.gnu-tools-for-stm32.9-2020-q2-update.win32_2.0.0.202105311346/tools/bin/../lib/gcc/arm-none-eabi/9.3.1/thumb/v7e-m+fp/hard/crtbegin.o

.rel.dyn        0x0000000008000738        0x0
 .rel.iplt      0x0000000008000738        0x0 c:/st/stm32cubeide_1.7.0/stm32cubeide/plugins/com.st.stm32cube.ide.mcu.externaltools.gnu-tools-for-stm32.9-2020-q2-update.win32_2.0.0.202105311346/tools/bin/../lib/gcc/arm-none-eabi/9.3.1/thumb/v7e-m+fp/hard/crtbegin.o

.rodata         0x0000000008000738        0x0
                0x0000000008000738                . = ALIGN (0x4)
 *(.rodata)
 *(.rodata*)
                0x0000000008000738                . = ALIGN (0x4)

.ARM.extab      0x0000000008000738        0x0
                0x0000000008000738                . = ALIGN (0x4)
 *(.ARM.extab* .gnu.linkonce.armextab.*)
                0x0000000008000738                . = ALIGN (0x4)

.ARM            0x0000000008000738        0x0
                0x0000000008000738                . = ALIGN (0x4)
                0x0000000008000738                __exidx_start = .
 *(.ARM.exidx*)
                0x0000000008000738                __exidx_end = .
                0x0000000008000738                . = ALIGN (0x4)

.preinit_array  0x0000000008000738        0x0
                0x0000000008000738                . = ALIGN (0x4)
                0x0000000008000738                PROVIDE (__preinit_array_start = .)
 *(.preinit_array*)
                0x0000000008000738                PROVIDE (__preinit_array_end = .)
                0x0000000008000738                . = ALIGN (0x4)

.init_array     0x0000000008000738        0x4
                0x0000000008000738                . = ALIGN (0x4)
                0x0000000008000738                PROVIDE (__init_array_start = .)
 *(SORT_BY_NAME(.init_array.*))
 *(.init_array*)
 .init_array    0x0000000008000738        0x4 c:/st/stm32cubeide_1.7.0/stm32cubeide/plugins/com.st.stm32cube.ide.mcu.externaltools.gnu-tools-for-stm32.9-2020-q2-update.win32_2.0.0.202105311346/tools/bin/../lib/gcc/arm-none-eabi/9.3.1/thumb/v7e-m+fp/hard/crtbegin.o
                0x000000000800073c                PROVIDE (__init_array_end = .)
                0x000000000800073c                . = ALIGN (0x4)

.fini_array     0x000000000800073c        0x4
                0x000000000800073c                . = ALIGN (0x4)
                [!provide]                        PROVIDE (__fini_array_start = .)
 *(SORT_BY_NAME(.fini_array.*))
 *(.fini_array*)
 .fini_array    0x000000000800073c        0x4 c:/st/stm32cubeide_1.7.0/stm32cubeide/plugins/com.st.stm32cube.ide.mcu.externaltools.gnu-tools-for-stm32.9-2020-q2-update.win32_2.0.0.202105311346/tools/bin/../lib/gcc/arm-none-eabi/9.3.1/thumb/v7e-m+fp/hard/crtbegin.o
                [!provide]                        PROVIDE (__fini_array_end = .)
                0x0000000008000740                . = ALIGN (0x4)
                0x0000000008000740                _sidata = LOADADDR (.data)

.data           0x0000000020000000        0x0 load address 0x0000000008000740
                0x0000000020000000                . = ALIGN (0x4)
                0x0000000020000000                _sdata = .
 *(.data)
 *(.data*)
 *(.RamFunc)
 *(.RamFunc*)
                0x0000000020000000                . = ALIGN (0x4)
                0x0000000020000000                _edata = .
                0x0000000008000740                _siccmram = LOADADDR (.ccmram)

.igot.plt       0x0000000020000000        0x0 load address 0x0000000008000740
 .igot.plt      0x0000000020000000        0x0 c:/st/stm32cubeide_1.7.0/stm32cubeide/plugins/com.st.stm32cube.ide.mcu.externaltools.gnu-tools-for-stm32.9-2020-q2-update.win32_2.0.0.202105311346/tools/bin/../lib/gcc/arm-none-eabi/9.3.1/thumb/v7e-m+fp/hard/crtbegin.o

.ccmram         0x0000000010000000        0x0 load address 0x0000000008000740
                0x0000000010000000                . = ALIGN (0x4)
                0x0000000010000000                _sccmram = .
 *(.ccmram)
 *(.ccmram*)
                0x0000000010000000                . = ALIGN (0x4)
                0x0000000010000000                _eccmram = .
                0x0000000010000000                . = ALIGN (0x4)

.bss            0x0000000020000000       0x1c
                0x0000000020000000                _sbss = .
                0x0000000020000000                __bss_start__ = _sbss
 *(.bss)
 .bss           0x0000000020000000       0x1c c:/st/stm32cubeide_1.7.0/stm32cubeide/plugins/com.st.stm32cube.ide.mcu.externaltools.gnu-tools-for-stm32.9-2020-q2-update.win32_2.0.0.202105311346/tools/bin/../lib/gcc/arm-none-eabi/9.3.1/thumb/v7e-m+fp/hard/crtbegin.o
 *(.bss*)
 *(COMMON)
                0x000000002000001c                . = ALIGN (0x4)
                0x000000002000001c                _ebss = .
                0x000000002000001c                __bss_end__ = _ebss

._user_heap_stack
                0x000000002000001c      0x604
                0x0000000020000020                . = ALIGN (0x8)
 *fill*         0x000000002000001c        0x4 
                [!provide]                        PROVIDE (end = .)
                0x0000000020000020                PROVIDE (_end = .)
                0x0000000020000220                . = (. + _Min_Heap_Size)
 *fill*         0x0000000020000020      0x200 
                0x0000000020000620                . = (. + _Min_Stack_Size)
 *fill*         0x0000000020000220      0x400 
                0x0000000020000620                . = ALIGN (0x8)

/DISCARD/
 libc.a(*)
 libm.a(*)
 libgcc.a(*)

.ARM.attributes
                0x0000000000000000       0x30
 *(.ARM.attributes)
 .ARM.attributes
                0x0000000000000000       0x1e c:/st/stm32cubeide_1.7.0/stm32cubeide/plugins/com.st.stm32cube.ide.mcu.externaltools.gnu-tools-for-stm32.9-2020-q2-update.win32_2.0.0.202105311346/tools/bin/../lib/gcc/arm-none-eabi/9.3.1/thumb/v7e-m+fp/hard/crti.o
 .ARM.attributes
                0x000000000000001e       0x34 c:/st/stm32cubeide_1.7.0/stm32cubeide/plugins/com.st.stm32cube.ide.mcu.externaltools.gnu-tools-for-stm32.9-2020-q2-update.win32_2.0.0.202105311346/tools/bin/../lib/gcc/arm-none-eabi/9.3.1/thumb/v7e-m+fp/hard/crtbegin.o
 .ARM.attributes
                0x0000000000000052       0x34 ./Core/Src/Gpio.o
 .ARM.attributes
                0x0000000000000086       0x34 ./Core/Src/main.o
 .ARM.attributes
                0x00000000000000ba       0x21 ./Core/Startup/startup_stm32f407vgtx.o
 .ARM.attributes
                0x00000000000000db       0x34 ./GPIO_Drivers/Src/stm32f4xx_ll_gpio.o
 .ARM.attributes
                0x000000000000010f       0x34 c:/st/stm32cubeide_1.7.0/stm32cubeide/plugins/com.st.stm32cube.ide.mcu.externaltools.gnu-tools-for-stm32.9-2020-q2-update.win32_2.0.0.202105311346/tools/bin/../lib/gcc/arm-none-eabi/9.3.1/../../../../arm-none-eabi/lib/thumb/v7e-m+fp/hard\libc_nano.a(lib_a-init.o)
 .ARM.attributes
                0x0000000000000143       0x1e c:/st/stm32cubeide_1.7.0/stm32cubeide/plugins/com.st.stm32cube.ide.mcu.externaltools.gnu-tools-for-stm32.9-2020-q2-update.win32_2.0.0.202105311346/tools/bin/../lib/gcc/arm-none-eabi/9.3.1/thumb/v7e-m+fp/hard/crtn.o
OUTPUT(Gpio.elf elf32-littlearm)
LOAD linker stubs
LOAD c:/st/stm32cubeide_1.7.0/stm32cubeide/plugins/com.st.stm32cube.ide.mcu.externaltools.gnu-tools-for-stm32.9-2020-q2-update.win32_2.0.0.202105311346/tools/bin/../lib/gcc/arm-none-eabi/9.3.1/../../../../arm-none-eabi/lib/thumb/v7e-m+fp/hard\libc.a
LOAD c:/st/stm32cubeide_1.7.0/stm32cubeide/plugins/com.st.stm32cube.ide.mcu.externaltools.gnu-tools-for-stm32.9-2020-q2-update.win32_2.0.0.202105311346/tools/bin/../lib/gcc/arm-none-eabi/9.3.1/../../../../arm-none-eabi/lib/thumb/v7e-m+fp/hard\libm.a
LOAD c:/st/stm32cubeide_1.7.0/stm32cubeide/plugins/com.st.stm32cube.ide.mcu.externaltools.gnu-tools-for-stm32.9-2020-q2-update.win32_2.0.0.202105311346/tools/bin/../lib/gcc/arm-none-eabi/9.3.1/thumb/v7e-m+fp/hard\libgcc.a

.debug_info     0x0000000000000000     0x1a81
 .debug_info    0x0000000000000000      0xda4 ./Core/Src/Gpio.o
 .debug_info    0x0000000000000da4      0x3fd ./Core/Src/main.o
 .debug_info    0x00000000000011a1       0x22 ./Core/Startup/startup_stm32f407vgtx.o
 .debug_info    0x00000000000011c3      0x8be ./GPIO_Drivers/Src/stm32f4xx_ll_gpio.o

.debug_abbrev   0x0000000000000000      0x60f
 .debug_abbrev  0x0000000000000000      0x290 ./Core/Src/Gpio.o
 .debug_abbrev  0x0000000000000290      0x132 ./Core/Src/main.o
 .debug_abbrev  0x00000000000003c2       0x12 ./Core/Startup/startup_stm32f407vgtx.o
 .debug_abbrev  0x00000000000003d4      0x23b ./GPIO_Drivers/Src/stm32f4xx_ll_gpio.o

.debug_aranges  0x0000000000000000      0x150
 .debug_aranges
                0x0000000000000000       0x90 ./Core/Src/Gpio.o
 .debug_aranges
                0x0000000000000090       0x28 ./Core/Src/main.o
 .debug_aranges
                0x00000000000000b8       0x28 ./Core/Startup/startup_stm32f407vgtx.o
 .debug_aranges
                0x00000000000000e0       0x70 ./GPIO_Drivers/Src/stm32f4xx_ll_gpio.o

.debug_ranges   0x0000000000000000      0x118
 .debug_ranges  0x0000000000000000       0x80 ./Core/Src/Gpio.o
 .debug_ranges  0x0000000000000080       0x18 ./Core/Src/main.o
 .debug_ranges  0x0000000000000098       0x20 ./Core/Startup/startup_stm32f407vgtx.o
 .debug_ranges  0x00000000000000b8       0x60 ./GPIO_Drivers/Src/stm32f4xx_ll_gpio.o

.debug_macro    0x0000000000000000    0x18d5c
 .debug_macro   0x0000000000000000      0x107 ./Core/Src/Gpio.o
 .debug_macro   0x0000000000000107      0xaa8 ./Core/Src/Gpio.o
 .debug_macro   0x0000000000000baf       0x2e ./Core/Src/Gpio.o
 .debug_macro   0x0000000000000bdd       0x2f ./Core/Src/Gpio.o
 .debug_macro   0x0000000000000c0c       0x22 ./Core/Src/Gpio.o
 .debug_macro   0x0000000000000c2e       0x8e ./Core/Src/Gpio.o
 .debug_macro   0x0000000000000cbc       0x51 ./Core/Src/Gpio.o
 .debug_macro   0x0000000000000d0d      0x103 ./Core/Src/Gpio.o
 .debug_macro   0x0000000000000e10       0x6a ./Core/Src/Gpio.o
 .debug_macro   0x0000000000000e7a      0x1df ./Core/Src/Gpio.o
 .debug_macro   0x0000000000001059       0x1c ./Core/Src/Gpio.o
 .debug_macro   0x0000000000001075       0x22 ./Core/Src/Gpio.o
 .debug_macro   0x0000000000001097       0xdf ./Core/Src/Gpio.o
 .debug_macro   0x0000000000001176     0x102d ./Core/Src/Gpio.o
 .debug_macro   0x00000000000021a3      0x11f ./Core/Src/Gpio.o
 .debug_macro   0x00000000000022c2    0x15e3c ./Core/Src/Gpio.o
 .debug_macro   0x00000000000180fe       0x43 ./Core/Src/Gpio.o
 .debug_macro   0x0000000000018141      0x1cf ./Core/Src/Gpio.o
 .debug_macro   0x0000000000018310      0x149 ./Core/Src/Gpio.o
 .debug_macro   0x0000000000018459       0xe8 ./Core/Src/Gpio.o
 .debug_macro   0x0000000000018541      0x20a ./Core/Src/Gpio.o
 .debug_macro   0x000000000001874b       0xe2 ./Core/Src/Gpio.o
 .debug_macro   0x000000000001882d      0x107 ./Core/Src/main.o
 .debug_macro   0x0000000000018934      0x110 ./GPIO_Drivers/Src/stm32f4xx_ll_gpio.o
 .debug_macro   0x0000000000018a44      0x143 ./GPIO_Drivers/Src/stm32f4xx_ll_gpio.o
 .debug_macro   0x0000000000018b87      0x1d5 ./GPIO_Drivers/Src/stm32f4xx_ll_gpio.o

.debug_line     0x0000000000000000     0x14d4
 .debug_line    0x0000000000000000      0x737 ./Core/Src/Gpio.o
 .debug_line    0x0000000000000737      0x54a ./Core/Src/main.o
 .debug_line    0x0000000000000c81       0x89 ./Core/Startup/startup_stm32f407vgtx.o
 .debug_line    0x0000000000000d0a      0x7ca ./GPIO_Drivers/Src/stm32f4xx_ll_gpio.o

.debug_str      0x0000000000000000    0x8b73d
 .debug_str     0x0000000000000000    0x8aff8 ./Core/Src/Gpio.o
                                      0x8b1d7 (size before relaxing)
 .debug_str     0x000000000008aff8       0x31 ./Core/Src/main.o
                                      0x8aa71 (size before relaxing)
 .debug_str     0x000000000008b029       0x36 ./Core/Startup/startup_stm32f407vgtx.o
                                         0x9a (size before relaxing)
 .debug_str     0x000000000008b05f      0x6de ./GPIO_Drivers/Src/stm32f4xx_ll_gpio.o
                                      0x89798 (size before relaxing)

.comment        0x0000000000000000       0x53
 .comment       0x0000000000000000       0x53 ./Core/Src/Gpio.o
                                         0x54 (size before relaxing)
 .comment       0x0000000000000053       0x54 ./Core/Src/main.o
 .comment       0x0000000000000053       0x54 ./GPIO_Drivers/Src/stm32f4xx_ll_gpio.o

.debug_frame    0x0000000000000000      0x498
 .debug_frame   0x0000000000000000      0x258 ./Core/Src/Gpio.o
 .debug_frame   0x0000000000000258       0x54 ./Core/Src/main.o
 .debug_frame   0x00000000000002ac      0x1c0 ./GPIO_Drivers/Src/stm32f4xx_ll_gpio.o
 .debug_frame   0x000000000000046c       0x2c c:/st/stm32cubeide_1.7.0/stm32cubeide/plugins/com.st.stm32cube.ide.mcu.externaltools.gnu-tools-for-stm32.9-2020-q2-update.win32_2.0.0.202105311346/tools/bin/../lib/gcc/arm-none-eabi/9.3.1/../../../../arm-none-eabi/lib/thumb/v7e-m+fp/hard\libc_nano.a(lib_a-init.o)
