core_cm4.h:1688:22:__NVIC_EnableIRQ	16	static
core_cm4.h:1816:22:__NVIC_SetPriority	16	static
stm32f4xx_ll_gpio.h:274:22:LL_GPIO_SetPinMode	40	static,ignoring_inline_asm
stm32f4xx_ll_gpio.h:882:22:LL_GPIO_SetOutputPin	16	static
stm32f4xx_ll_gpio.h:911:22:LL_GPIO_ResetOutputPin	16	static
stm32f4xx_ll_gpio.h:940:22:LL_GPIO_TogglePin	24	static
stm32f4xx_ll_adc.h:3831:22:LL_ADC_Enable	16	static
stm32f4xx_ll_adc.h:3882:22:LL_ADC_REG_StartConversionSWStart	16	static
stm32f4xx_ll_adc.h:3935:26:LL_ADC_REG_ReadConversionData32	16	static
stm32f4xx_ll_adc.h:4262:26:LL_ADC_IsActiveFlag_OVR	16	static
stm32f4xx_ll_adc.h:4304:22:LL_ADC_ClearFlag_EOCS	16	static
stm32f4xx_ll_bus.h:411:22:LL_AHB1_GRP1_EnableClock	24	static
stm32f4xx_ll_bus.h:1706:22:LL_APB2_GRP1_EnableClock	24	static
stm32f4xx_ll_exti.h:269:22:LL_EXTI_EnableIT_0_31	16	static
stm32f4xx_ll_exti.h:662:22:LL_EXTI_EnableFallingTrig_0_31	16	static
stm32f4xx_ll_exti.h:835:26:LL_EXTI_IsActiveFlag_0_31	16	static
stm32f4xx_ll_exti.h:911:22:LL_EXTI_ClearFlag_0_31	16	static
stm32f4xx_ll_system.h:670:22:LL_SYSCFG_SetEXTISource	24	static,ignoring_inline_asm
main.c:29:5:main	16	static
main.c:73:6:GPIO_Init	48	static
main.c:100:6:EXTI_Line_Init	24	static
main.c:123:6:GPIO_Write	24	static
main.c:135:6:EXTI0_IRQHandler	8	static
main.c:155:6:ADC_IRQHandler	16	static
