stm32f4xx_ll_adc.h:2110:22:LL_ADC_REG_SetTriggerSource	16	static
stm32f4xx_ll_adc.h:2260:22:LL_ADC_REG_SetSequencerLength	16	static
stm32f4xx_ll_adc.h:2745:22:LL_ADC_INJ_SetTriggerSource	16	static
stm32f4xx_ll_adc.h:2859:22:LL_ADC_INJ_SetSequencerLength	16	static
stm32f4xx_ll_adc.h:3842:22:LL_ADC_Disable	16	static
stm32f4xx_ll_adc.h:3853:26:LL_ADC_IsEnabled	16	static
stm32f4xx_ll_bus.h:1891:22:LL_APB2_GRP1_ForceReset	16	static
stm32f4xx_ll_bus.h:1949:22:LL_APB2_GRP1_ReleaseReset	16	static
stm32f4xx_ll_adc.c:290:13:LL_ADC_CommonDeInit	16	static
stm32f4xx_ll_adc.c:320:13:LL_ADC_CommonInit	32	static
stm32f4xx_ll_adc.c:402:6:LL_ADC_CommonStructInit	16	static
stm32f4xx_ll_adc.c:427:13:LL_ADC_DeInit	24	static
stm32f4xx_ll_adc.c:581:13:LL_ADC_Init	24	static
stm32f4xx_ll_adc.c:629:6:LL_ADC_StructInit	16	static
stm32f4xx_ll_adc.c:676:13:LL_ADC_REG_Init	24	static
stm32f4xx_ll_adc.c:760:6:LL_ADC_REG_StructInit	16	static
stm32f4xx_ll_adc.c:806:13:LL_ADC_INJ_Init	24	static
stm32f4xx_ll_adc.c:884:6:LL_ADC_INJ_StructInit	16	static
