Archive member included to satisfy reference by file (symbol)

c:/st/stm32cubeide_1.7.0/stm32cubeide/plugins/com.st.stm32cube.ide.mcu.externaltools.gnu-tools-for-stm32.9-2020-q2-update.win32_2.0.0.202105311346/tools/bin/../lib/gcc/arm-none-eabi/9.3.1/../../../../arm-none-eabi/lib/thumb/v7e-m+fp/hard\libc_nano.a(lib_a-errno.o)
                              ./Core/Src/syscalls.o (__errno)
c:/st/stm32cubeide_1.7.0/stm32cubeide/plugins/com.st.stm32cube.ide.mcu.externaltools.gnu-tools-for-stm32.9-2020-q2-update.win32_2.0.0.202105311346/tools/bin/../lib/gcc/arm-none-eabi/9.3.1/../../../../arm-none-eabi/lib/thumb/v7e-m+fp/hard\libc_nano.a(lib_a-exit.o)
                              c:/st/stm32cubeide_1.7.0/stm32cubeide/plugins/com.st.stm32cube.ide.mcu.externaltools.gnu-tools-for-stm32.9-2020-q2-update.win32_2.0.0.202105311346/tools/bin/../lib/gcc/arm-none-eabi/9.3.1/../../../../arm-none-eabi/lib/thumb/v7e-m+fp/hard/crt0.o (exit)
c:/st/stm32cubeide_1.7.0/stm32cubeide/plugins/com.st.stm32cube.ide.mcu.externaltools.gnu-tools-for-stm32.9-2020-q2-update.win32_2.0.0.202105311346/tools/bin/../lib/gcc/arm-none-eabi/9.3.1/../../../../arm-none-eabi/lib/thumb/v7e-m+fp/hard\libc_nano.a(lib_a-impure.o)
                              c:/st/stm32cubeide_1.7.0/stm32cubeide/plugins/com.st.stm32cube.ide.mcu.externaltools.gnu-tools-for-stm32.9-2020-q2-update.win32_2.0.0.202105311346/tools/bin/../lib/gcc/arm-none-eabi/9.3.1/../../../../arm-none-eabi/lib/thumb/v7e-m+fp/hard\libc_nano.a(lib_a-exit.o) (_global_impure_ptr)
c:/st/stm32cubeide_1.7.0/stm32cubeide/plugins/com.st.stm32cube.ide.mcu.externaltools.gnu-tools-for-stm32.9-2020-q2-update.win32_2.0.0.202105311346/tools/bin/../lib/gcc/arm-none-eabi/9.3.1/../../../../arm-none-eabi/lib/thumb/v7e-m+fp/hard\libc_nano.a(lib_a-init.o)
                              c:/st/stm32cubeide_1.7.0/stm32cubeide/plugins/com.st.stm32cube.ide.mcu.externaltools.gnu-tools-for-stm32.9-2020-q2-update.win32_2.0.0.202105311346/tools/bin/../lib/gcc/arm-none-eabi/9.3.1/../../../../arm-none-eabi/lib/thumb/v7e-m+fp/hard/crt0.o (__libc_init_array)
c:/st/stm32cubeide_1.7.0/stm32cubeide/plugins/com.st.stm32cube.ide.mcu.externaltools.gnu-tools-for-stm32.9-2020-q2-update.win32_2.0.0.202105311346/tools/bin/../lib/gcc/arm-none-eabi/9.3.1/../../../../arm-none-eabi/lib/thumb/v7e-m+fp/hard\libc_nano.a(lib_a-memset.o)
                              c:/st/stm32cubeide_1.7.0/stm32cubeide/plugins/com.st.stm32cube.ide.mcu.externaltools.gnu-tools-for-stm32.9-2020-q2-update.win32_2.0.0.202105311346/tools/bin/../lib/gcc/arm-none-eabi/9.3.1/../../../../arm-none-eabi/lib/thumb/v7e-m+fp/hard/crt0.o (memset)

Discarded input sections

 .text          0x0000000000000000        0x0 c:/st/stm32cubeide_1.7.0/stm32cubeide/plugins/com.st.stm32cube.ide.mcu.externaltools.gnu-tools-for-stm32.9-2020-q2-update.win32_2.0.0.202105311346/tools/bin/../lib/gcc/arm-none-eabi/9.3.1/thumb/v7e-m+fp/hard/crti.o
 .data          0x0000000000000000        0x0 c:/st/stm32cubeide_1.7.0/stm32cubeide/plugins/com.st.stm32cube.ide.mcu.externaltools.gnu-tools-for-stm32.9-2020-q2-update.win32_2.0.0.202105311346/tools/bin/../lib/gcc/arm-none-eabi/9.3.1/thumb/v7e-m+fp/hard/crti.o
 .bss           0x0000000000000000        0x0 c:/st/stm32cubeide_1.7.0/stm32cubeide/plugins/com.st.stm32cube.ide.mcu.externaltools.gnu-tools-for-stm32.9-2020-q2-update.win32_2.0.0.202105311346/tools/bin/../lib/gcc/arm-none-eabi/9.3.1/thumb/v7e-m+fp/hard/crti.o
 .data          0x0000000000000000        0x4 c:/st/stm32cubeide_1.7.0/stm32cubeide/plugins/com.st.stm32cube.ide.mcu.externaltools.gnu-tools-for-stm32.9-2020-q2-update.win32_2.0.0.202105311346/tools/bin/../lib/gcc/arm-none-eabi/9.3.1/thumb/v7e-m+fp/hard/crtbegin.o
 .text          0x0000000000000000       0x7c c:/st/stm32cubeide_1.7.0/stm32cubeide/plugins/com.st.stm32cube.ide.mcu.externaltools.gnu-tools-for-stm32.9-2020-q2-update.win32_2.0.0.202105311346/tools/bin/../lib/gcc/arm-none-eabi/9.3.1/../../../../arm-none-eabi/lib/thumb/v7e-m+fp/hard/crt0.o
 .data          0x0000000000000000        0x0 c:/st/stm32cubeide_1.7.0/stm32cubeide/plugins/com.st.stm32cube.ide.mcu.externaltools.gnu-tools-for-stm32.9-2020-q2-update.win32_2.0.0.202105311346/tools/bin/../lib/gcc/arm-none-eabi/9.3.1/../../../../arm-none-eabi/lib/thumb/v7e-m+fp/hard/crt0.o
 .bss           0x0000000000000000        0x0 c:/st/stm32cubeide_1.7.0/stm32cubeide/plugins/com.st.stm32cube.ide.mcu.externaltools.gnu-tools-for-stm32.9-2020-q2-update.win32_2.0.0.202105311346/tools/bin/../lib/gcc/arm-none-eabi/9.3.1/../../../../arm-none-eabi/lib/thumb/v7e-m+fp/hard/crt0.o
 .ARM.extab     0x0000000000000000        0x0 c:/st/stm32cubeide_1.7.0/stm32cubeide/plugins/com.st.stm32cube.ide.mcu.externaltools.gnu-tools-for-stm32.9-2020-q2-update.win32_2.0.0.202105311346/tools/bin/../lib/gcc/arm-none-eabi/9.3.1/../../../../arm-none-eabi/lib/thumb/v7e-m+fp/hard/crt0.o
 .ARM.exidx     0x0000000000000000       0x10 c:/st/stm32cubeide_1.7.0/stm32cubeide/plugins/com.st.stm32cube.ide.mcu.externaltools.gnu-tools-for-stm32.9-2020-q2-update.win32_2.0.0.202105311346/tools/bin/../lib/gcc/arm-none-eabi/9.3.1/../../../../arm-none-eabi/lib/thumb/v7e-m+fp/hard/crt0.o
 .ARM.attributes
                0x0000000000000000       0x1c c:/st/stm32cubeide_1.7.0/stm32cubeide/plugins/com.st.stm32cube.ide.mcu.externaltools.gnu-tools-for-stm32.9-2020-q2-update.win32_2.0.0.202105311346/tools/bin/../lib/gcc/arm-none-eabi/9.3.1/../../../../arm-none-eabi/lib/thumb/v7e-m+fp/hard/crt0.o
 .group         0x0000000000000000        0xc ./Core/Src/WDG.o
 .group         0x0000000000000000        0xc ./Core/Src/WDG.o
 .group         0x0000000000000000        0xc ./Core/Src/WDG.o
 .group         0x0000000000000000        0xc ./Core/Src/WDG.o
 .group         0x0000000000000000        0xc ./Core/Src/WDG.o
 .group         0x0000000000000000        0xc ./Core/Src/WDG.o
 .group         0x0000000000000000        0xc ./Core/Src/WDG.o
 .group         0x0000000000000000        0xc ./Core/Src/WDG.o
 .group         0x0000000000000000        0xc ./Core/Src/WDG.o
 .group         0x0000000000000000        0xc ./Core/Src/WDG.o
 .group         0x0000000000000000        0xc ./Core/Src/WDG.o
 .group         0x0000000000000000        0xc ./Core/Src/WDG.o
 .group         0x0000000000000000        0xc ./Core/Src/WDG.o
 .group         0x0000000000000000        0xc ./Core/Src/WDG.o
 .group         0x0000000000000000        0xc ./Core/Src/WDG.o
 .group         0x0000000000000000        0xc ./Core/Src/WDG.o
 .group         0x0000000000000000        0xc ./Core/Src/WDG.o
 .group         0x0000000000000000        0xc ./Core/Src/WDG.o
 .group         0x0000000000000000        0xc ./Core/Src/WDG.o
 .text          0x0000000000000000        0x0 ./Core/Src/WDG.o
 .data          0x0000000000000000        0x0 ./Core/Src/WDG.o
 .bss           0x0000000000000000        0x0 ./Core/Src/WDG.o
 .text.LL_APB1_GRP1_EnableClock
                0x0000000000000000       0x30 ./Core/Src/WDG.o
 .text.LL_WWDG_Enable
                0x0000000000000000       0x20 ./Core/Src/WDG.o
 .text.LL_WWDG_SetCounter
                0x0000000000000000       0x26 ./Core/Src/WDG.o
 .text.LL_WWDG_SetPrescaler
                0x0000000000000000       0x26 ./Core/Src/WDG.o
 .text.LL_WWDG_SetWindow
                0x0000000000000000       0x26 ./Core/Src/WDG.o
 .text.WWDG_Init
                0x0000000000000000       0x40 ./Core/Src/WDG.o
 .text.WWDG_Refresh
                0x0000000000000000       0x1c ./Core/Src/WDG.o
 .group         0x0000000000000000        0xc ./Core/Src/main.o
 .group         0x0000000000000000        0xc ./Core/Src/main.o
 .group         0x0000000000000000        0xc ./Core/Src/main.o
 .group         0x0000000000000000        0xc ./Core/Src/main.o
 .group         0x0000000000000000        0xc ./Core/Src/main.o
 .group         0x0000000000000000        0xc ./Core/Src/main.o
 .group         0x0000000000000000        0xc ./Core/Src/main.o
 .group         0x0000000000000000        0xc ./Core/Src/main.o
 .group         0x0000000000000000        0xc ./Core/Src/main.o
 .group         0x0000000000000000        0xc ./Core/Src/main.o
 .group         0x0000000000000000        0xc ./Core/Src/main.o
 .group         0x0000000000000000        0xc ./Core/Src/main.o
 .group         0x0000000000000000        0xc ./Core/Src/main.o
 .group         0x0000000000000000        0xc ./Core/Src/main.o
 .group         0x0000000000000000        0xc ./Core/Src/main.o
 .group         0x0000000000000000        0xc ./Core/Src/main.o
 .group         0x0000000000000000        0xc ./Core/Src/main.o
 .group         0x0000000000000000        0xc ./Core/Src/main.o
 .group         0x0000000000000000        0xc ./Core/Src/main.o
 .group         0x0000000000000000        0xc ./Core/Src/main.o
 .group         0x0000000000000000        0xc ./Core/Src/main.o
 .group         0x0000000000000000        0xc ./Core/Src/main.o
 .text          0x0000000000000000        0x0 ./Core/Src/main.o
 .data          0x0000000000000000        0x0 ./Core/Src/main.o
 .bss           0x0000000000000000        0x0 ./Core/Src/main.o
 .debug_macro   0x0000000000000000      0xaa8 ./Core/Src/main.o
 .debug_macro   0x0000000000000000       0x2e ./Core/Src/main.o
 .debug_macro   0x0000000000000000       0x2f ./Core/Src/main.o
 .debug_macro   0x0000000000000000       0x22 ./Core/Src/main.o
 .debug_macro   0x0000000000000000       0x8e ./Core/Src/main.o
 .debug_macro   0x0000000000000000       0x51 ./Core/Src/main.o
 .debug_macro   0x0000000000000000      0x103 ./Core/Src/main.o
 .debug_macro   0x0000000000000000       0x6a ./Core/Src/main.o
 .debug_macro   0x0000000000000000      0x1df ./Core/Src/main.o
 .debug_macro   0x0000000000000000       0x1c ./Core/Src/main.o
 .debug_macro   0x0000000000000000       0x22 ./Core/Src/main.o
 .debug_macro   0x0000000000000000       0xdf ./Core/Src/main.o
 .debug_macro   0x0000000000000000     0x102d ./Core/Src/main.o
 .debug_macro   0x0000000000000000      0x11f ./Core/Src/main.o
 .debug_macro   0x0000000000000000    0x15e3c ./Core/Src/main.o
 .debug_macro   0x0000000000000000       0x43 ./Core/Src/main.o
 .debug_macro   0x0000000000000000      0x1cf ./Core/Src/main.o
 .debug_macro   0x0000000000000000       0x64 ./Core/Src/main.o
 .debug_macro   0x0000000000000000       0x34 ./Core/Src/main.o
 .group         0x0000000000000000        0xc ./Core/Src/syscalls.o
 .group         0x0000000000000000        0xc ./Core/Src/syscalls.o
 .group         0x0000000000000000        0xc ./Core/Src/syscalls.o
 .group         0x0000000000000000        0xc ./Core/Src/syscalls.o
 .group         0x0000000000000000        0xc ./Core/Src/syscalls.o
 .group         0x0000000000000000        0xc ./Core/Src/syscalls.o
 .group         0x0000000000000000        0xc ./Core/Src/syscalls.o
 .group         0x0000000000000000        0xc ./Core/Src/syscalls.o
 .group         0x0000000000000000        0xc ./Core/Src/syscalls.o
 .group         0x0000000000000000        0xc ./Core/Src/syscalls.o
 .group         0x0000000000000000        0xc ./Core/Src/syscalls.o
 .group         0x0000000000000000        0xc ./Core/Src/syscalls.o
 .group         0x0000000000000000        0xc ./Core/Src/syscalls.o
 .group         0x0000000000000000        0xc ./Core/Src/syscalls.o
 .group         0x0000000000000000        0xc ./Core/Src/syscalls.o
 .group         0x0000000000000000        0xc ./Core/Src/syscalls.o
 .group         0x0000000000000000        0xc ./Core/Src/syscalls.o
 .group         0x0000000000000000        0xc ./Core/Src/syscalls.o
 .group         0x0000000000000000        0xc ./Core/Src/syscalls.o
 .group         0x0000000000000000        0xc ./Core/Src/syscalls.o
 .group         0x0000000000000000        0xc ./Core/Src/syscalls.o
 .group         0x0000000000000000        0xc ./Core/Src/syscalls.o
 .group         0x0000000000000000        0xc ./Core/Src/syscalls.o
 .group         0x0000000000000000        0xc ./Core/Src/syscalls.o
 .group         0x0000000000000000        0xc ./Core/Src/syscalls.o
 .group         0x0000000000000000        0xc ./Core/Src/syscalls.o
 .group         0x0000000000000000        0xc ./Core/Src/syscalls.o
 .group         0x0000000000000000        0xc ./Core/Src/syscalls.o
 .group         0x0000000000000000        0xc ./Core/Src/syscalls.o
 .group         0x0000000000000000        0xc ./Core/Src/syscalls.o
 .group         0x0000000000000000        0xc ./Core/Src/syscalls.o
 .group         0x0000000000000000        0xc ./Core/Src/syscalls.o
 .group         0x0000000000000000        0xc ./Core/Src/syscalls.o
 .group         0x0000000000000000        0xc ./Core/Src/syscalls.o
 .group         0x0000000000000000        0xc ./Core/Src/syscalls.o
 .group         0x0000000000000000        0xc ./Core/Src/syscalls.o
 .group         0x0000000000000000        0xc ./Core/Src/syscalls.o
 .group         0x0000000000000000        0xc ./Core/Src/syscalls.o
 .group         0x0000000000000000        0xc ./Core/Src/syscalls.o
 .group         0x0000000000000000        0xc ./Core/Src/syscalls.o
 .group         0x0000000000000000        0xc ./Core/Src/syscalls.o
 .group         0x0000000000000000        0xc ./Core/Src/syscalls.o
 .group         0x0000000000000000        0xc ./Core/Src/syscalls.o
 .group         0x0000000000000000        0xc ./Core/Src/syscalls.o
 .group         0x0000000000000000        0xc ./Core/Src/syscalls.o
 .group         0x0000000000000000        0xc ./Core/Src/syscalls.o
 .group         0x0000000000000000        0xc ./Core/Src/syscalls.o
 .text          0x0000000000000000        0x0 ./Core/Src/syscalls.o
 .data          0x0000000000000000        0x0 ./Core/Src/syscalls.o
 .bss           0x0000000000000000        0x0 ./Core/Src/syscalls.o
 .bss.__env     0x0000000000000000        0x4 ./Core/Src/syscalls.o
 .data.environ  0x0000000000000000        0x4 ./Core/Src/syscalls.o
 .text.initialise_monitor_handles
                0x0000000000000000        0xe ./Core/Src/syscalls.o
 .text._getpid  0x0000000000000000       0x10 ./Core/Src/syscalls.o
 .text._kill    0x0000000000000000       0x20 ./Core/Src/syscalls.o
 .text._exit    0x0000000000000000       0x14 ./Core/Src/syscalls.o
 .text._read    0x0000000000000000       0x3a ./Core/Src/syscalls.o
 .text._write   0x0000000000000000       0x38 ./Core/Src/syscalls.o
 .text._close   0x0000000000000000       0x18 ./Core/Src/syscalls.o
 .text._fstat   0x0000000000000000       0x20 ./Core/Src/syscalls.o
 .text._isatty  0x0000000000000000       0x16 ./Core/Src/syscalls.o
 .text._lseek   0x0000000000000000       0x1a ./Core/Src/syscalls.o
 .text._open    0x0000000000000000       0x1c ./Core/Src/syscalls.o
 .text._wait    0x0000000000000000       0x1e ./Core/Src/syscalls.o
 .text._unlink  0x0000000000000000       0x1e ./Core/Src/syscalls.o
 .text._times   0x0000000000000000       0x18 ./Core/Src/syscalls.o
 .text._stat    0x0000000000000000       0x20 ./Core/Src/syscalls.o
 .text._link    0x0000000000000000       0x20 ./Core/Src/syscalls.o
 .text._fork    0x0000000000000000       0x16 ./Core/Src/syscalls.o
 .text._execve  0x0000000000000000       0x22 ./Core/Src/syscalls.o
 .debug_info    0x0000000000000000      0xfa8 ./Core/Src/syscalls.o
 .debug_abbrev  0x0000000000000000      0x286 ./Core/Src/syscalls.o
 .debug_aranges
                0x0000000000000000       0xa8 ./Core/Src/syscalls.o
 .debug_ranges  0x0000000000000000       0x98 ./Core/Src/syscalls.o
 .debug_macro   0x0000000000000000      0x24c ./Core/Src/syscalls.o
 .debug_macro   0x0000000000000000      0xaa8 ./Core/Src/syscalls.o
 .debug_macro   0x0000000000000000       0x22 ./Core/Src/syscalls.o
 .debug_macro   0x0000000000000000       0x4c ./Core/Src/syscalls.o
 .debug_macro   0x0000000000000000       0x18 ./Core/Src/syscalls.o
 .debug_macro   0x0000000000000000       0x94 ./Core/Src/syscalls.o
 .debug_macro   0x0000000000000000       0x3c ./Core/Src/syscalls.o
 .debug_macro   0x0000000000000000       0x34 ./Core/Src/syscalls.o
 .debug_macro   0x0000000000000000       0x57 ./Core/Src/syscalls.o
 .debug_macro   0x0000000000000000      0x174 ./Core/Src/syscalls.o
 .debug_macro   0x0000000000000000      0x339 ./Core/Src/syscalls.o
 .debug_macro   0x0000000000000000       0x16 ./Core/Src/syscalls.o
 .debug_macro   0x0000000000000000       0x43 ./Core/Src/syscalls.o
 .debug_macro   0x0000000000000000       0x34 ./Core/Src/syscalls.o
 .debug_macro   0x0000000000000000       0x10 ./Core/Src/syscalls.o
 .debug_macro   0x0000000000000000       0x58 ./Core/Src/syscalls.o
 .debug_macro   0x0000000000000000       0x71 ./Core/Src/syscalls.o
 .debug_macro   0x0000000000000000       0x1c ./Core/Src/syscalls.o
 .debug_macro   0x0000000000000000      0x12a ./Core/Src/syscalls.o
 .debug_macro   0x0000000000000000       0x10 ./Core/Src/syscalls.o
 .debug_macro   0x0000000000000000       0x35 ./Core/Src/syscalls.o
 .debug_macro   0x0000000000000000       0x10 ./Core/Src/syscalls.o
 .debug_macro   0x0000000000000000       0x10 ./Core/Src/syscalls.o
 .debug_macro   0x0000000000000000       0x10 ./Core/Src/syscalls.o
 .debug_macro   0x0000000000000000       0x6a ./Core/Src/syscalls.o
 .debug_macro   0x0000000000000000       0x1c ./Core/Src/syscalls.o
 .debug_macro   0x0000000000000000       0x52 ./Core/Src/syscalls.o
 .debug_macro   0x0000000000000000       0x22 ./Core/Src/syscalls.o
 .debug_macro   0x0000000000000000       0x10 ./Core/Src/syscalls.o
 .debug_macro   0x0000000000000000       0x40 ./Core/Src/syscalls.o
 .debug_macro   0x0000000000000000       0xd5 ./Core/Src/syscalls.o
 .debug_macro   0x0000000000000000       0x1c ./Core/Src/syscalls.o
 .debug_macro   0x0000000000000000       0x3d ./Core/Src/syscalls.o
 .debug_macro   0x0000000000000000       0x35 ./Core/Src/syscalls.o
 .debug_macro   0x0000000000000000      0x12c ./Core/Src/syscalls.o
 .debug_macro   0x0000000000000000       0x16 ./Core/Src/syscalls.o
 .debug_macro   0x0000000000000000       0x16 ./Core/Src/syscalls.o
 .debug_macro   0x0000000000000000       0x29 ./Core/Src/syscalls.o
 .debug_macro   0x0000000000000000       0x10 ./Core/Src/syscalls.o
 .debug_macro   0x0000000000000000      0x241 ./Core/Src/syscalls.o
 .debug_macro   0x0000000000000000       0x1c ./Core/Src/syscalls.o
 .debug_macro   0x0000000000000000       0x10 ./Core/Src/syscalls.o
 .debug_macro   0x0000000000000000       0x10 ./Core/Src/syscalls.o
 .debug_macro   0x0000000000000000       0x16 ./Core/Src/syscalls.o
 .debug_macro   0x0000000000000000      0x145 ./Core/Src/syscalls.o
 .debug_macro   0x0000000000000000      0x189 ./Core/Src/syscalls.o
 .debug_macro   0x0000000000000000       0x16 ./Core/Src/syscalls.o
 .debug_macro   0x0000000000000000       0xce ./Core/Src/syscalls.o
 .debug_line    0x0000000000000000      0x802 ./Core/Src/syscalls.o
 .debug_str     0x0000000000000000     0x8ef9 ./Core/Src/syscalls.o
 .comment       0x0000000000000000       0x54 ./Core/Src/syscalls.o
 .debug_frame   0x0000000000000000      0x2ac ./Core/Src/syscalls.o
 .ARM.attributes
                0x0000000000000000       0x34 ./Core/Src/syscalls.o
 .group         0x0000000000000000        0xc ./Core/Src/sysmem.o
 .group         0x0000000000000000        0xc ./Core/Src/sysmem.o
 .group         0x0000000000000000        0xc ./Core/Src/sysmem.o
 .group         0x0000000000000000        0xc ./Core/Src/sysmem.o
 .group         0x0000000000000000        0xc ./Core/Src/sysmem.o
 .group         0x0000000000000000        0xc ./Core/Src/sysmem.o
 .group         0x0000000000000000        0xc ./Core/Src/sysmem.o
 .group         0x0000000000000000        0xc ./Core/Src/sysmem.o
 .group         0x0000000000000000        0xc ./Core/Src/sysmem.o
 .group         0x0000000000000000        0xc ./Core/Src/sysmem.o
 .group         0x0000000000000000        0xc ./Core/Src/sysmem.o
 .group         0x0000000000000000        0xc ./Core/Src/sysmem.o
 .group         0x0000000000000000        0xc ./Core/Src/sysmem.o
 .group         0x0000000000000000        0xc ./Core/Src/sysmem.o
 .group         0x0000000000000000        0xc ./Core/Src/sysmem.o
 .group         0x0000000000000000        0xc ./Core/Src/sysmem.o
 .group         0x0000000000000000        0xc ./Core/Src/sysmem.o
 .group         0x0000000000000000        0xc ./Core/Src/sysmem.o
 .group         0x0000000000000000        0xc ./Core/Src/sysmem.o
 .group         0x0000000000000000        0xc ./Core/Src/sysmem.o
 .group         0x0000000000000000        0xc ./Core/Src/sysmem.o
 .group         0x0000000000000000        0xc ./Core/Src/sysmem.o
 .text          0x0000000000000000        0x0 ./Core/Src/sysmem.o
 .data          0x0000000000000000        0x0 ./Core/Src/sysmem.o
 .bss           0x0000000000000000        0x0 ./Core/Src/sysmem.o
 .bss.__sbrk_heap_end
                0x0000000000000000        0x4 ./Core/Src/sysmem.o
 .text._sbrk    0x0000000000000000       0x6c ./Core/Src/sysmem.o
 .debug_info    0x0000000000000000      0xa25 ./Core/Src/sysmem.o
 .debug_abbrev  0x0000000000000000      0x1bf ./Core/Src/sysmem.o
 .debug_aranges
                0x0000000000000000       0x20 ./Core/Src/sysmem.o
 .debug_ranges  0x0000000000000000       0x10 ./Core/Src/sysmem.o
 .debug_macro   0x0000000000000000       0xff ./Core/Src/sysmem.o
 .debug_macro   0x0000000000000000      0xaa8 ./Core/Src/sysmem.o
 .debug_macro   0x0000000000000000       0x10 ./Core/Src/sysmem.o
 .debug_macro   0x0000000000000000       0x22 ./Core/Src/sysmem.o
 .debug_macro   0x0000000000000000       0x4c ./Core/Src/sysmem.o
 .debug_macro   0x0000000000000000       0x18 ./Core/Src/sysmem.o
 .debug_macro   0x0000000000000000       0x94 ./Core/Src/sysmem.o
 .debug_macro   0x0000000000000000       0x3c ./Core/Src/sysmem.o
 .debug_macro   0x0000000000000000       0x34 ./Core/Src/sysmem.o
 .debug_macro   0x0000000000000000      0x174 ./Core/Src/sysmem.o
 .debug_macro   0x0000000000000000       0x16 ./Core/Src/sysmem.o
 .debug_macro   0x0000000000000000       0x43 ./Core/Src/sysmem.o
 .debug_macro   0x0000000000000000       0x57 ./Core/Src/sysmem.o
 .debug_macro   0x0000000000000000       0x34 ./Core/Src/sysmem.o
 .debug_macro   0x0000000000000000       0x10 ./Core/Src/sysmem.o
 .debug_macro   0x0000000000000000       0x58 ./Core/Src/sysmem.o
 .debug_macro   0x0000000000000000       0x71 ./Core/Src/sysmem.o
 .debug_macro   0x0000000000000000       0x1c ./Core/Src/sysmem.o
 .debug_macro   0x0000000000000000      0x12a ./Core/Src/sysmem.o
 .debug_macro   0x0000000000000000      0x23b ./Core/Src/sysmem.o
 .debug_macro   0x0000000000000000      0x103 ./Core/Src/sysmem.o
 .debug_macro   0x0000000000000000       0x6a ./Core/Src/sysmem.o
 .debug_macro   0x0000000000000000      0x1df ./Core/Src/sysmem.o
 .debug_line    0x0000000000000000      0x4f8 ./Core/Src/sysmem.o
 .debug_str     0x0000000000000000     0x62cc ./Core/Src/sysmem.o
 .comment       0x0000000000000000       0x54 ./Core/Src/sysmem.o
 .debug_frame   0x0000000000000000       0x34 ./Core/Src/sysmem.o
 .ARM.attributes
                0x0000000000000000       0x34 ./Core/Src/sysmem.o
 .group         0x0000000000000000        0xc ./Core/Src/system_stm32f4xx.o
 .group         0x0000000000000000        0xc ./Core/Src/system_stm32f4xx.o
 .group         0x0000000000000000        0xc ./Core/Src/system_stm32f4xx.o
 .group         0x0000000000000000        0xc ./Core/Src/system_stm32f4xx.o
 .group         0x0000000000000000        0xc ./Core/Src/system_stm32f4xx.o
 .group         0x0000000000000000        0xc ./Core/Src/system_stm32f4xx.o
 .group         0x0000000000000000        0xc ./Core/Src/system_stm32f4xx.o
 .group         0x0000000000000000        0xc ./Core/Src/system_stm32f4xx.o
 .group         0x0000000000000000        0xc ./Core/Src/system_stm32f4xx.o
 .group         0x0000000000000000        0xc ./Core/Src/system_stm32f4xx.o
 .group         0x0000000000000000        0xc ./Core/Src/system_stm32f4xx.o
 .group         0x0000000000000000        0xc ./Core/Src/system_stm32f4xx.o
 .group         0x0000000000000000        0xc ./Core/Src/system_stm32f4xx.o
 .group         0x0000000000000000        0xc ./Core/Src/system_stm32f4xx.o
 .group         0x0000000000000000        0xc ./Core/Src/system_stm32f4xx.o
 .group         0x0000000000000000        0xc ./Core/Src/system_stm32f4xx.o
 .text          0x0000000000000000        0x0 ./Core/Src/system_stm32f4xx.o
 .data          0x0000000000000000        0x0 ./Core/Src/system_stm32f4xx.o
 .bss           0x0000000000000000        0x0 ./Core/Src/system_stm32f4xx.o
 .data.SystemCoreClock
                0x0000000000000000        0x4 ./Core/Src/system_stm32f4xx.o
 .text.SystemCoreClockUpdate
                0x0000000000000000      0x100 ./Core/Src/system_stm32f4xx.o
 .debug_macro   0x0000000000000000      0xaa8 ./Core/Src/system_stm32f4xx.o
 .debug_macro   0x0000000000000000       0x2e ./Core/Src/system_stm32f4xx.o
 .debug_macro   0x0000000000000000       0x2f ./Core/Src/system_stm32f4xx.o
 .debug_macro   0x0000000000000000       0x22 ./Core/Src/system_stm32f4xx.o
 .debug_macro   0x0000000000000000       0x8e ./Core/Src/system_stm32f4xx.o
 .debug_macro   0x0000000000000000       0x51 ./Core/Src/system_stm32f4xx.o
 .debug_macro   0x0000000000000000      0x103 ./Core/Src/system_stm32f4xx.o
 .debug_macro   0x0000000000000000       0x6a ./Core/Src/system_stm32f4xx.o
 .debug_macro   0x0000000000000000      0x1df ./Core/Src/system_stm32f4xx.o
 .debug_macro   0x0000000000000000       0x1c ./Core/Src/system_stm32f4xx.o
 .debug_macro   0x0000000000000000       0x22 ./Core/Src/system_stm32f4xx.o
 .debug_macro   0x0000000000000000       0xdf ./Core/Src/system_stm32f4xx.o
 .debug_macro   0x0000000000000000     0x102d ./Core/Src/system_stm32f4xx.o
 .debug_macro   0x0000000000000000      0x11f ./Core/Src/system_stm32f4xx.o
 .debug_macro   0x0000000000000000    0x15e3c ./Core/Src/system_stm32f4xx.o
 .debug_macro   0x0000000000000000       0x43 ./Core/Src/system_stm32f4xx.o
 .text          0x0000000000000000       0x14 ./Core/Startup/startup_stm32f407vgtx.o
 .data          0x0000000000000000        0x0 ./Core/Startup/startup_stm32f407vgtx.o
 .bss           0x0000000000000000        0x0 ./Core/Startup/startup_stm32f407vgtx.o
 .group         0x0000000000000000        0xc ./WDG_Drivers/Src/stm32f4xx_ll_exti.o
 .group         0x0000000000000000        0xc ./WDG_Drivers/Src/stm32f4xx_ll_exti.o
 .group         0x0000000000000000        0xc ./WDG_Drivers/Src/stm32f4xx_ll_exti.o
 .group         0x0000000000000000        0xc ./WDG_Drivers/Src/stm32f4xx_ll_exti.o
 .group         0x0000000000000000        0xc ./WDG_Drivers/Src/stm32f4xx_ll_exti.o
 .group         0x0000000000000000        0xc ./WDG_Drivers/Src/stm32f4xx_ll_exti.o
 .group         0x0000000000000000        0xc ./WDG_Drivers/Src/stm32f4xx_ll_exti.o
 .group         0x0000000000000000        0xc ./WDG_Drivers/Src/stm32f4xx_ll_exti.o
 .group         0x0000000000000000        0xc ./WDG_Drivers/Src/stm32f4xx_ll_exti.o
 .group         0x0000000000000000        0xc ./WDG_Drivers/Src/stm32f4xx_ll_exti.o
 .group         0x0000000000000000        0xc ./WDG_Drivers/Src/stm32f4xx_ll_exti.o
 .group         0x0000000000000000        0xc ./WDG_Drivers/Src/stm32f4xx_ll_exti.o
 .group         0x0000000000000000        0xc ./WDG_Drivers/Src/stm32f4xx_ll_exti.o
 .group         0x0000000000000000        0xc ./WDG_Drivers/Src/stm32f4xx_ll_exti.o
 .group         0x0000000000000000        0xc ./WDG_Drivers/Src/stm32f4xx_ll_exti.o
 .group         0x0000000000000000        0xc ./WDG_Drivers/Src/stm32f4xx_ll_exti.o
 .group         0x0000000000000000        0xc ./WDG_Drivers/Src/stm32f4xx_ll_exti.o
 .text          0x0000000000000000        0x0 ./WDG_Drivers/Src/stm32f4xx_ll_exti.o
 .data          0x0000000000000000        0x0 ./WDG_Drivers/Src/stm32f4xx_ll_exti.o
 .bss           0x0000000000000000        0x0 ./WDG_Drivers/Src/stm32f4xx_ll_exti.o
 .text.LL_EXTI_EnableIT_0_31
                0x0000000000000000       0x24 ./WDG_Drivers/Src/stm32f4xx_ll_exti.o
 .text.LL_EXTI_DisableIT_0_31
                0x0000000000000000       0x28 ./WDG_Drivers/Src/stm32f4xx_ll_exti.o
 .text.LL_EXTI_EnableEvent_0_31
                0x0000000000000000       0x24 ./WDG_Drivers/Src/stm32f4xx_ll_exti.o
 .text.LL_EXTI_DisableEvent_0_31
                0x0000000000000000       0x28 ./WDG_Drivers/Src/stm32f4xx_ll_exti.o
 .text.LL_EXTI_EnableRisingTrig_0_31
                0x0000000000000000       0x24 ./WDG_Drivers/Src/stm32f4xx_ll_exti.o
 .text.LL_EXTI_DisableRisingTrig_0_31
                0x0000000000000000       0x28 ./WDG_Drivers/Src/stm32f4xx_ll_exti.o
 .text.LL_EXTI_EnableFallingTrig_0_31
                0x0000000000000000       0x24 ./WDG_Drivers/Src/stm32f4xx_ll_exti.o
 .text.LL_EXTI_DisableFallingTrig_0_31
                0x0000000000000000       0x28 ./WDG_Drivers/Src/stm32f4xx_ll_exti.o
 .text.LL_EXTI_DeInit
                0x0000000000000000       0x3c ./WDG_Drivers/Src/stm32f4xx_ll_exti.o
 .text.LL_EXTI_Init
                0x0000000000000000      0x102 ./WDG_Drivers/Src/stm32f4xx_ll_exti.o
 .text.LL_EXTI_StructInit
                0x0000000000000000       0x2c ./WDG_Drivers/Src/stm32f4xx_ll_exti.o
 .debug_info    0x0000000000000000      0x3dc ./WDG_Drivers/Src/stm32f4xx_ll_exti.o
 .debug_abbrev  0x0000000000000000      0x1c2 ./WDG_Drivers/Src/stm32f4xx_ll_exti.o
 .debug_aranges
                0x0000000000000000       0x70 ./WDG_Drivers/Src/stm32f4xx_ll_exti.o
 .debug_ranges  0x0000000000000000       0x60 ./WDG_Drivers/Src/stm32f4xx_ll_exti.o
 .debug_macro   0x0000000000000000       0xf5 ./WDG_Drivers/Src/stm32f4xx_ll_exti.o
 .debug_macro   0x0000000000000000      0xaa8 ./WDG_Drivers/Src/stm32f4xx_ll_exti.o
 .debug_macro   0x0000000000000000       0x2e ./WDG_Drivers/Src/stm32f4xx_ll_exti.o
 .debug_macro   0x0000000000000000       0x2f ./WDG_Drivers/Src/stm32f4xx_ll_exti.o
 .debug_macro   0x0000000000000000       0x22 ./WDG_Drivers/Src/stm32f4xx_ll_exti.o
 .debug_macro   0x0000000000000000       0x8e ./WDG_Drivers/Src/stm32f4xx_ll_exti.o
 .debug_macro   0x0000000000000000       0x51 ./WDG_Drivers/Src/stm32f4xx_ll_exti.o
 .debug_macro   0x0000000000000000      0x103 ./WDG_Drivers/Src/stm32f4xx_ll_exti.o
 .debug_macro   0x0000000000000000       0x6a ./WDG_Drivers/Src/stm32f4xx_ll_exti.o
 .debug_macro   0x0000000000000000      0x1df ./WDG_Drivers/Src/stm32f4xx_ll_exti.o
 .debug_macro   0x0000000000000000       0x1c ./WDG_Drivers/Src/stm32f4xx_ll_exti.o
 .debug_macro   0x0000000000000000       0x22 ./WDG_Drivers/Src/stm32f4xx_ll_exti.o
 .debug_macro   0x0000000000000000       0xdf ./WDG_Drivers/Src/stm32f4xx_ll_exti.o
 .debug_macro   0x0000000000000000     0x102d ./WDG_Drivers/Src/stm32f4xx_ll_exti.o
 .debug_macro   0x0000000000000000      0x11f ./WDG_Drivers/Src/stm32f4xx_ll_exti.o
 .debug_macro   0x0000000000000000    0x15e3c ./WDG_Drivers/Src/stm32f4xx_ll_exti.o
 .debug_macro   0x0000000000000000       0x43 ./WDG_Drivers/Src/stm32f4xx_ll_exti.o
 .debug_macro   0x0000000000000000       0xe2 ./WDG_Drivers/Src/stm32f4xx_ll_exti.o
 .debug_line    0x0000000000000000      0x66d ./WDG_Drivers/Src/stm32f4xx_ll_exti.o
 .debug_str     0x0000000000000000    0x8841c ./WDG_Drivers/Src/stm32f4xx_ll_exti.o
 .comment       0x0000000000000000       0x54 ./WDG_Drivers/Src/stm32f4xx_ll_exti.o
 .debug_frame   0x0000000000000000      0x1bc ./WDG_Drivers/Src/stm32f4xx_ll_exti.o
 .ARM.attributes
                0x0000000000000000       0x34 ./WDG_Drivers/Src/stm32f4xx_ll_exti.o
 .group         0x0000000000000000        0xc ./WDG_Drivers/Src/stm32f4xx_ll_gpio.o
 .group         0x0000000000000000        0xc ./WDG_Drivers/Src/stm32f4xx_ll_gpio.o
 .group         0x0000000000000000        0xc ./WDG_Drivers/Src/stm32f4xx_ll_gpio.o
 .group         0x0000000000000000        0xc ./WDG_Drivers/Src/stm32f4xx_ll_gpio.o
 .group         0x0000000000000000        0xc ./WDG_Drivers/Src/stm32f4xx_ll_gpio.o
 .group         0x0000000000000000        0xc ./WDG_Drivers/Src/stm32f4xx_ll_gpio.o
 .group         0x0000000000000000        0xc ./WDG_Drivers/Src/stm32f4xx_ll_gpio.o
 .group         0x0000000000000000        0xc ./WDG_Drivers/Src/stm32f4xx_ll_gpio.o
 .group         0x0000000000000000        0xc ./WDG_Drivers/Src/stm32f4xx_ll_gpio.o
 .group         0x0000000000000000        0xc ./WDG_Drivers/Src/stm32f4xx_ll_gpio.o
 .group         0x0000000000000000        0xc ./WDG_Drivers/Src/stm32f4xx_ll_gpio.o
 .group         0x0000000000000000        0xc ./WDG_Drivers/Src/stm32f4xx_ll_gpio.o
 .group         0x0000000000000000        0xc ./WDG_Drivers/Src/stm32f4xx_ll_gpio.o
 .group         0x0000000000000000        0xc ./WDG_Drivers/Src/stm32f4xx_ll_gpio.o
 .group         0x0000000000000000        0xc ./WDG_Drivers/Src/stm32f4xx_ll_gpio.o
 .group         0x0000000000000000        0xc ./WDG_Drivers/Src/stm32f4xx_ll_gpio.o
 .group         0x0000000000000000        0xc ./WDG_Drivers/Src/stm32f4xx_ll_gpio.o
 .group         0x0000000000000000        0xc ./WDG_Drivers/Src/stm32f4xx_ll_gpio.o
 .text          0x0000000000000000        0x0 ./WDG_Drivers/Src/stm32f4xx_ll_gpio.o
 .data          0x0000000000000000        0x0 ./WDG_Drivers/Src/stm32f4xx_ll_gpio.o
 .bss           0x0000000000000000        0x0 ./WDG_Drivers/Src/stm32f4xx_ll_gpio.o
 .text.LL_GPIO_SetPinMode
                0x0000000000000000       0x5e ./WDG_Drivers/Src/stm32f4xx_ll_gpio.o
 .text.LL_GPIO_SetPinOutputType
                0x0000000000000000       0x30 ./WDG_Drivers/Src/stm32f4xx_ll_gpio.o
 .text.LL_GPIO_SetPinSpeed
                0x0000000000000000       0x5e ./WDG_Drivers/Src/stm32f4xx_ll_gpio.o
 .text.LL_GPIO_SetPinPull
                0x0000000000000000       0x5e ./WDG_Drivers/Src/stm32f4xx_ll_gpio.o
 .text.LL_GPIO_SetAFPin_0_7
                0x0000000000000000       0x5e ./WDG_Drivers/Src/stm32f4xx_ll_gpio.o
 .text.LL_GPIO_SetAFPin_8_15
                0x0000000000000000       0x62 ./WDG_Drivers/Src/stm32f4xx_ll_gpio.o
 .text.LL_AHB1_GRP1_ForceReset
                0x0000000000000000       0x24 ./WDG_Drivers/Src/stm32f4xx_ll_gpio.o
 .text.LL_AHB1_GRP1_ReleaseReset
                0x0000000000000000       0x28 ./WDG_Drivers/Src/stm32f4xx_ll_gpio.o
 .text.LL_GPIO_DeInit
                0x0000000000000000      0x108 ./WDG_Drivers/Src/stm32f4xx_ll_gpio.o
 .text.LL_GPIO_Init
                0x0000000000000000       0xe6 ./WDG_Drivers/Src/stm32f4xx_ll_gpio.o
 .text.LL_GPIO_StructInit
                0x0000000000000000       0x3a ./WDG_Drivers/Src/stm32f4xx_ll_gpio.o
 .debug_info    0x0000000000000000      0x8be ./WDG_Drivers/Src/stm32f4xx_ll_gpio.o
 .debug_abbrev  0x0000000000000000      0x23b ./WDG_Drivers/Src/stm32f4xx_ll_gpio.o
 .debug_aranges
                0x0000000000000000       0x70 ./WDG_Drivers/Src/stm32f4xx_ll_gpio.o
 .debug_ranges  0x0000000000000000       0x60 ./WDG_Drivers/Src/stm32f4xx_ll_gpio.o
 .debug_macro   0x0000000000000000      0x110 ./WDG_Drivers/Src/stm32f4xx_ll_gpio.o
 .debug_macro   0x0000000000000000      0xaa8 ./WDG_Drivers/Src/stm32f4xx_ll_gpio.o
 .debug_macro   0x0000000000000000       0x2e ./WDG_Drivers/Src/stm32f4xx_ll_gpio.o
 .debug_macro   0x0000000000000000       0x2f ./WDG_Drivers/Src/stm32f4xx_ll_gpio.o
 .debug_macro   0x0000000000000000       0x22 ./WDG_Drivers/Src/stm32f4xx_ll_gpio.o
 .debug_macro   0x0000000000000000       0x8e ./WDG_Drivers/Src/stm32f4xx_ll_gpio.o
 .debug_macro   0x0000000000000000       0x51 ./WDG_Drivers/Src/stm32f4xx_ll_gpio.o
 .debug_macro   0x0000000000000000      0x103 ./WDG_Drivers/Src/stm32f4xx_ll_gpio.o
 .debug_macro   0x0000000000000000       0x6a ./WDG_Drivers/Src/stm32f4xx_ll_gpio.o
 .debug_macro   0x0000000000000000      0x1df ./WDG_Drivers/Src/stm32f4xx_ll_gpio.o
 .debug_macro   0x0000000000000000       0x1c ./WDG_Drivers/Src/stm32f4xx_ll_gpio.o
 .debug_macro   0x0000000000000000       0x22 ./WDG_Drivers/Src/stm32f4xx_ll_gpio.o
 .debug_macro   0x0000000000000000       0xdf ./WDG_Drivers/Src/stm32f4xx_ll_gpio.o
 .debug_macro   0x0000000000000000     0x102d ./WDG_Drivers/Src/stm32f4xx_ll_gpio.o
 .debug_macro   0x0000000000000000      0x11f ./WDG_Drivers/Src/stm32f4xx_ll_gpio.o
 .debug_macro   0x0000000000000000    0x15e3c ./WDG_Drivers/Src/stm32f4xx_ll_gpio.o
 .debug_macro   0x0000000000000000       0x43 ./WDG_Drivers/Src/stm32f4xx_ll_gpio.o
 .debug_macro   0x0000000000000000      0x143 ./WDG_Drivers/Src/stm32f4xx_ll_gpio.o
 .debug_macro   0x0000000000000000      0x1d5 ./WDG_Drivers/Src/stm32f4xx_ll_gpio.o
 .debug_line    0x0000000000000000      0x7c8 ./WDG_Drivers/Src/stm32f4xx_ll_gpio.o
 .debug_str     0x0000000000000000    0x89796 ./WDG_Drivers/Src/stm32f4xx_ll_gpio.o
 .comment       0x0000000000000000       0x54 ./WDG_Drivers/Src/stm32f4xx_ll_gpio.o
 .debug_frame   0x0000000000000000      0x1c0 ./WDG_Drivers/Src/stm32f4xx_ll_gpio.o
 .ARM.attributes
                0x0000000000000000       0x34 ./WDG_Drivers/Src/stm32f4xx_ll_gpio.o
 .group         0x0000000000000000        0xc ./WDG_Drivers/Src/stm32f4xx_ll_rcc.o
 .group         0x0000000000000000        0xc ./WDG_Drivers/Src/stm32f4xx_ll_rcc.o
 .group         0x0000000000000000        0xc ./WDG_Drivers/Src/stm32f4xx_ll_rcc.o
 .group         0x0000000000000000        0xc ./WDG_Drivers/Src/stm32f4xx_ll_rcc.o
 .group         0x0000000000000000        0xc ./WDG_Drivers/Src/stm32f4xx_ll_rcc.o
 .group         0x0000000000000000        0xc ./WDG_Drivers/Src/stm32f4xx_ll_rcc.o
 .group         0x0000000000000000        0xc ./WDG_Drivers/Src/stm32f4xx_ll_rcc.o
 .group         0x0000000000000000        0xc ./WDG_Drivers/Src/stm32f4xx_ll_rcc.o
 .group         0x0000000000000000        0xc ./WDG_Drivers/Src/stm32f4xx_ll_rcc.o
 .group         0x0000000000000000        0xc ./WDG_Drivers/Src/stm32f4xx_ll_rcc.o
 .group         0x0000000000000000        0xc ./WDG_Drivers/Src/stm32f4xx_ll_rcc.o
 .group         0x0000000000000000        0xc ./WDG_Drivers/Src/stm32f4xx_ll_rcc.o
 .group         0x0000000000000000        0xc ./WDG_Drivers/Src/stm32f4xx_ll_rcc.o
 .group         0x0000000000000000        0xc ./WDG_Drivers/Src/stm32f4xx_ll_rcc.o
 .group         0x0000000000000000        0xc ./WDG_Drivers/Src/stm32f4xx_ll_rcc.o
 .group         0x0000000000000000        0xc ./WDG_Drivers/Src/stm32f4xx_ll_rcc.o
 .group         0x0000000000000000        0xc ./WDG_Drivers/Src/stm32f4xx_ll_rcc.o
 .text          0x0000000000000000        0x0 ./WDG_Drivers/Src/stm32f4xx_ll_rcc.o
 .data          0x0000000000000000        0x0 ./WDG_Drivers/Src/stm32f4xx_ll_rcc.o
 .bss           0x0000000000000000        0x0 ./WDG_Drivers/Src/stm32f4xx_ll_rcc.o
 .text.LL_RCC_HSI_Enable
                0x0000000000000000       0x20 ./WDG_Drivers/Src/stm32f4xx_ll_rcc.o
 .text.LL_RCC_HSI_IsReady
                0x0000000000000000       0x24 ./WDG_Drivers/Src/stm32f4xx_ll_rcc.o
 .text.LL_RCC_HSI_SetCalibTrimming
                0x0000000000000000       0x2c ./WDG_Drivers/Src/stm32f4xx_ll_rcc.o
 .text.LL_RCC_GetI2SClockSource
                0x0000000000000000       0x20 ./WDG_Drivers/Src/stm32f4xx_ll_rcc.o
 .text.LL_RCC_PLL_IsReady
                0x0000000000000000       0x28 ./WDG_Drivers/Src/stm32f4xx_ll_rcc.o
 .text.LL_RCC_PLL_GetQ
                0x0000000000000000       0x1c ./WDG_Drivers/Src/stm32f4xx_ll_rcc.o
 .text.LL_RCC_PLLI2S_IsReady
                0x0000000000000000       0x28 ./WDG_Drivers/Src/stm32f4xx_ll_rcc.o
 .text.LL_RCC_PLLI2S_GetN
                0x0000000000000000       0x20 ./WDG_Drivers/Src/stm32f4xx_ll_rcc.o
 .text.LL_RCC_PLLI2S_GetR
                0x0000000000000000       0x1c ./WDG_Drivers/Src/stm32f4xx_ll_rcc.o
 .text.LL_RCC_PLLI2S_GetDivider
                0x0000000000000000       0x1c ./WDG_Drivers/Src/stm32f4xx_ll_rcc.o
 .text.LL_RCC_PLLI2S_GetMainSource
                0x0000000000000000       0x1c ./WDG_Drivers/Src/stm32f4xx_ll_rcc.o
 .text.LL_RCC_DeInit
                0x0000000000000000       0xbc ./WDG_Drivers/Src/stm32f4xx_ll_rcc.o
 .text.LL_RCC_GetI2SClockFreq
                0x0000000000000000       0x4c ./WDG_Drivers/Src/stm32f4xx_ll_rcc.o
 .text.LL_RCC_GetSDIOClockFreq
                0x0000000000000000       0x2e ./WDG_Drivers/Src/stm32f4xx_ll_rcc.o
 .text.LL_RCC_GetRNGClockFreq
                0x0000000000000000       0x26 ./WDG_Drivers/Src/stm32f4xx_ll_rcc.o
 .text.LL_RCC_GetUSBClockFreq
                0x0000000000000000       0x26 ./WDG_Drivers/Src/stm32f4xx_ll_rcc.o
 .text.RCC_PLL_GetFreqDomain_48M
                0x0000000000000000       0x68 ./WDG_Drivers/Src/stm32f4xx_ll_rcc.o
 .text.RCC_PLLI2S_GetFreqDomain_I2S
                0x0000000000000000       0x64 ./WDG_Drivers/Src/stm32f4xx_ll_rcc.o
 .debug_macro   0x0000000000000000      0xaa8 ./WDG_Drivers/Src/stm32f4xx_ll_rcc.o
 .debug_macro   0x0000000000000000       0x2e ./WDG_Drivers/Src/stm32f4xx_ll_rcc.o
 .debug_macro   0x0000000000000000       0x2f ./WDG_Drivers/Src/stm32f4xx_ll_rcc.o
 .debug_macro   0x0000000000000000       0x22 ./WDG_Drivers/Src/stm32f4xx_ll_rcc.o
 .debug_macro   0x0000000000000000       0x8e ./WDG_Drivers/Src/stm32f4xx_ll_rcc.o
 .debug_macro   0x0000000000000000       0x51 ./WDG_Drivers/Src/stm32f4xx_ll_rcc.o
 .debug_macro   0x0000000000000000      0x103 ./WDG_Drivers/Src/stm32f4xx_ll_rcc.o
 .debug_macro   0x0000000000000000       0x6a ./WDG_Drivers/Src/stm32f4xx_ll_rcc.o
 .debug_macro   0x0000000000000000      0x1df ./WDG_Drivers/Src/stm32f4xx_ll_rcc.o
 .debug_macro   0x0000000000000000       0x1c ./WDG_Drivers/Src/stm32f4xx_ll_rcc.o
 .debug_macro   0x0000000000000000       0x22 ./WDG_Drivers/Src/stm32f4xx_ll_rcc.o
 .debug_macro   0x0000000000000000       0xdf ./WDG_Drivers/Src/stm32f4xx_ll_rcc.o
 .debug_macro   0x0000000000000000     0x102d ./WDG_Drivers/Src/stm32f4xx_ll_rcc.o
 .debug_macro   0x0000000000000000      0x11f ./WDG_Drivers/Src/stm32f4xx_ll_rcc.o
 .debug_macro   0x0000000000000000    0x15e3c ./WDG_Drivers/Src/stm32f4xx_ll_rcc.o
 .debug_macro   0x0000000000000000       0x43 ./WDG_Drivers/Src/stm32f4xx_ll_rcc.o
 .group         0x0000000000000000        0xc ./WDG_Drivers/Src/stm32f4xx_ll_utils.o
 .group         0x0000000000000000        0xc ./WDG_Drivers/Src/stm32f4xx_ll_utils.o
 .group         0x0000000000000000        0xc ./WDG_Drivers/Src/stm32f4xx_ll_utils.o
 .group         0x0000000000000000        0xc ./WDG_Drivers/Src/stm32f4xx_ll_utils.o
 .group         0x0000000000000000        0xc ./WDG_Drivers/Src/stm32f4xx_ll_utils.o
 .group         0x0000000000000000        0xc ./WDG_Drivers/Src/stm32f4xx_ll_utils.o
 .group         0x0000000000000000        0xc ./WDG_Drivers/Src/stm32f4xx_ll_utils.o
 .group         0x0000000000000000        0xc ./WDG_Drivers/Src/stm32f4xx_ll_utils.o
 .group         0x0000000000000000        0xc ./WDG_Drivers/Src/stm32f4xx_ll_utils.o
 .group         0x0000000000000000        0xc ./WDG_Drivers/Src/stm32f4xx_ll_utils.o
 .group         0x0000000000000000        0xc ./WDG_Drivers/Src/stm32f4xx_ll_utils.o
 .group         0x0000000000000000        0xc ./WDG_Drivers/Src/stm32f4xx_ll_utils.o
 .group         0x0000000000000000        0xc ./WDG_Drivers/Src/stm32f4xx_ll_utils.o
 .group         0x0000000000000000        0xc ./WDG_Drivers/Src/stm32f4xx_ll_utils.o
 .group         0x0000000000000000        0xc ./WDG_Drivers/Src/stm32f4xx_ll_utils.o
 .group         0x0000000000000000        0xc ./WDG_Drivers/Src/stm32f4xx_ll_utils.o
 .group         0x0000000000000000        0xc ./WDG_Drivers/Src/stm32f4xx_ll_utils.o
 .group         0x0000000000000000        0xc ./WDG_Drivers/Src/stm32f4xx_ll_utils.o
 .group         0x0000000000000000        0xc ./WDG_Drivers/Src/stm32f4xx_ll_utils.o
 .group         0x0000000000000000        0xc ./WDG_Drivers/Src/stm32f4xx_ll_utils.o
 .text          0x0000000000000000        0x0 ./WDG_Drivers/Src/stm32f4xx_ll_utils.o
 .data          0x0000000000000000        0x0 ./WDG_Drivers/Src/stm32f4xx_ll_utils.o
 .bss           0x0000000000000000        0x0 ./WDG_Drivers/Src/stm32f4xx_ll_utils.o
 .text.LL_RCC_HSE_EnableBypass
                0x0000000000000000       0x20 ./WDG_Drivers/Src/stm32f4xx_ll_utils.o
 .text.LL_RCC_HSE_DisableBypass
                0x0000000000000000       0x20 ./WDG_Drivers/Src/stm32f4xx_ll_utils.o
 .text.LL_RCC_HSE_Enable
                0x0000000000000000       0x20 ./WDG_Drivers/Src/stm32f4xx_ll_utils.o
 .text.LL_RCC_HSE_IsReady
                0x0000000000000000       0x28 ./WDG_Drivers/Src/stm32f4xx_ll_utils.o
 .text.LL_RCC_HSI_Enable
                0x0000000000000000       0x20 ./WDG_Drivers/Src/stm32f4xx_ll_utils.o
 .text.LL_RCC_HSI_IsReady
                0x0000000000000000       0x24 ./WDG_Drivers/Src/stm32f4xx_ll_utils.o
 .text.LL_RCC_SetSysClkSource
                0x0000000000000000       0x28 ./WDG_Drivers/Src/stm32f4xx_ll_utils.o
 .text.LL_RCC_GetSysClkSource
                0x0000000000000000       0x1c ./WDG_Drivers/Src/stm32f4xx_ll_utils.o
 .text.LL_RCC_SetAHBPrescaler
                0x0000000000000000       0x28 ./WDG_Drivers/Src/stm32f4xx_ll_utils.o
 .text.LL_RCC_SetAPB1Prescaler
                0x0000000000000000       0x28 ./WDG_Drivers/Src/stm32f4xx_ll_utils.o
 .text.LL_RCC_SetAPB2Prescaler
                0x0000000000000000       0x28 ./WDG_Drivers/Src/stm32f4xx_ll_utils.o
 .text.LL_RCC_PLL_Enable
                0x0000000000000000       0x20 ./WDG_Drivers/Src/stm32f4xx_ll_utils.o
 .text.LL_RCC_PLL_IsReady
                0x0000000000000000       0x28 ./WDG_Drivers/Src/stm32f4xx_ll_utils.o
 .text.LL_RCC_PLL_ConfigDomain_SYS
                0x0000000000000000       0x4c ./WDG_Drivers/Src/stm32f4xx_ll_utils.o
 .text.LL_RCC_PLLI2S_IsReady
                0x0000000000000000       0x28 ./WDG_Drivers/Src/stm32f4xx_ll_utils.o
 .text.LL_FLASH_SetLatency
                0x0000000000000000       0x28 ./WDG_Drivers/Src/stm32f4xx_ll_utils.o
 .text.LL_FLASH_GetLatency
                0x0000000000000000       0x1c ./WDG_Drivers/Src/stm32f4xx_ll_utils.o
 .text.LL_PWR_GetRegulVoltageScaling
                0x0000000000000000       0x1c ./WDG_Drivers/Src/stm32f4xx_ll_utils.o
 .text.LL_SetSystemCoreClock
                0x0000000000000000       0x20 ./WDG_Drivers/Src/stm32f4xx_ll_utils.o
 .text.LL_SetFlashLatency
                0x0000000000000000      0x130 ./WDG_Drivers/Src/stm32f4xx_ll_utils.o
 .text.LL_PLL_ConfigSystemClock_HSI
                0x0000000000000000       0x74 ./WDG_Drivers/Src/stm32f4xx_ll_utils.o
 .text.LL_PLL_ConfigSystemClock_HSE
                0x0000000000000000       0x84 ./WDG_Drivers/Src/stm32f4xx_ll_utils.o
 .text.UTILS_GetPLLOutputFrequency
                0x0000000000000000       0x4e ./WDG_Drivers/Src/stm32f4xx_ll_utils.o
 .text.UTILS_PLL_IsBusy
                0x0000000000000000       0x30 ./WDG_Drivers/Src/stm32f4xx_ll_utils.o
 .text.UTILS_EnablePLLAndSwitchSystem
                0x0000000000000000       0xb4 ./WDG_Drivers/Src/stm32f4xx_ll_utils.o
 .debug_macro   0x0000000000000000      0xaa8 ./WDG_Drivers/Src/stm32f4xx_ll_utils.o
 .debug_macro   0x0000000000000000       0x2e ./WDG_Drivers/Src/stm32f4xx_ll_utils.o
 .debug_macro   0x0000000000000000       0x2f ./WDG_Drivers/Src/stm32f4xx_ll_utils.o
 .debug_macro   0x0000000000000000       0x22 ./WDG_Drivers/Src/stm32f4xx_ll_utils.o
 .debug_macro   0x0000000000000000       0x8e ./WDG_Drivers/Src/stm32f4xx_ll_utils.o
 .debug_macro   0x0000000000000000       0x51 ./WDG_Drivers/Src/stm32f4xx_ll_utils.o
 .debug_macro   0x0000000000000000      0x103 ./WDG_Drivers/Src/stm32f4xx_ll_utils.o
 .debug_macro   0x0000000000000000       0x6a ./WDG_Drivers/Src/stm32f4xx_ll_utils.o
 .debug_macro   0x0000000000000000      0x1df ./WDG_Drivers/Src/stm32f4xx_ll_utils.o
 .debug_macro   0x0000000000000000       0x1c ./WDG_Drivers/Src/stm32f4xx_ll_utils.o
 .debug_macro   0x0000000000000000       0x22 ./WDG_Drivers/Src/stm32f4xx_ll_utils.o
 .debug_macro   0x0000000000000000       0xdf ./WDG_Drivers/Src/stm32f4xx_ll_utils.o
 .debug_macro   0x0000000000000000     0x102d ./WDG_Drivers/Src/stm32f4xx_ll_utils.o
 .debug_macro   0x0000000000000000      0x11f ./WDG_Drivers/Src/stm32f4xx_ll_utils.o
 .debug_macro   0x0000000000000000    0x15e3c ./WDG_Drivers/Src/stm32f4xx_ll_utils.o
 .debug_macro   0x0000000000000000       0x43 ./WDG_Drivers/Src/stm32f4xx_ll_utils.o
 .debug_macro   0x0000000000000000      0x79f ./WDG_Drivers/Src/stm32f4xx_ll_utils.o
 .text          0x0000000000000000        0x0 c:/st/stm32cubeide_1.7.0/stm32cubeide/plugins/com.st.stm32cube.ide.mcu.externaltools.gnu-tools-for-stm32.9-2020-q2-update.win32_2.0.0.202105311346/tools/bin/../lib/gcc/arm-none-eabi/9.3.1/../../../../arm-none-eabi/lib/thumb/v7e-m+fp/hard\libc_nano.a(lib_a-errno.o)
 .data          0x0000000000000000        0x0 c:/st/stm32cubeide_1.7.0/stm32cubeide/plugins/com.st.stm32cube.ide.mcu.externaltools.gnu-tools-for-stm32.9-2020-q2-update.win32_2.0.0.202105311346/tools/bin/../lib/gcc/arm-none-eabi/9.3.1/../../../../arm-none-eabi/lib/thumb/v7e-m+fp/hard\libc_nano.a(lib_a-errno.o)
 .bss           0x0000000000000000        0x0 c:/st/stm32cubeide_1.7.0/stm32cubeide/plugins/com.st.stm32cube.ide.mcu.externaltools.gnu-tools-for-stm32.9-2020-q2-update.win32_2.0.0.202105311346/tools/bin/../lib/gcc/arm-none-eabi/9.3.1/../../../../arm-none-eabi/lib/thumb/v7e-m+fp/hard\libc_nano.a(lib_a-errno.o)
 .text.__errno  0x0000000000000000        0xc c:/st/stm32cubeide_1.7.0/stm32cubeide/plugins/com.st.stm32cube.ide.mcu.externaltools.gnu-tools-for-stm32.9-2020-q2-update.win32_2.0.0.202105311346/tools/bin/../lib/gcc/arm-none-eabi/9.3.1/../../../../arm-none-eabi/lib/thumb/v7e-m+fp/hard\libc_nano.a(lib_a-errno.o)
 .debug_frame   0x0000000000000000       0x20 c:/st/stm32cubeide_1.7.0/stm32cubeide/plugins/com.st.stm32cube.ide.mcu.externaltools.gnu-tools-for-stm32.9-2020-q2-update.win32_2.0.0.202105311346/tools/bin/../lib/gcc/arm-none-eabi/9.3.1/../../../../arm-none-eabi/lib/thumb/v7e-m+fp/hard\libc_nano.a(lib_a-errno.o)
 .ARM.attributes
                0x0000000000000000       0x34 c:/st/stm32cubeide_1.7.0/stm32cubeide/plugins/com.st.stm32cube.ide.mcu.externaltools.gnu-tools-for-stm32.9-2020-q2-update.win32_2.0.0.202105311346/tools/bin/../lib/gcc/arm-none-eabi/9.3.1/../../../../arm-none-eabi/lib/thumb/v7e-m+fp/hard\libc_nano.a(lib_a-errno.o)
 .text          0x0000000000000000        0x0 c:/st/stm32cubeide_1.7.0/stm32cubeide/plugins/com.st.stm32cube.ide.mcu.externaltools.gnu-tools-for-stm32.9-2020-q2-update.win32_2.0.0.202105311346/tools/bin/../lib/gcc/arm-none-eabi/9.3.1/../../../../arm-none-eabi/lib/thumb/v7e-m+fp/hard\libc_nano.a(lib_a-exit.o)
 .data          0x0000000000000000        0x0 c:/st/stm32cubeide_1.7.0/stm32cubeide/plugins/com.st.stm32cube.ide.mcu.externaltools.gnu-tools-for-stm32.9-2020-q2-update.win32_2.0.0.202105311346/tools/bin/../lib/gcc/arm-none-eabi/9.3.1/../../../../arm-none-eabi/lib/thumb/v7e-m+fp/hard\libc_nano.a(lib_a-exit.o)
 .bss           0x0000000000000000        0x0 c:/st/stm32cubeide_1.7.0/stm32cubeide/plugins/com.st.stm32cube.ide.mcu.externaltools.gnu-tools-for-stm32.9-2020-q2-update.win32_2.0.0.202105311346/tools/bin/../lib/gcc/arm-none-eabi/9.3.1/../../../../arm-none-eabi/lib/thumb/v7e-m+fp/hard\libc_nano.a(lib_a-exit.o)
 .text.exit     0x0000000000000000       0x28 c:/st/stm32cubeide_1.7.0/stm32cubeide/plugins/com.st.stm32cube.ide.mcu.externaltools.gnu-tools-for-stm32.9-2020-q2-update.win32_2.0.0.202105311346/tools/bin/../lib/gcc/arm-none-eabi/9.3.1/../../../../arm-none-eabi/lib/thumb/v7e-m+fp/hard\libc_nano.a(lib_a-exit.o)
 .debug_frame   0x0000000000000000       0x28 c:/st/stm32cubeide_1.7.0/stm32cubeide/plugins/com.st.stm32cube.ide.mcu.externaltools.gnu-tools-for-stm32.9-2020-q2-update.win32_2.0.0.202105311346/tools/bin/../lib/gcc/arm-none-eabi/9.3.1/../../../../arm-none-eabi/lib/thumb/v7e-m+fp/hard\libc_nano.a(lib_a-exit.o)
 .ARM.attributes
                0x0000000000000000       0x34 c:/st/stm32cubeide_1.7.0/stm32cubeide/plugins/com.st.stm32cube.ide.mcu.externaltools.gnu-tools-for-stm32.9-2020-q2-update.win32_2.0.0.202105311346/tools/bin/../lib/gcc/arm-none-eabi/9.3.1/../../../../arm-none-eabi/lib/thumb/v7e-m+fp/hard\libc_nano.a(lib_a-exit.o)
 .text          0x0000000000000000        0x0 c:/st/stm32cubeide_1.7.0/stm32cubeide/plugins/com.st.stm32cube.ide.mcu.externaltools.gnu-tools-for-stm32.9-2020-q2-update.win32_2.0.0.202105311346/tools/bin/../lib/gcc/arm-none-eabi/9.3.1/../../../../arm-none-eabi/lib/thumb/v7e-m+fp/hard\libc_nano.a(lib_a-impure.o)
 .data          0x0000000000000000        0x0 c:/st/stm32cubeide_1.7.0/stm32cubeide/plugins/com.st.stm32cube.ide.mcu.externaltools.gnu-tools-for-stm32.9-2020-q2-update.win32_2.0.0.202105311346/tools/bin/../lib/gcc/arm-none-eabi/9.3.1/../../../../arm-none-eabi/lib/thumb/v7e-m+fp/hard\libc_nano.a(lib_a-impure.o)
 .bss           0x0000000000000000        0x0 c:/st/stm32cubeide_1.7.0/stm32cubeide/plugins/com.st.stm32cube.ide.mcu.externaltools.gnu-tools-for-stm32.9-2020-q2-update.win32_2.0.0.202105311346/tools/bin/../lib/gcc/arm-none-eabi/9.3.1/../../../../arm-none-eabi/lib/thumb/v7e-m+fp/hard\libc_nano.a(lib_a-impure.o)
 .data._impure_ptr
                0x0000000000000000        0x4 c:/st/stm32cubeide_1.7.0/stm32cubeide/plugins/com.st.stm32cube.ide.mcu.externaltools.gnu-tools-for-stm32.9-2020-q2-update.win32_2.0.0.202105311346/tools/bin/../lib/gcc/arm-none-eabi/9.3.1/../../../../arm-none-eabi/lib/thumb/v7e-m+fp/hard\libc_nano.a(lib_a-impure.o)
 .data.impure_data
                0x0000000000000000       0x60 c:/st/stm32cubeide_1.7.0/stm32cubeide/plugins/com.st.stm32cube.ide.mcu.externaltools.gnu-tools-for-stm32.9-2020-q2-update.win32_2.0.0.202105311346/tools/bin/../lib/gcc/arm-none-eabi/9.3.1/../../../../arm-none-eabi/lib/thumb/v7e-m+fp/hard\libc_nano.a(lib_a-impure.o)
 .rodata._global_impure_ptr
                0x0000000000000000        0x4 c:/st/stm32cubeide_1.7.0/stm32cubeide/plugins/com.st.stm32cube.ide.mcu.externaltools.gnu-tools-for-stm32.9-2020-q2-update.win32_2.0.0.202105311346/tools/bin/../lib/gcc/arm-none-eabi/9.3.1/../../../../arm-none-eabi/lib/thumb/v7e-m+fp/hard\libc_nano.a(lib_a-impure.o)
 .ARM.attributes
                0x0000000000000000       0x32 c:/st/stm32cubeide_1.7.0/stm32cubeide/plugins/com.st.stm32cube.ide.mcu.externaltools.gnu-tools-for-stm32.9-2020-q2-update.win32_2.0.0.202105311346/tools/bin/../lib/gcc/arm-none-eabi/9.3.1/../../../../arm-none-eabi/lib/thumb/v7e-m+fp/hard\libc_nano.a(lib_a-impure.o)
 .text          0x0000000000000000        0x0 c:/st/stm32cubeide_1.7.0/stm32cubeide/plugins/com.st.stm32cube.ide.mcu.externaltools.gnu-tools-for-stm32.9-2020-q2-update.win32_2.0.0.202105311346/tools/bin/../lib/gcc/arm-none-eabi/9.3.1/../../../../arm-none-eabi/lib/thumb/v7e-m+fp/hard\libc_nano.a(lib_a-init.o)
 .data          0x0000000000000000        0x0 c:/st/stm32cubeide_1.7.0/stm32cubeide/plugins/com.st.stm32cube.ide.mcu.externaltools.gnu-tools-for-stm32.9-2020-q2-update.win32_2.0.0.202105311346/tools/bin/../lib/gcc/arm-none-eabi/9.3.1/../../../../arm-none-eabi/lib/thumb/v7e-m+fp/hard\libc_nano.a(lib_a-init.o)
 .bss           0x0000000000000000        0x0 c:/st/stm32cubeide_1.7.0/stm32cubeide/plugins/com.st.stm32cube.ide.mcu.externaltools.gnu-tools-for-stm32.9-2020-q2-update.win32_2.0.0.202105311346/tools/bin/../lib/gcc/arm-none-eabi/9.3.1/../../../../arm-none-eabi/lib/thumb/v7e-m+fp/hard\libc_nano.a(lib_a-init.o)
 .text          0x0000000000000000        0x0 c:/st/stm32cubeide_1.7.0/stm32cubeide/plugins/com.st.stm32cube.ide.mcu.externaltools.gnu-tools-for-stm32.9-2020-q2-update.win32_2.0.0.202105311346/tools/bin/../lib/gcc/arm-none-eabi/9.3.1/../../../../arm-none-eabi/lib/thumb/v7e-m+fp/hard\libc_nano.a(lib_a-memset.o)
 .data          0x0000000000000000        0x0 c:/st/stm32cubeide_1.7.0/stm32cubeide/plugins/com.st.stm32cube.ide.mcu.externaltools.gnu-tools-for-stm32.9-2020-q2-update.win32_2.0.0.202105311346/tools/bin/../lib/gcc/arm-none-eabi/9.3.1/../../../../arm-none-eabi/lib/thumb/v7e-m+fp/hard\libc_nano.a(lib_a-memset.o)
 .bss           0x0000000000000000        0x0 c:/st/stm32cubeide_1.7.0/stm32cubeide/plugins/com.st.stm32cube.ide.mcu.externaltools.gnu-tools-for-stm32.9-2020-q2-update.win32_2.0.0.202105311346/tools/bin/../lib/gcc/arm-none-eabi/9.3.1/../../../../arm-none-eabi/lib/thumb/v7e-m+fp/hard\libc_nano.a(lib_a-memset.o)
 .text.memset   0x0000000000000000       0x10 c:/st/stm32cubeide_1.7.0/stm32cubeide/plugins/com.st.stm32cube.ide.mcu.externaltools.gnu-tools-for-stm32.9-2020-q2-update.win32_2.0.0.202105311346/tools/bin/../lib/gcc/arm-none-eabi/9.3.1/../../../../arm-none-eabi/lib/thumb/v7e-m+fp/hard\libc_nano.a(lib_a-memset.o)
 .debug_frame   0x0000000000000000       0x20 c:/st/stm32cubeide_1.7.0/stm32cubeide/plugins/com.st.stm32cube.ide.mcu.externaltools.gnu-tools-for-stm32.9-2020-q2-update.win32_2.0.0.202105311346/tools/bin/../lib/gcc/arm-none-eabi/9.3.1/../../../../arm-none-eabi/lib/thumb/v7e-m+fp/hard\libc_nano.a(lib_a-memset.o)
 .ARM.attributes
                0x0000000000000000       0x34 c:/st/stm32cubeide_1.7.0/stm32cubeide/plugins/com.st.stm32cube.ide.mcu.externaltools.gnu-tools-for-stm32.9-2020-q2-update.win32_2.0.0.202105311346/tools/bin/../lib/gcc/arm-none-eabi/9.3.1/../../../../arm-none-eabi/lib/thumb/v7e-m+fp/hard\libc_nano.a(lib_a-memset.o)
 .text          0x0000000000000000        0x0 c:/st/stm32cubeide_1.7.0/stm32cubeide/plugins/com.st.stm32cube.ide.mcu.externaltools.gnu-tools-for-stm32.9-2020-q2-update.win32_2.0.0.202105311346/tools/bin/../lib/gcc/arm-none-eabi/9.3.1/thumb/v7e-m+fp/hard/crtend.o
 .data          0x0000000000000000        0x0 c:/st/stm32cubeide_1.7.0/stm32cubeide/plugins/com.st.stm32cube.ide.mcu.externaltools.gnu-tools-for-stm32.9-2020-q2-update.win32_2.0.0.202105311346/tools/bin/../lib/gcc/arm-none-eabi/9.3.1/thumb/v7e-m+fp/hard/crtend.o
 .bss           0x0000000000000000        0x0 c:/st/stm32cubeide_1.7.0/stm32cubeide/plugins/com.st.stm32cube.ide.mcu.externaltools.gnu-tools-for-stm32.9-2020-q2-update.win32_2.0.0.202105311346/tools/bin/../lib/gcc/arm-none-eabi/9.3.1/thumb/v7e-m+fp/hard/crtend.o
 .eh_frame      0x0000000000000000        0x4 c:/st/stm32cubeide_1.7.0/stm32cubeide/plugins/com.st.stm32cube.ide.mcu.externaltools.gnu-tools-for-stm32.9-2020-q2-update.win32_2.0.0.202105311346/tools/bin/../lib/gcc/arm-none-eabi/9.3.1/thumb/v7e-m+fp/hard/crtend.o
 .ARM.attributes
                0x0000000000000000       0x32 c:/st/stm32cubeide_1.7.0/stm32cubeide/plugins/com.st.stm32cube.ide.mcu.externaltools.gnu-tools-for-stm32.9-2020-q2-update.win32_2.0.0.202105311346/tools/bin/../lib/gcc/arm-none-eabi/9.3.1/thumb/v7e-m+fp/hard/crtend.o
 .text          0x0000000000000000        0x0 c:/st/stm32cubeide_1.7.0/stm32cubeide/plugins/com.st.stm32cube.ide.mcu.externaltools.gnu-tools-for-stm32.9-2020-q2-update.win32_2.0.0.202105311346/tools/bin/../lib/gcc/arm-none-eabi/9.3.1/thumb/v7e-m+fp/hard/crtn.o
 .data          0x0000000000000000        0x0 c:/st/stm32cubeide_1.7.0/stm32cubeide/plugins/com.st.stm32cube.ide.mcu.externaltools.gnu-tools-for-stm32.9-2020-q2-update.win32_2.0.0.202105311346/tools/bin/../lib/gcc/arm-none-eabi/9.3.1/thumb/v7e-m+fp/hard/crtn.o
 .bss           0x0000000000000000        0x0 c:/st/stm32cubeide_1.7.0/stm32cubeide/plugins/com.st.stm32cube.ide.mcu.externaltools.gnu-tools-for-stm32.9-2020-q2-update.win32_2.0.0.202105311346/tools/bin/../lib/gcc/arm-none-eabi/9.3.1/thumb/v7e-m+fp/hard/crtn.o

Memory Configuration

Name             Origin             Length             Attributes
CCMRAM           0x0000000010000000 0x0000000000010000 xrw
RAM              0x0000000020000000 0x0000000000020000 xrw
FLASH            0x0000000008000000 0x0000000000100000 xr
*default*        0x0000000000000000 0xffffffffffffffff

Linker script and memory map

LOAD c:/st/stm32cubeide_1.7.0/stm32cubeide/plugins/com.st.stm32cube.ide.mcu.externaltools.gnu-tools-for-stm32.9-2020-q2-update.win32_2.0.0.202105311346/tools/bin/../lib/gcc/arm-none-eabi/9.3.1/thumb/v7e-m+fp/hard/crti.o
LOAD c:/st/stm32cubeide_1.7.0/stm32cubeide/plugins/com.st.stm32cube.ide.mcu.externaltools.gnu-tools-for-stm32.9-2020-q2-update.win32_2.0.0.202105311346/tools/bin/../lib/gcc/arm-none-eabi/9.3.1/thumb/v7e-m+fp/hard/crtbegin.o
LOAD c:/st/stm32cubeide_1.7.0/stm32cubeide/plugins/com.st.stm32cube.ide.mcu.externaltools.gnu-tools-for-stm32.9-2020-q2-update.win32_2.0.0.202105311346/tools/bin/../lib/gcc/arm-none-eabi/9.3.1/../../../../arm-none-eabi/lib/thumb/v7e-m+fp/hard/crt0.o
LOAD ./Core/Src/WDG.o
LOAD ./Core/Src/main.o
LOAD ./Core/Src/syscalls.o
LOAD ./Core/Src/sysmem.o
LOAD ./Core/Src/system_stm32f4xx.o
LOAD ./Core/Startup/startup_stm32f407vgtx.o
LOAD ./WDG_Drivers/Src/stm32f4xx_ll_exti.o
LOAD ./WDG_Drivers/Src/stm32f4xx_ll_gpio.o
LOAD ./WDG_Drivers/Src/stm32f4xx_ll_rcc.o
LOAD ./WDG_Drivers/Src/stm32f4xx_ll_utils.o
START GROUP
LOAD c:/st/stm32cubeide_1.7.0/stm32cubeide/plugins/com.st.stm32cube.ide.mcu.externaltools.gnu-tools-for-stm32.9-2020-q2-update.win32_2.0.0.202105311346/tools/bin/../lib/gcc/arm-none-eabi/9.3.1/../../../../arm-none-eabi/lib/thumb/v7e-m+fp/hard\libc_nano.a
LOAD c:/st/stm32cubeide_1.7.0/stm32cubeide/plugins/com.st.stm32cube.ide.mcu.externaltools.gnu-tools-for-stm32.9-2020-q2-update.win32_2.0.0.202105311346/tools/bin/../lib/gcc/arm-none-eabi/9.3.1/../../../../arm-none-eabi/lib/thumb/v7e-m+fp/hard\libm.a
END GROUP
START GROUP
LOAD c:/st/stm32cubeide_1.7.0/stm32cubeide/plugins/com.st.stm32cube.ide.mcu.externaltools.gnu-tools-for-stm32.9-2020-q2-update.win32_2.0.0.202105311346/tools/bin/../lib/gcc/arm-none-eabi/9.3.1/thumb/v7e-m+fp/hard\libgcc.a
LOAD c:/st/stm32cubeide_1.7.0/stm32cubeide/plugins/com.st.stm32cube.ide.mcu.externaltools.gnu-tools-for-stm32.9-2020-q2-update.win32_2.0.0.202105311346/tools/bin/../lib/gcc/arm-none-eabi/9.3.1/../../../../arm-none-eabi/lib/thumb/v7e-m+fp/hard\libc_nano.a
END GROUP
START GROUP
LOAD c:/st/stm32cubeide_1.7.0/stm32cubeide/plugins/com.st.stm32cube.ide.mcu.externaltools.gnu-tools-for-stm32.9-2020-q2-update.win32_2.0.0.202105311346/tools/bin/../lib/gcc/arm-none-eabi/9.3.1/thumb/v7e-m+fp/hard\libgcc.a
LOAD c:/st/stm32cubeide_1.7.0/stm32cubeide/plugins/com.st.stm32cube.ide.mcu.externaltools.gnu-tools-for-stm32.9-2020-q2-update.win32_2.0.0.202105311346/tools/bin/../lib/gcc/arm-none-eabi/9.3.1/../../../../arm-none-eabi/lib/thumb/v7e-m+fp/hard\libc_nano.a
LOAD c:/st/stm32cubeide_1.7.0/stm32cubeide/plugins/com.st.stm32cube.ide.mcu.externaltools.gnu-tools-for-stm32.9-2020-q2-update.win32_2.0.0.202105311346/tools/bin/../lib/gcc/arm-none-eabi/9.3.1/../../../../arm-none-eabi/lib/thumb/v7e-m+fp/hard\libnosys.a
END GROUP
START GROUP
LOAD c:/st/stm32cubeide_1.7.0/stm32cubeide/plugins/com.st.stm32cube.ide.mcu.externaltools.gnu-tools-for-stm32.9-2020-q2-update.win32_2.0.0.202105311346/tools/bin/../lib/gcc/arm-none-eabi/9.3.1/thumb/v7e-m+fp/hard\libgcc.a
LOAD c:/st/stm32cubeide_1.7.0/stm32cubeide/plugins/com.st.stm32cube.ide.mcu.externaltools.gnu-tools-for-stm32.9-2020-q2-update.win32_2.0.0.202105311346/tools/bin/../lib/gcc/arm-none-eabi/9.3.1/../../../../arm-none-eabi/lib/thumb/v7e-m+fp/hard\libc_nano.a
LOAD c:/st/stm32cubeide_1.7.0/stm32cubeide/plugins/com.st.stm32cube.ide.mcu.externaltools.gnu-tools-for-stm32.9-2020-q2-update.win32_2.0.0.202105311346/tools/bin/../lib/gcc/arm-none-eabi/9.3.1/../../../../arm-none-eabi/lib/thumb/v7e-m+fp/hard\libnosys.a
END GROUP
LOAD c:/st/stm32cubeide_1.7.0/stm32cubeide/plugins/com.st.stm32cube.ide.mcu.externaltools.gnu-tools-for-stm32.9-2020-q2-update.win32_2.0.0.202105311346/tools/bin/../lib/gcc/arm-none-eabi/9.3.1/thumb/v7e-m+fp/hard/crtend.o
LOAD c:/st/stm32cubeide_1.7.0/stm32cubeide/plugins/com.st.stm32cube.ide.mcu.externaltools.gnu-tools-for-stm32.9-2020-q2-update.win32_2.0.0.202105311346/tools/bin/../lib/gcc/arm-none-eabi/9.3.1/thumb/v7e-m+fp/hard/crtn.o
                0x0000000020020000                _estack = (ORIGIN (RAM) + LENGTH (RAM))
                0x0000000000000200                _Min_Heap_Size = 0x200
                0x0000000000000400                _Min_Stack_Size = 0x400

.isr_vector     0x0000000008000000      0x1a8
                0x0000000008000000                . = ALIGN (0x4)
 *(.isr_vector)
 .isr_vector    0x0000000008000000      0x1a8 ./Core/Startup/startup_stm32f407vgtx.o
                0x0000000008000000                g_pfnVectors
                0x00000000080001a8                . = ALIGN (0x4)

.text           0x00000000080001a8      0x718
                0x00000000080001a8                . = ALIGN (0x4)
 *(.text)
 .text          0x00000000080001a8       0x40 c:/st/stm32cubeide_1.7.0/stm32cubeide/plugins/com.st.stm32cube.ide.mcu.externaltools.gnu-tools-for-stm32.9-2020-q2-update.win32_2.0.0.202105311346/tools/bin/../lib/gcc/arm-none-eabi/9.3.1/thumb/v7e-m+fp/hard/crtbegin.o
 *(.text*)
 .text.LL_IWDG_Enable
                0x00000000080001e8       0x1c ./Core/Src/WDG.o
 .text.LL_IWDG_ReloadCounter
                0x0000000008000204       0x1c ./Core/Src/WDG.o
 .text.LL_IWDG_EnableWriteAccess
                0x0000000008000220       0x1c ./Core/Src/WDG.o
 .text.LL_IWDG_SetPrescaler
                0x000000000800023c       0x20 ./Core/Src/WDG.o
 .text.LL_IWDG_SetReloadCounter
                0x000000000800025c       0x20 ./Core/Src/WDG.o
 .text.LL_IWDG_IsReady
                0x000000000800027c       0x26 ./Core/Src/WDG.o
 .text.IWDG_Init
                0x00000000080002a2       0x44 ./Core/Src/WDG.o
                0x00000000080002a2                IWDG_Init
 *fill*         0x00000000080002e6        0x2 
 .text.IWDG_Refresh
                0x00000000080002e8       0x14 ./Core/Src/WDG.o
                0x00000000080002e8                IWDG_Refresh
 .text.LL_AHB1_GRP1_EnableClock
                0x00000000080002fc       0x30 ./Core/Src/main.o
 .text.LL_RCC_IsActiveFlag_IWDGRST
                0x000000000800032c       0x28 ./Core/Src/main.o
 .text.LL_RCC_IsActiveFlag_WWDGRST
                0x0000000008000354       0x28 ./Core/Src/main.o
 .text.LL_RCC_ClearResetFlags
                0x000000000800037c       0x20 ./Core/Src/main.o
 .text.LL_GPIO_SetPinMode
                0x000000000800039c       0x5e ./Core/Src/main.o
 .text.LL_GPIO_SetOutputPin
                0x00000000080003fa       0x1c ./Core/Src/main.o
 *fill*         0x0000000008000416        0x2 
 .text.main     0x0000000008000418       0x7c ./Core/Src/main.o
                0x0000000008000418                main
 .text.Check_restart_source
                0x0000000008000494       0x3c ./Core/Src/main.o
                0x0000000008000494                Check_restart_source
 .text.SystemInit
                0x00000000080004d0       0x2c ./Core/Src/system_stm32f4xx.o
                0x00000000080004d0                SystemInit
 .text.Reset_Handler
                0x00000000080004fc       0x50 ./Core/Startup/startup_stm32f407vgtx.o
                0x00000000080004fc                Reset_Handler
 .text.Default_Handler
                0x000000000800054c        0x2 ./Core/Startup/startup_stm32f407vgtx.o
                0x000000000800054c                RTC_Alarm_IRQHandler
                0x000000000800054c                HASH_RNG_IRQHandler
                0x000000000800054c                EXTI2_IRQHandler
                0x000000000800054c                TIM8_CC_IRQHandler
                0x000000000800054c                DebugMon_Handler
                0x000000000800054c                TIM1_CC_IRQHandler
                0x000000000800054c                DMA2_Stream5_IRQHandler
                0x000000000800054c                HardFault_Handler
                0x000000000800054c                DMA1_Stream5_IRQHandler
                0x000000000800054c                SysTick_Handler
                0x000000000800054c                PVD_IRQHandler
                0x000000000800054c                SDIO_IRQHandler
                0x000000000800054c                TAMP_STAMP_IRQHandler
                0x000000000800054c                PendSV_Handler
                0x000000000800054c                NMI_Handler
                0x000000000800054c                CAN2_RX1_IRQHandler
                0x000000000800054c                EXTI3_IRQHandler
                0x000000000800054c                TIM8_TRG_COM_TIM14_IRQHandler
                0x000000000800054c                TIM1_UP_TIM10_IRQHandler
                0x000000000800054c                TIM8_UP_TIM13_IRQHandler
                0x000000000800054c                I2C3_ER_IRQHandler
                0x000000000800054c                LCD_TFT_IRQHandler
                0x000000000800054c                EXTI0_IRQHandler
                0x000000000800054c                I2C2_EV_IRQHandler
                0x000000000800054c                DMA1_Stream2_IRQHandler
                0x000000000800054c                CAN1_RX0_IRQHandler
                0x000000000800054c                FPU_IRQHandler
                0x000000000800054c                OTG_HS_WKUP_IRQHandler
                0x000000000800054c                UsageFault_Handler
                0x000000000800054c                CAN2_SCE_IRQHandler
                0x000000000800054c                DMA2_Stream2_IRQHandler
                0x000000000800054c                SPI1_IRQHandler
                0x000000000800054c                TIM6_DAC_IRQHandler
                0x000000000800054c                TIM1_BRK_TIM9_IRQHandler
                0x000000000800054c                DCMI_IRQHandler
                0x000000000800054c                CAN2_RX0_IRQHandler
                0x000000000800054c                DMA2_Stream3_IRQHandler
                0x000000000800054c                USART6_IRQHandler
                0x000000000800054c                USART3_IRQHandler
                0x000000000800054c                CRYP_IRQHandler
                0x000000000800054c                CAN1_RX1_IRQHandler
                0x000000000800054c                UART5_IRQHandler
                0x000000000800054c                DMA2_Stream0_IRQHandler
                0x000000000800054c                TIM4_IRQHandler
                0x000000000800054c                I2C1_EV_IRQHandler
                0x000000000800054c                DMA1_Stream6_IRQHandler
                0x000000000800054c                DMA1_Stream1_IRQHandler
                0x000000000800054c                UART4_IRQHandler
                0x000000000800054c                LCD_TFT_1_IRQHandler
                0x000000000800054c                TIM3_IRQHandler
                0x000000000800054c                RCC_IRQHandler
                0x000000000800054c                TIM8_BRK_TIM12_IRQHandler
                0x000000000800054c                Default_Handler
                0x000000000800054c                EXTI15_10_IRQHandler
                0x000000000800054c                ADC_IRQHandler
                0x000000000800054c                DMA1_Stream7_IRQHandler
                0x000000000800054c                TIM7_IRQHandler
                0x000000000800054c                CAN2_TX_IRQHandler
                0x000000000800054c                TIM5_IRQHandler
                0x000000000800054c                DMA2_Stream7_IRQHandler
                0x000000000800054c                I2C3_EV_IRQHandler
                0x000000000800054c                EXTI9_5_IRQHandler
                0x000000000800054c                RTC_WKUP_IRQHandler
                0x000000000800054c                ETH_WKUP_IRQHandler
                0x000000000800054c                SPI2_IRQHandler
                0x000000000800054c                OTG_HS_EP1_IN_IRQHandler
                0x000000000800054c                MemManage_Handler
                0x000000000800054c                DMA1_Stream0_IRQHandler
                0x000000000800054c                CAN1_TX_IRQHandler
                0x000000000800054c                SVC_Handler
                0x000000000800054c                EXTI4_IRQHandler
                0x000000000800054c                FSMC_IRQHandler
                0x000000000800054c                ETH_IRQHandler
                0x000000000800054c                OTG_HS_EP1_OUT_IRQHandler
                0x000000000800054c                WWDG_IRQHandler
                0x000000000800054c                TIM2_IRQHandler
                0x000000000800054c                OTG_FS_WKUP_IRQHandler
                0x000000000800054c                TIM1_TRG_COM_TIM11_IRQHandler
                0x000000000800054c                OTG_HS_IRQHandler
                0x000000000800054c                EXTI1_IRQHandler
                0x000000000800054c                USART2_IRQHandler
                0x000000000800054c                I2C2_ER_IRQHandler
                0x000000000800054c                DMA2_Stream1_IRQHandler
                0x000000000800054c                CAN1_SCE_IRQHandler
                0x000000000800054c                DMA2_Stream4_IRQHandler
                0x000000000800054c                BusFault_Handler
                0x000000000800054c                USART1_IRQHandler
                0x000000000800054c                OTG_FS_IRQHandler
                0x000000000800054c                SPI3_IRQHandler
                0x000000000800054c                DMA1_Stream4_IRQHandler
                0x000000000800054c                I2C1_ER_IRQHandler
                0x000000000800054c                DMA2_Stream6_IRQHandler
                0x000000000800054c                DMA1_Stream3_IRQHandler
 *fill*         0x000000000800054e        0x2 
 .text.LL_RCC_GetSysClkSource
                0x0000000008000550       0x1c ./WDG_Drivers/Src/stm32f4xx_ll_rcc.o
 .text.LL_RCC_GetAHBPrescaler
                0x000000000800056c       0x1c ./WDG_Drivers/Src/stm32f4xx_ll_rcc.o
 .text.LL_RCC_GetAPB1Prescaler
                0x0000000008000588       0x1c ./WDG_Drivers/Src/stm32f4xx_ll_rcc.o
 .text.LL_RCC_GetAPB2Prescaler
                0x00000000080005a4       0x1c ./WDG_Drivers/Src/stm32f4xx_ll_rcc.o
 .text.LL_RCC_PLL_GetMainSource
                0x00000000080005c0       0x1c ./WDG_Drivers/Src/stm32f4xx_ll_rcc.o
 .text.LL_RCC_PLL_GetN
                0x00000000080005dc       0x1c ./WDG_Drivers/Src/stm32f4xx_ll_rcc.o
 .text.LL_RCC_PLL_GetP
                0x00000000080005f8       0x1c ./WDG_Drivers/Src/stm32f4xx_ll_rcc.o
 .text.LL_RCC_PLL_GetDivider
                0x0000000008000614       0x1c ./WDG_Drivers/Src/stm32f4xx_ll_rcc.o
 .text.LL_RCC_GetSystemClocksFreq
                0x0000000008000630       0x4a ./WDG_Drivers/Src/stm32f4xx_ll_rcc.o
                0x0000000008000630                LL_RCC_GetSystemClocksFreq
 *fill*         0x000000000800067a        0x2 
 .text.RCC_GetSystemClockFreq
                0x000000000800067c       0x50 ./WDG_Drivers/Src/stm32f4xx_ll_rcc.o
                0x000000000800067c                RCC_GetSystemClockFreq
 .text.RCC_GetHCLKClockFreq
                0x00000000080006cc       0x2c ./WDG_Drivers/Src/stm32f4xx_ll_rcc.o
                0x00000000080006cc                RCC_GetHCLKClockFreq
 .text.RCC_GetPCLK1ClockFreq
                0x00000000080006f8       0x28 ./WDG_Drivers/Src/stm32f4xx_ll_rcc.o
                0x00000000080006f8                RCC_GetPCLK1ClockFreq
 .text.RCC_GetPCLK2ClockFreq
                0x0000000008000720       0x28 ./WDG_Drivers/Src/stm32f4xx_ll_rcc.o
                0x0000000008000720                RCC_GetPCLK2ClockFreq
 .text.RCC_PLL_GetFreqDomain_SYS
                0x0000000008000748       0x7c ./WDG_Drivers/Src/stm32f4xx_ll_rcc.o
                0x0000000008000748                RCC_PLL_GetFreqDomain_SYS
 .text.LL_InitTick
                0x00000000080007c4       0x34 ./WDG_Drivers/Src/stm32f4xx_ll_utils.o
 .text.LL_Init1msTick
                0x00000000080007f8       0x1a ./WDG_Drivers/Src/stm32f4xx_ll_utils.o
                0x00000000080007f8                LL_Init1msTick
 *fill*         0x0000000008000812        0x2 
 .text.LL_mDelay
                0x0000000008000814       0x4c ./WDG_Drivers/Src/stm32f4xx_ll_utils.o
                0x0000000008000814                LL_mDelay
 .text.__libc_init_array
                0x0000000008000860       0x48 c:/st/stm32cubeide_1.7.0/stm32cubeide/plugins/com.st.stm32cube.ide.mcu.externaltools.gnu-tools-for-stm32.9-2020-q2-update.win32_2.0.0.202105311346/tools/bin/../lib/gcc/arm-none-eabi/9.3.1/../../../../arm-none-eabi/lib/thumb/v7e-m+fp/hard\libc_nano.a(lib_a-init.o)
                0x0000000008000860                __libc_init_array
 *(.glue_7)
 .glue_7        0x00000000080008a8        0x0 linker stubs
 *(.glue_7t)
 .glue_7t       0x00000000080008a8        0x0 linker stubs
 *(.eh_frame)
 .eh_frame      0x00000000080008a8        0x0 c:/st/stm32cubeide_1.7.0/stm32cubeide/plugins/com.st.stm32cube.ide.mcu.externaltools.gnu-tools-for-stm32.9-2020-q2-update.win32_2.0.0.202105311346/tools/bin/../lib/gcc/arm-none-eabi/9.3.1/thumb/v7e-m+fp/hard/crtbegin.o
 *(.init)
 .init          0x00000000080008a8        0x4 c:/st/stm32cubeide_1.7.0/stm32cubeide/plugins/com.st.stm32cube.ide.mcu.externaltools.gnu-tools-for-stm32.9-2020-q2-update.win32_2.0.0.202105311346/tools/bin/../lib/gcc/arm-none-eabi/9.3.1/thumb/v7e-m+fp/hard/crti.o
                0x00000000080008a8                _init
 .init          0x00000000080008ac        0x8 c:/st/stm32cubeide_1.7.0/stm32cubeide/plugins/com.st.stm32cube.ide.mcu.externaltools.gnu-tools-for-stm32.9-2020-q2-update.win32_2.0.0.202105311346/tools/bin/../lib/gcc/arm-none-eabi/9.3.1/thumb/v7e-m+fp/hard/crtn.o
 *(.fini)
 .fini          0x00000000080008b4        0x4 c:/st/stm32cubeide_1.7.0/stm32cubeide/plugins/com.st.stm32cube.ide.mcu.externaltools.gnu-tools-for-stm32.9-2020-q2-update.win32_2.0.0.202105311346/tools/bin/../lib/gcc/arm-none-eabi/9.3.1/thumb/v7e-m+fp/hard/crti.o
                0x00000000080008b4                _fini
 .fini          0x00000000080008b8        0x8 c:/st/stm32cubeide_1.7.0/stm32cubeide/plugins/com.st.stm32cube.ide.mcu.externaltools.gnu-tools-for-stm32.9-2020-q2-update.win32_2.0.0.202105311346/tools/bin/../lib/gcc/arm-none-eabi/9.3.1/thumb/v7e-m+fp/hard/crtn.o
                0x00000000080008c0                . = ALIGN (0x4)
                0x00000000080008c0                _etext = .

.vfp11_veneer   0x00000000080008c0        0x0
 .vfp11_veneer  0x00000000080008c0        0x0 linker stubs

.v4_bx          0x00000000080008c0        0x0
 .v4_bx         0x00000000080008c0        0x0 linker stubs

.iplt           0x00000000080008c0        0x0
 .iplt          0x00000000080008c0        0x0 c:/st/stm32cubeide_1.7.0/stm32cubeide/plugins/com.st.stm32cube.ide.mcu.externaltools.gnu-tools-for-stm32.9-2020-q2-update.win32_2.0.0.202105311346/tools/bin/../lib/gcc/arm-none-eabi/9.3.1/thumb/v7e-m+fp/hard/crtbegin.o

.rodata         0x00000000080008c0       0x18
                0x00000000080008c0                . = ALIGN (0x4)
 *(.rodata)
 *(.rodata*)
 .rodata.AHBPrescTable
                0x00000000080008c0       0x10 ./Core/Src/system_stm32f4xx.o
                0x00000000080008c0                AHBPrescTable
 .rodata.APBPrescTable
                0x00000000080008d0        0x8 ./Core/Src/system_stm32f4xx.o
                0x00000000080008d0                APBPrescTable
                0x00000000080008d8                . = ALIGN (0x4)

.rel.dyn        0x00000000080008d8        0x0
 .rel.iplt      0x00000000080008d8        0x0 c:/st/stm32cubeide_1.7.0/stm32cubeide/plugins/com.st.stm32cube.ide.mcu.externaltools.gnu-tools-for-stm32.9-2020-q2-update.win32_2.0.0.202105311346/tools/bin/../lib/gcc/arm-none-eabi/9.3.1/thumb/v7e-m+fp/hard/crtbegin.o

.ARM.extab      0x00000000080008d8        0x0
                0x00000000080008d8                . = ALIGN (0x4)
 *(.ARM.extab* .gnu.linkonce.armextab.*)
                0x00000000080008d8                . = ALIGN (0x4)

.ARM            0x00000000080008d8        0x0
                0x00000000080008d8                . = ALIGN (0x4)
                0x00000000080008d8                __exidx_start = .
 *(.ARM.exidx*)
                0x00000000080008d8                __exidx_end = .
                0x00000000080008d8                . = ALIGN (0x4)

.preinit_array  0x00000000080008d8        0x0
                0x00000000080008d8                . = ALIGN (0x4)
                0x00000000080008d8                PROVIDE (__preinit_array_start = .)
 *(.preinit_array*)
                0x00000000080008d8                PROVIDE (__preinit_array_end = .)
                0x00000000080008d8                . = ALIGN (0x4)

.init_array     0x00000000080008d8        0x4
                0x00000000080008d8                . = ALIGN (0x4)
                0x00000000080008d8                PROVIDE (__init_array_start = .)
 *(SORT_BY_NAME(.init_array.*))
 *(.init_array*)
 .init_array    0x00000000080008d8        0x4 c:/st/stm32cubeide_1.7.0/stm32cubeide/plugins/com.st.stm32cube.ide.mcu.externaltools.gnu-tools-for-stm32.9-2020-q2-update.win32_2.0.0.202105311346/tools/bin/../lib/gcc/arm-none-eabi/9.3.1/thumb/v7e-m+fp/hard/crtbegin.o
                0x00000000080008dc                PROVIDE (__init_array_end = .)
                0x00000000080008dc                . = ALIGN (0x4)

.fini_array     0x00000000080008dc        0x4
                0x00000000080008dc                . = ALIGN (0x4)
                [!provide]                        PROVIDE (__fini_array_start = .)
 *(SORT_BY_NAME(.fini_array.*))
 *(.fini_array*)
 .fini_array    0x00000000080008dc        0x4 c:/st/stm32cubeide_1.7.0/stm32cubeide/plugins/com.st.stm32cube.ide.mcu.externaltools.gnu-tools-for-stm32.9-2020-q2-update.win32_2.0.0.202105311346/tools/bin/../lib/gcc/arm-none-eabi/9.3.1/thumb/v7e-m+fp/hard/crtbegin.o
                [!provide]                        PROVIDE (__fini_array_end = .)
                0x00000000080008e0                . = ALIGN (0x4)
                0x00000000080008e0                _sidata = LOADADDR (.data)

.data           0x0000000020000000        0x0 load address 0x00000000080008e0
                0x0000000020000000                . = ALIGN (0x4)
                0x0000000020000000                _sdata = .
 *(.data)
 *(.data*)
 *(.RamFunc)
 *(.RamFunc*)
                0x0000000020000000                . = ALIGN (0x4)
                0x0000000020000000                _edata = .
                0x00000000080008e0                _siccmram = LOADADDR (.ccmram)

.igot.plt       0x0000000020000000        0x0 load address 0x00000000080008e0
 .igot.plt      0x0000000020000000        0x0 c:/st/stm32cubeide_1.7.0/stm32cubeide/plugins/com.st.stm32cube.ide.mcu.externaltools.gnu-tools-for-stm32.9-2020-q2-update.win32_2.0.0.202105311346/tools/bin/../lib/gcc/arm-none-eabi/9.3.1/thumb/v7e-m+fp/hard/crtbegin.o

.ccmram         0x0000000010000000        0x0 load address 0x00000000080008e0
                0x0000000010000000                . = ALIGN (0x4)
                0x0000000010000000                _sccmram = .
 *(.ccmram)
 *(.ccmram*)
                0x0000000010000000                . = ALIGN (0x4)
                0x0000000010000000                _eccmram = .
                0x0000000010000000                . = ALIGN (0x4)

.bss            0x0000000020000000       0x1c
                0x0000000020000000                _sbss = .
                0x0000000020000000                __bss_start__ = _sbss
 *(.bss)
 .bss           0x0000000020000000       0x1c c:/st/stm32cubeide_1.7.0/stm32cubeide/plugins/com.st.stm32cube.ide.mcu.externaltools.gnu-tools-for-stm32.9-2020-q2-update.win32_2.0.0.202105311346/tools/bin/../lib/gcc/arm-none-eabi/9.3.1/thumb/v7e-m+fp/hard/crtbegin.o
 *(.bss*)
 *(COMMON)
                0x000000002000001c                . = ALIGN (0x4)
                0x000000002000001c                _ebss = .
                0x000000002000001c                __bss_end__ = _ebss

._user_heap_stack
                0x000000002000001c      0x604
                0x0000000020000020                . = ALIGN (0x8)
 *fill*         0x000000002000001c        0x4 
                [!provide]                        PROVIDE (end = .)
                0x0000000020000020                PROVIDE (_end = .)
                0x0000000020000220                . = (. + _Min_Heap_Size)
 *fill*         0x0000000020000020      0x200 
                0x0000000020000620                . = (. + _Min_Stack_Size)
 *fill*         0x0000000020000220      0x400 
                0x0000000020000620                . = ALIGN (0x8)

/DISCARD/
 libc.a(*)
 libm.a(*)
 libgcc.a(*)

.ARM.attributes
                0x0000000000000000       0x30
 *(.ARM.attributes)
 .ARM.attributes
                0x0000000000000000       0x1e c:/st/stm32cubeide_1.7.0/stm32cubeide/plugins/com.st.stm32cube.ide.mcu.externaltools.gnu-tools-for-stm32.9-2020-q2-update.win32_2.0.0.202105311346/tools/bin/../lib/gcc/arm-none-eabi/9.3.1/thumb/v7e-m+fp/hard/crti.o
 .ARM.attributes
                0x000000000000001e       0x34 c:/st/stm32cubeide_1.7.0/stm32cubeide/plugins/com.st.stm32cube.ide.mcu.externaltools.gnu-tools-for-stm32.9-2020-q2-update.win32_2.0.0.202105311346/tools/bin/../lib/gcc/arm-none-eabi/9.3.1/thumb/v7e-m+fp/hard/crtbegin.o
 .ARM.attributes
                0x0000000000000052       0x34 ./Core/Src/WDG.o
 .ARM.attributes
                0x0000000000000086       0x34 ./Core/Src/main.o
 .ARM.attributes
                0x00000000000000ba       0x34 ./Core/Src/system_stm32f4xx.o
 .ARM.attributes
                0x00000000000000ee       0x21 ./Core/Startup/startup_stm32f407vgtx.o
 .ARM.attributes
                0x000000000000010f       0x34 ./WDG_Drivers/Src/stm32f4xx_ll_rcc.o
 .ARM.attributes
                0x0000000000000143       0x34 ./WDG_Drivers/Src/stm32f4xx_ll_utils.o
 .ARM.attributes
                0x0000000000000177       0x34 c:/st/stm32cubeide_1.7.0/stm32cubeide/plugins/com.st.stm32cube.ide.mcu.externaltools.gnu-tools-for-stm32.9-2020-q2-update.win32_2.0.0.202105311346/tools/bin/../lib/gcc/arm-none-eabi/9.3.1/../../../../arm-none-eabi/lib/thumb/v7e-m+fp/hard\libc_nano.a(lib_a-init.o)
 .ARM.attributes
                0x00000000000001ab       0x1e c:/st/stm32cubeide_1.7.0/stm32cubeide/plugins/com.st.stm32cube.ide.mcu.externaltools.gnu-tools-for-stm32.9-2020-q2-update.win32_2.0.0.202105311346/tools/bin/../lib/gcc/arm-none-eabi/9.3.1/thumb/v7e-m+fp/hard/crtn.o
OUTPUT(WDG Driver.elf elf32-littlearm)
LOAD linker stubs
LOAD c:/st/stm32cubeide_1.7.0/stm32cubeide/plugins/com.st.stm32cube.ide.mcu.externaltools.gnu-tools-for-stm32.9-2020-q2-update.win32_2.0.0.202105311346/tools/bin/../lib/gcc/arm-none-eabi/9.3.1/../../../../arm-none-eabi/lib/thumb/v7e-m+fp/hard\libc.a
LOAD c:/st/stm32cubeide_1.7.0/stm32cubeide/plugins/com.st.stm32cube.ide.mcu.externaltools.gnu-tools-for-stm32.9-2020-q2-update.win32_2.0.0.202105311346/tools/bin/../lib/gcc/arm-none-eabi/9.3.1/../../../../arm-none-eabi/lib/thumb/v7e-m+fp/hard\libm.a
LOAD c:/st/stm32cubeide_1.7.0/stm32cubeide/plugins/com.st.stm32cube.ide.mcu.externaltools.gnu-tools-for-stm32.9-2020-q2-update.win32_2.0.0.202105311346/tools/bin/../lib/gcc/arm-none-eabi/9.3.1/thumb/v7e-m+fp/hard\libgcc.a

.debug_info     0x0000000000000000     0x2329
 .debug_info    0x0000000000000000      0x647 ./Core/Src/WDG.o
 .debug_info    0x0000000000000647      0x5db ./Core/Src/main.o
 .debug_info    0x0000000000000c22      0x546 ./Core/Src/system_stm32f4xx.o
 .debug_info    0x0000000000001168       0x22 ./Core/Startup/startup_stm32f407vgtx.o
 .debug_info    0x000000000000118a      0x811 ./WDG_Drivers/Src/stm32f4xx_ll_rcc.o
 .debug_info    0x000000000000199b      0x98e ./WDG_Drivers/Src/stm32f4xx_ll_utils.o

.debug_abbrev   0x0000000000000000      0x8fd
 .debug_abbrev  0x0000000000000000      0x182 ./Core/Src/WDG.o
 .debug_abbrev  0x0000000000000182      0x21a ./Core/Src/main.o
 .debug_abbrev  0x000000000000039c      0x129 ./Core/Src/system_stm32f4xx.o
 .debug_abbrev  0x00000000000004c5       0x12 ./Core/Startup/startup_stm32f407vgtx.o
 .debug_abbrev  0x00000000000004d7      0x1fa ./WDG_Drivers/Src/stm32f4xx_ll_rcc.o
 .debug_abbrev  0x00000000000006d1      0x22c ./WDG_Drivers/Src/stm32f4xx_ll_utils.o

.debug_aranges  0x0000000000000000      0x348
 .debug_aranges
                0x0000000000000000       0x90 ./Core/Src/WDG.o
 .debug_aranges
                0x0000000000000090       0x58 ./Core/Src/main.o
 .debug_aranges
                0x00000000000000e8       0x28 ./Core/Src/system_stm32f4xx.o
 .debug_aranges
                0x0000000000000110       0x28 ./Core/Startup/startup_stm32f407vgtx.o
 .debug_aranges
                0x0000000000000138      0x118 ./WDG_Drivers/Src/stm32f4xx_ll_rcc.o
 .debug_aranges
                0x0000000000000250       0xf8 ./WDG_Drivers/Src/stm32f4xx_ll_utils.o

.debug_ranges   0x0000000000000000      0x2f0
 .debug_ranges  0x0000000000000000       0x80 ./Core/Src/WDG.o
 .debug_ranges  0x0000000000000080       0x48 ./Core/Src/main.o
 .debug_ranges  0x00000000000000c8       0x18 ./Core/Src/system_stm32f4xx.o
 .debug_ranges  0x00000000000000e0       0x20 ./Core/Startup/startup_stm32f407vgtx.o
 .debug_ranges  0x0000000000000100      0x108 ./WDG_Drivers/Src/stm32f4xx_ll_rcc.o
 .debug_ranges  0x0000000000000208       0xe8 ./WDG_Drivers/Src/stm32f4xx_ll_utils.o

.debug_macro    0x0000000000000000    0x19c36
 .debug_macro   0x0000000000000000       0xff ./Core/Src/WDG.o
 .debug_macro   0x00000000000000ff      0xaa8 ./Core/Src/WDG.o
 .debug_macro   0x0000000000000ba7       0x2e ./Core/Src/WDG.o
 .debug_macro   0x0000000000000bd5       0x2f ./Core/Src/WDG.o
 .debug_macro   0x0000000000000c04       0x22 ./Core/Src/WDG.o
 .debug_macro   0x0000000000000c26       0x8e ./Core/Src/WDG.o
 .debug_macro   0x0000000000000cb4       0x51 ./Core/Src/WDG.o
 .debug_macro   0x0000000000000d05      0x103 ./Core/Src/WDG.o
 .debug_macro   0x0000000000000e08       0x6a ./Core/Src/WDG.o
 .debug_macro   0x0000000000000e72      0x1df ./Core/Src/WDG.o
 .debug_macro   0x0000000000001051       0x1c ./Core/Src/WDG.o
 .debug_macro   0x000000000000106d       0x22 ./Core/Src/WDG.o
 .debug_macro   0x000000000000108f       0xdf ./Core/Src/WDG.o
 .debug_macro   0x000000000000116e     0x102d ./Core/Src/WDG.o
 .debug_macro   0x000000000000219b      0x11f ./Core/Src/WDG.o
 .debug_macro   0x00000000000022ba    0x15e3c ./Core/Src/WDG.o
 .debug_macro   0x00000000000180f6       0x43 ./Core/Src/WDG.o
 .debug_macro   0x0000000000018139      0x1cf ./Core/Src/WDG.o
 .debug_macro   0x0000000000018308       0x64 ./Core/Src/WDG.o
 .debug_macro   0x000000000001836c       0x34 ./Core/Src/WDG.o
 .debug_macro   0x00000000000183a0      0x11a ./Core/Src/main.o
 .debug_macro   0x00000000000184ba       0x61 ./Core/Src/main.o
 .debug_macro   0x000000000001851b      0x79f ./Core/Src/main.o
 .debug_macro   0x0000000000018cba      0x149 ./Core/Src/main.o
 .debug_macro   0x0000000000018e03       0xe0 ./Core/Src/system_stm32f4xx.o
 .debug_macro   0x0000000000018ee3       0xfb ./WDG_Drivers/Src/stm32f4xx_ll_rcc.o
 .debug_macro   0x0000000000018fde      0x799 ./WDG_Drivers/Src/stm32f4xx_ll_rcc.o
 .debug_macro   0x0000000000019777      0x1af ./WDG_Drivers/Src/stm32f4xx_ll_utils.o
 .debug_macro   0x0000000000019926       0x5b ./WDG_Drivers/Src/stm32f4xx_ll_utils.o
 .debug_macro   0x0000000000019981      0x20a ./WDG_Drivers/Src/stm32f4xx_ll_utils.o
 .debug_macro   0x0000000000019b8b       0xab ./WDG_Drivers/Src/stm32f4xx_ll_utils.o

.debug_line     0x0000000000000000     0x2677
 .debug_line    0x0000000000000000      0x6bd ./Core/Src/WDG.o
 .debug_line    0x00000000000006bd      0x680 ./Core/Src/main.o
 .debug_line    0x0000000000000d3d      0x509 ./Core/Src/system_stm32f4xx.o
 .debug_line    0x0000000000001246       0x89 ./Core/Startup/startup_stm32f407vgtx.o
 .debug_line    0x00000000000012cf      0x990 ./WDG_Drivers/Src/stm32f4xx_ll_rcc.o
 .debug_line    0x0000000000001c5f      0xa18 ./WDG_Drivers/Src/stm32f4xx_ll_utils.o

.debug_str      0x0000000000000000    0x909a7
 .debug_str     0x0000000000000000    0x88ce2 ./Core/Src/WDG.o
                                      0x88e84 (size before relaxing)
 .debug_str     0x0000000000088ce2     0x4bf7 ./Core/Src/main.o
                                      0x8d927 (size before relaxing)
 .debug_str     0x000000000008d8d9      0x102 ./Core/Src/system_stm32f4xx.o
                                      0x87d5c (size before relaxing)
 .debug_str     0x000000000008d9db       0x36 ./Core/Startup/startup_stm32f407vgtx.o
                                         0x99 (size before relaxing)
 .debug_str     0x000000000008da11      0x584 ./WDG_Drivers/Src/stm32f4xx_ll_rcc.o
                                      0x8c2d5 (size before relaxing)
 .debug_str     0x000000000008df95     0x2a12 ./WDG_Drivers/Src/stm32f4xx_ll_utils.o
                                      0x8ea69 (size before relaxing)

.comment        0x0000000000000000       0x53
 .comment       0x0000000000000000       0x53 ./Core/Src/WDG.o
                                         0x54 (size before relaxing)
 .comment       0x0000000000000053       0x54 ./Core/Src/main.o
 .comment       0x0000000000000053       0x54 ./Core/Src/system_stm32f4xx.o
 .comment       0x0000000000000053       0x54 ./WDG_Drivers/Src/stm32f4xx_ll_rcc.o
 .comment       0x0000000000000053       0x54 ./WDG_Drivers/Src/stm32f4xx_ll_utils.o

.debug_frame    0x0000000000000000      0xc50
 .debug_frame   0x0000000000000000      0x250 ./Core/Src/WDG.o
 .debug_frame   0x0000000000000250      0x124 ./Core/Src/main.o
 .debug_frame   0x0000000000000374       0x58 ./Core/Src/system_stm32f4xx.o
 .debug_frame   0x00000000000003cc      0x460 ./WDG_Drivers/Src/stm32f4xx_ll_rcc.o
 .debug_frame   0x000000000000082c      0x3f8 ./WDG_Drivers/Src/stm32f4xx_ll_utils.o
 .debug_frame   0x0000000000000c24       0x2c c:/st/stm32cubeide_1.7.0/stm32cubeide/plugins/com.st.stm32cube.ide.mcu.externaltools.gnu-tools-for-stm32.9-2020-q2-update.win32_2.0.0.202105311346/tools/bin/../lib/gcc/arm-none-eabi/9.3.1/../../../../arm-none-eabi/lib/thumb/v7e-m+fp/hard\libc_nano.a(lib_a-init.o)
