stm32f4xx_ll_tim.h:1051:22:LL_TIM_EnableCounter	16	static
stm32f4xx_ll_tim.h:1222:22:LL_TIM_EnableARRPreload	16	static
stm32f4xx_ll_tim.h:1293:22:LL_TIM_SetCounter	16	static
stm32f4xx_ll_tim.h:1335:22:LL_TIM_SetPrescaler	16	static
stm32f4xx_ll_tim.h:1375:26:LL_TIM_GetAutoReload	16	static
stm32f4xx_ll_tim.h:1525:22:LL_TIM_CC_EnableChannel	16	static
stm32f4xx_ll_tim.h:1647:22:LL_TIM_OC_SetMode	32	static
stm32f4xx_ll_tim.h:1838:22:LL_TIM_OC_DisableFast	24	static
stm32f4xx_ll_tim.h:1882:22:LL_TIM_OC_EnablePreload	24	static
stm32f4xx_ll_tim.h:2222:22:LL_TIM_IC_SetActiveInput	32	static
stm32f4xx_ll_tim.h:2401:22:LL_TIM_IC_SetPolarity	24	static
stm32f4xx_ll_tim.h:2486:26:LL_TIM_IC_GetCaptureCH1	16	static
stm32f4xx_ll_tim.h:2502:26:LL_TIM_IC_GetCaptureCH2	16	static
stm32f4xx_ll_tim.h:2518:26:LL_TIM_IC_GetCaptureCH3	16	static
stm32f4xx_ll_tim.h:2534:26:LL_TIM_IC_GetCaptureCH4	16	static
stm32f4xx_ll_tim.h:2605:22:LL_TIM_SetClockSource	16	static
stm32f4xx_ll_tim.h:2651:22:LL_TIM_SetTriggerOutput	16	static
stm32f4xx_ll_tim.h:2717:22:LL_TIM_DisableMasterSlaveMode	16	static
stm32f4xx_ll_tim.h:3074:26:LL_TIM_IsActiveFlag_UPDATE	16	static
Timer.c:31:6:TDelay_Init	56	static
Timer.c:53:6:uDelay	16	static
Timer.c:67:6:mDelay	24	static
Timer.c:91:6:TIM_OC_Init	56	static
Timer.c:118:6:TIM_OC_CHANNEL_Init	16	static
Timer.c:125:6:TIM_IC_Init	56	static
Timer.c:144:6:TIM_IC_CHANNEL_Init	16	static
Timer.c:159:10:TIM_IC_GetCap	24	static
Timer.c:197:7:TIM_PWM_Init	40	static
Timer.c:222:6:TIM_PWM_Channel_Init	48	static
Timer.c:254:6:TIM_GPIO_Init	48	static
Timer.c:279:6:TIM_PWM_SetFreq	48	static
Timer.c:297:6:TIM_PWM_SetDuty	32	static
