12:07:45 **** Incremental Build of configuration Debug for project Gpio ****
make -j4 all 
arm-none-eabi-gcc "../Core/Src/Gpio.c" -mcpu=cortex-m4 -std=gnu11 -g3 -DDEBUG -DUSE_FULL_LL_DRIVER -DSTM32F407xx -c -I"../../../DRIVERS/CMSIS/Core/Include" -I"../../../DRIVERS/CMSIS/Device/ST/STM32F4xx/Include" -I"../../../DRIVERS/STM32F4xx_LL_Driver/GPIO_Drivers/Inc" -I"../../../Stm32-Peripheral-Drivers/Gpio Driver/Core/Inc" -O0 -ffunction-sections -fdata-sections -Wall -fstack-usage -MMD -MP -MF"Core/Src/Gpio.d" -MT"Core/Src/Gpio.o" --specs=nano.specs -mfpu=fpv4-sp-d16 -mfloat-abi=hard -mthumb -o "Core/Src/Gpio.o"
arm-none-eabi-gcc "../Core/Src/main.c" -mcpu=cortex-m4 -std=gnu11 -g3 -DDEBUG -DUSE_FULL_LL_DRIVER -DSTM32F407xx -c -I"../../../DRIVERS/CMSIS/Core/Include" -I"../../../DRIVERS/CMSIS/Device/ST/STM32F4xx/Include" -I"../../../DRIVERS/STM32F4xx_LL_Driver/GPIO_Drivers/Inc" -I"../../../Stm32-Peripheral-Drivers/Gpio Driver/Core/Inc" -O0 -ffunction-sections -fdata-sections -Wall -fstack-usage -MMD -MP -MF"Core/Src/main.d" -MT"Core/Src/main.o" --specs=nano.specs -mfpu=fpv4-sp-d16 -mfloat-abi=hard -mthumb -o "Core/Src/main.o"
arm-none-eabi-gcc -o "Gpio.elf" @"objects.list"   -mcpu=cortex-m4 -T"C:\Users\kalil\Desktop\PFA\STM2\Stm32-Peripheral-Drivers\Stm32-Peripheral-Drivers\Gpio Driver\STM32F407VGTX_FLASH.ld" --specs=nosys.specs -Wl,-Map="Gpio.map" -Wl,--gc-sections -static --specs=nano.specs -mfpu=fpv4-sp-d16 -mfloat-abi=hard -mthumb -Wl,--start-group -lc -lm -Wl,--end-group
Finished building target: Gpio.elf
 
arm-none-eabi-size   Gpio.elf 
arm-none-eabi-objdump -h -S  Gpio.elf  > "Gpio.list"
arm-none-eabi-objcopy  -O binary  Gpio.elf  "Gpio.bin"
   text	   data	    bss	    dec	    hex	filename
   1848	      8	   1568	   3424	    d60	Gpio.elf
Finished building: default.size.stdout
 
Finished building: Gpio.list
Finished building: Gpio.bin
 
 
