09:48:15 **** Incremental Build of configuration Debug for project SPI Driver ****
make -j4 all 
arm-none-eabi-gcc "../Src/main.c" -mcpu=cortex-m4 -std=gnu11 -g3 -DDEBUG -DUSE_FULL_LL_DRIVER -DSTM32F407xx -c -I../Inc -I"C:/Users/kalil/Desktop/PFA/STM2/Stm32-Peripheral-Drivers/DRIVERS/STM32F4xx_LL_Driver/SPI_Driver/Inc" -I"C:/Users/kalil/Desktop/PFA/STM2/Stm32-Peripheral-Drivers/DRIVERS/CMSIS/Include" -I"C:/Users/kalil/Desktop/PFA/STM2/Stm32-Peripheral-Drivers/DRIVERS/CMSIS/Device/ST/STM32F4xx/Include" -O0 -ffunction-sections -fdata-sections -Wall -fstack-usage -MMD -MP -MF"Src/main.d" -MT"Src/main.o" --specs=nano.specs -mfpu=fpv4-sp-d16 -mfloat-abi=hard -mthumb -o "Src/main.o"
arm-none-eabi-gcc -o "SPI Driver.elf" @"objects.list"   -mcpu=cortex-m4 -T"C:\Users\kalil\Desktop\PFA\STM2\Stm32-Peripheral-Drivers\SPI Driver\STM32F407VGTX_FLASH.ld" --specs=nosys.specs -Wl,-Map="SPI Driver.map" -Wl,--gc-sections -static --specs=nano.specs -mfpu=fpv4-sp-d16 -mfloat-abi=hard -mthumb -Wl,--start-group -lc -lm -Wl,--end-group
Finished building target: SPI Driver.elf
 
arm-none-eabi-size   SPI\ Driver.elf 
arm-none-eabi-objdump -h -S  SPI\ Driver.elf  > "SPI Driver.list"
arm-none-eabi-objcopy  -O binary  SPI\ Driver.elf  "SPI Driver.bin"
   text	   data	    bss	    dec	    hex	filename
   2632	     12	   1564	   4208	   1070	SPI Driver.elf
Finished building: default.size.stdout
Finished building: SPI Driver.bin
Finished building: SPI Driver.list
 
 
 

09:48:24 Build Finished. 0 errors, 0 warnings. (took 9s.275ms)

