core_cm4.h:1688:22:__NVIC_EnableIRQ	16	static
core_cm4.h:1816:22:__NVIC_SetPriority	16	static
stm32f4xx_ll_adc.h:2454:22:LL_ADC_REG_SetSequencerRanks	32	static,ignoring_inline_asm
stm32f4xx_ll_adc.h:2686:22:LL_ADC_REG_SetFlagEndOfConversion	16	static
stm32f4xx_ll_adc.h:3240:22:LL_ADC_SetChannelSamplingTime	48	static,ignoring_inline_asm
stm32f4xx_ll_adc.h:3842:22:LL_ADC_Disable	16	static
stm32f4xx_ll_adc.h:3882:22:LL_ADC_REG_StartConversionSWStart	16	static
stm32f4xx_ll_adc.h:3935:26:LL_ADC_REG_ReadConversionData32	16	static
stm32f4xx_ll_adc.h:4251:26:LL_ADC_IsActiveFlag_EOCS	16	static
stm32f4xx_ll_adc.h:4536:22:LL_ADC_EnableIT_EOCS	16	static
stm32f4xx_ll_adc.h:4547:22:LL_ADC_EnableIT_OVR	16	static
stm32f4xx_ll_adc.h:4559:22:LL_ADC_EnableIT_JEOS	16	static
stm32f4xx_ll_adc.h:4574:22:LL_ADC_EnableIT_AWD1	16	static
stm32f4xx_ll_adc.h:4589:22:LL_ADC_DisableIT_EOCS	16	static
stm32f4xx_ll_adc.h:4600:22:LL_ADC_DisableIT_OVR	16	static
stm32f4xx_ll_adc.h:4612:22:LL_ADC_DisableIT_JEOS	16	static
stm32f4xx_ll_adc.h:4627:22:LL_ADC_DisableIT_AWD1	16	static
ADC.c:25:6:ADC_GPIO_Init	40	static
ADC.c:42:6:ADC_Init	32	static
ADC.c:62:6:ADC_REG_Init	40	static
ADC.c:88:6:ADC_Com_Init	32	static
ADC.c:108:6:ADC_Channel_Init	24	static
ADC.c:120:10:ADC_Read	16	static
ADC.c:137:6:ADC_IRQ_Init	16	static
ADC.c:160:6:ADC_IType_Enable	16	static
ADC.c:199:6:ADC_IType_Disable	16	static
