stm32f4xx_ll_gpio.h:274:22:LL_GPIO_SetPinMode	40	static,ignoring_inline_asm
stm32f4xx_ll_gpio.h:801:26:LL_GPIO_IsInputPinSet	16	static
stm32f4xx_ll_gpio.h:940:22:LL_GPIO_TogglePin	24	static
stm32f4xx_ll_adc.h:3831:22:LL_ADC_Enable	16	static
stm32f4xx_ll_adc.h:3882:22:LL_ADC_REG_StartConversionSWStart	16	static
stm32f4xx_ll_adc.h:3935:26:LL_ADC_REG_ReadConversionData32	16	static
stm32f4xx_ll_adc.h:4251:26:LL_ADC_IsActiveFlag_EOCS	16	static
stm32f4xx_ll_adc.h:4262:26:LL_ADC_IsActiveFlag_OVR	16	static
stm32f4xx_ll_adc.h:4304:22:LL_ADC_ClearFlag_EOCS	16	static
stm32f4xx_ll_adc.h:4643:26:LL_ADC_IsEnabledIT_EOCS	16	static
stm32f4xx_ll_adc.h:4655:26:LL_ADC_IsEnabledIT_OVR	16	static
stm32f4xx_ll_bus.h:411:22:LL_AHB1_GRP1_EnableClock	24	static
stm32f4xx_ll_bus.h:1706:22:LL_APB2_GRP1_EnableClock	24	static
main.c:27:5:main	8	static
main.c:79:6:ADC_IRQHandler	8	static
